ARM Linker, 5.03 [Build 76] [MDK-ARM Standard]

==============================================================================

Section Cross References

    lpc177x_8x_systick.o(i.SYSTICK_ExternalInit) refers to ffltui.o(.text) for __aeabi_ui2f
    lpc177x_8x_systick.o(i.SYSTICK_ExternalInit) refers to cfrcmple.o(.text) for __aeabi_cfrcmple
    lpc177x_8x_systick.o(i.SYSTICK_InternalInit) refers to lpc177x_8x_clkpwr.o(i.CLKPWR_GetCLK) for CLKPWR_GetCLK
    lpc177x_8x_systick.o(i.SYSTICK_InternalInit) refers to ffltui.o(.text) for __aeabi_ui2f
    lpc177x_8x_systick.o(i.SYSTICK_InternalInit) refers to cfrcmple.o(.text) for __aeabi_cfrcmple
    lpc177x_8x_clkpwr.o(i.CLKPWR_GetCLK) refers to system_lpc177x_8x.o(.data) for SystemCoreClock
    lpc177x_8x_clkpwr.o(i.CLKPWR_SetCLKDiv) refers to system_lpc177x_8x.o(i.SystemCoreClockUpdate) for SystemCoreClockUpdate
    lpc177x_8x_emc.o(i.DynMem_Init) refers to lpc177x_8x_pinsel.o(i.PINSEL_ConfigPin) for PINSEL_ConfigPin
    lpc177x_8x_emc.o(i.DynMem_Init) refers to lpc177x_8x_emc.o(i.EMC_PwrOn) for EMC_PwrOn
    lpc177x_8x_emc.o(i.DynMem_Init) refers to lpc177x_8x_emc.o(i.EMC_ConfigEndianMode) for EMC_ConfigEndianMode
    lpc177x_8x_emc.o(i.DynMem_Init) refers to lpc177x_8x_emc.o(i.EMC_DynCtrlSelfRefresh) for EMC_DynCtrlSelfRefresh
    lpc177x_8x_emc.o(i.DynMem_Init) refers to lpc177x_8x_emc.o(i.EMC_DynCtrlPowerDownMode) for EMC_DynCtrlPowerDownMode
    lpc177x_8x_emc.o(i.DynMem_Init) refers to lpc177x_8x_emc.o(i.EMC_DynCtrlClockEnable) for EMC_DynCtrlClockEnable
    lpc177x_8x_emc.o(i.DynMem_Init) refers to lpc177x_8x_emc.o(i.EMC_DynCtrlMMC) for EMC_DynCtrlMMC
    lpc177x_8x_emc.o(i.DynMem_Init) refers to lpc177x_8x_emc.o(i.EMC_DynCtrlClockControl) for EMC_DynCtrlClockControl
    lpc177x_8x_emc.o(i.DynMem_Init) refers to lpc177x_8x_emc.o(i.EMC_SetDynMemoryParameter) for EMC_SetDynMemoryParameter
    lpc177x_8x_emc.o(i.DynMem_Init) refers to lpc177x_8x_emc.o(i.EMC_DynMemRAS) for EMC_DynMemRAS
    lpc177x_8x_emc.o(i.DynMem_Init) refers to lpc177x_8x_emc.o(i.EMC_DynMemCAS) for EMC_DynMemCAS
    lpc177x_8x_emc.o(i.DynMem_Init) refers to lpc177x_8x_emc.o(i.EMC_DynMemConfigMD) for EMC_DynMemConfigMD
    lpc177x_8x_emc.o(i.DynMem_Init) refers to lpc177x_8x_emc.o(i.EMC_DynMemConfigAM) for EMC_DynMemConfigAM
    lpc177x_8x_emc.o(i.EMC_Init) refers to lpc177x_8x_clkpwr.o(i.CLKPWR_GetCLK) for CLKPWR_GetCLK
    lpc177x_8x_emc.o(i.EMC_Init) refers to lpc177x_8x_clkpwr.o(i.CLKPWR_SetCLKDiv) for CLKPWR_SetCLKDiv
    lpc177x_8x_emc.o(i.EMC_Init) refers to lpc177x_8x_pinsel.o(i.PINSEL_ConfigPin) for PINSEL_ConfigPin
    lpc177x_8x_emc.o(i.EMC_NS2CLK) refers to lpc177x_8x_clkpwr.o(i.CLKPWR_GetCLK) for CLKPWR_GetCLK
    lpc177x_8x_emc.o(i.EMC_NS2CLK) refers to uldiv.o(.text) for __aeabi_uldivmod
    lpc177x_8x_emc.o(i.EMC_PwrOn) refers to lpc177x_8x_clkpwr.o(i.CLKPWR_GetCLK) for CLKPWR_GetCLK
    lpc177x_8x_emc.o(i.EMC_PwrOn) refers to lpc177x_8x_clkpwr.o(i.CLKPWR_SetCLKDiv) for CLKPWR_SetCLKDiv
    lpc177x_8x_emc.o(i.EMC_PwrOn) refers to lpc177x_8x_clkpwr.o(i.CLKPWR_ConfigPPWR) for CLKPWR_ConfigPPWR
    lpc177x_8x_emc.o(i.EMC_SDRAM_REFRESH) refers to lpc177x_8x_clkpwr.o(i.CLKPWR_GetCLK) for CLKPWR_GetCLK
    lpc177x_8x_emc.o(i.EMC_SDRAM_REFRESH) refers to uldiv.o(.text) for __aeabi_uldivmod
    lpc177x_8x_emc.o(i.StaticMem_Init) refers to lpc177x_8x_pinsel.o(i.PINSEL_ConfigPin) for PINSEL_ConfigPin
    lpc177x_8x_emc.o(i.StaticMem_Init) refers to lpc177x_8x_emc.o(i.EMC_PwrOn) for EMC_PwrOn
    lpc177x_8x_emc.o(i.StaticMem_Init) refers to lpc177x_8x_emc.o(i.EMC_StaMemConfigMW) for EMC_StaMemConfigMW
    lpc177x_8x_emc.o(i.StaticMem_Init) refers to lpc177x_8x_emc.o(i.EMC_StaMemConfigPM) for EMC_StaMemConfigPM
    lpc177x_8x_emc.o(i.StaticMem_Init) refers to lpc177x_8x_emc.o(i.EMC_StaMemConfigPB) for EMC_StaMemConfigPB
    lpc177x_8x_emc.o(i.StaticMem_Init) refers to lpc177x_8x_emc.o(i.EMC_StaMemConfigEW) for EMC_StaMemConfigEW
    lpc177x_8x_emc.o(i.StaticMem_Init) refers to lpc177x_8x_emc.o(i.EMC_SetStaMemoryParameter) for EMC_SetStaMemoryParameter
    lpc177x_8x_gpio.o(i.FIO_ByteClearValue) refers to lpc177x_8x_gpio.o(i.FIO_ByteGetPointer) for FIO_ByteGetPointer
    lpc177x_8x_gpio.o(i.FIO_ByteReadValue) refers to lpc177x_8x_gpio.o(i.FIO_ByteGetPointer) for FIO_ByteGetPointer
    lpc177x_8x_gpio.o(i.FIO_ByteSetDir) refers to lpc177x_8x_gpio.o(i.FIO_ByteGetPointer) for FIO_ByteGetPointer
    lpc177x_8x_gpio.o(i.FIO_ByteSetMask) refers to lpc177x_8x_gpio.o(i.FIO_ByteGetPointer) for FIO_ByteGetPointer
    lpc177x_8x_gpio.o(i.FIO_ByteSetValue) refers to lpc177x_8x_gpio.o(i.FIO_ByteGetPointer) for FIO_ByteGetPointer
    lpc177x_8x_gpio.o(i.FIO_ClearInt) refers to lpc177x_8x_gpio.o(i.GPIO_ClearInt) for GPIO_ClearInt
    lpc177x_8x_gpio.o(i.FIO_ClearValue) refers to lpc177x_8x_gpio.o(i.GPIO_ClearValue) for GPIO_ClearValue
    lpc177x_8x_gpio.o(i.FIO_GetIntStatus) refers to lpc177x_8x_gpio.o(i.GPIO_GetIntStatus) for GPIO_GetIntStatus
[...]
    tos.o(i.Tos_TaskStart) refers to tos_core_a.o(TOS_CORE_A) for TOS_SwitchToTask
    tos.o(i.Tos_TaskStart) refers to tos.o(.data) for Tos_TaskTcb
    tos.o(i.Tos_TaskStop) refers to tos.o(i.Tos_TaskSwitch) for Tos_TaskSwitch
    tos.o(i.Tos_TaskStop) refers to tos.o(.data) for Tos_TaskTcb
    tos.o(i.Tos_TaskSuspend) refers to tos.o(i.Tos_TaskSwitch) for Tos_TaskSwitch
    tos.o(i.Tos_TaskSuspend) refers to tos.o(.data) for Tos_TaskTcb
    tos.o(i.Tos_TaskSwitch) refers to tos.o(i.Tos_TaskRun) for Tos_TaskRun
    tos.o(i.Tos_TaskSwitch) refers to tos.o(.data) for Tos_TaskTcb
    tos.o(i.Tos_TaskSwitch) refers to tos_device.o(.data) for Tos_Device_Tab
    tos.o(i.Tos_TaskTimeout) refers to tos.o(.data) for Tos_TaskTcb
    tos.o(i.Tos_WaitDev) refers to tos.o(i.Tos_TaskSwitch) for Tos_TaskSwitch
    tos.o(i.Tos_WaitDev) refers to tos.o(.data) for Tos_TaskCurrent
    tos_timer.o(i.Tos_CreateTimer) refers to tos_mema.o(i.Mema_Malloc) for Mema_Malloc
    tos_timer.o(i.Tos_CreateTimer) refers to tos_timer.o(.data) for Tos_Timer_P
    tos_timer.o(i.Tos_CreateTimer) refers to tos_timer.o(i.Tos_ExecuteTimer) for Tos_ExecuteTimer
    tos_timer.o(i.Tos_DeleteTimer) refers to tos_mema.o(i.Mema_Free) for Mema_Free
    tos_timer.o(i.Tos_DeleteTimer) refers to tos_timer.o(.data) for Tos_Timer_P
    tos_timer.o(i.Tos_ExecuteTimer) refers to tos_timer.o(.data) for Tos_Timer_P
    tos_timer.o(i.Tos_ScanTimer) refers to tos_timer.o(.data) for Tos_Timer_P
    tos_timer.o(i.Tos_TimerReady) refers to tos_timer.o(.data) for Tos_Timer_P
    tos_core_a.o(TOS_CORE_A) refers to tos.o(.data) for gpuiCurTaskSpAddr
    lockcode.o(i.AppLicense) refers to lockcode.o(i.GetLockCrcCode) for GetLockCrcCode
    lockcode.o(i.AppLicense) refers to lockcode.o(.constdata) for CodeTab
    lockcode.o(i.GetLockCrcCode) refers to cheakout.o(i.Tools_GetCRC16) for Tools_GetCRC16
    tos_mema.o(i.Mema_Count) refers to tos_mema.o(.data) for RootMema
    tos_mema.o(i.Mema_Extend) refers to tos_mema.o(i.Mema_Malloc) for Mema_Malloc
    tos_mema.o(i.Mema_Extend) refers to text.o(i.BufferCoppy) for BufferCoppy
    tos_mema.o(i.Mema_Extend) refers to tos_mema.o(i.Mema_Free) for Mema_Free
    tos_mema.o(i.Mema_Free) refers to tos_mema.o(.data) for RootMema
    tos_mema.o(i.Mema_Init) refers to tos_mema.o(.data) for RootMema
    tos_mema.o(i.Mema_Malloc) refers to tos_mema.o(.data) for RootMema
    tos_device.o(i.DeviceList_Init) refers to tos_mema.o(i.Mema_Malloc) for Mema_Malloc
    tos_device.o(i.DeviceList_Init) refers to tos_device.o(.data) for DeviceId_Index
    tos_device.o(i.DeviceList_Printf) refers to debug.o(i.DeBug) for DeBug
    tos_device.o(i.DeviceList_Printf) refers to tos_device.o(.data) for Tos_Device_Tab
    tos_device.o(i.DeviceUnMount) refers to tos_device.o(.data) for Tos_Device_Tab
    tos_device.o(i.Device_Count) refers to tos_device.o(.data) for Tos_Device_Tab
    tos_device.o(i.Device_Init) refers to debug.o(i.DeBug) for DeBug
    tos_device.o(i.Device_Init) refers to tos_device.o(.data) for Tos_Device_Tab
    tos_device.o(i.Device_Ok) refers to tos_device.o(.data) for Tos_Device_Tab
    tos_device.o(i.Tos_TaskDropDev) refers to tos_device.o(.data) for Tos_Device_Tab
    tos_device.o(i.Tos_TaskDropDev) refers to tos.o(.data) for Tos_TaskCurrent
    tos_device.o(i.Tos_TaskGetDev) refers to tos.o(i.Tos_WaitDev) for Tos_WaitDev
    tos_device.o(i.Tos_TaskGetDev) refers to tos_device.o(.data) for Tos_Device_Tab
    tos_device.o(i.Tos_TaskGetDev) refers to tos.o(.data) for Tos_TaskCurrent
    debug.o(i.DeBug) refers to tos_mema.o(i.Mema_Malloc) for Mema_Malloc
    debug.o(i.DeBug) refers to printfa.o(i.__0vsprintf) for vsprintf
    debug.o(i.DeBug) refers to debug.o(i.GetChar_List) for GetChar_List
    debug.o(i.DeBug) refers to dfixi.o(.text) for __aeabi_d2iz
    debug.o(i.DeBug) refers to text.o(i.StringEndingAppend) for StringEndingAppend
    debug.o(i.DeBug) refers to text.o(i.GetTextLength) for GetTextLength
    debug.o(i.DeBug) refers to tos_mema.o(i.Mema_Free) for Mema_Free
    debug.o(i.DeBug) refers to debug.o(.data) for DeBug_EN
    debug.o(i.DeBug) refers to tos.o(.data) for Tos_TaskCurrent
    debug.o(i.DeBug_Drop) refers to debug.o(.data) for DeBug_EN
    debug.o(i.DeBug_Get) refers to tos.o(.data) for Tos_TaskCurrent
    debug.o(i.DeBug_Get) refers to debug.o(.data) for DeBug_EN
    debug.o(i.DeBug_OutSet) refers to debug.o(.data) for DeBug_Out
    debug.o(i.DeBug_SetCallBack) refers to debug.o(.data) for DeBug_CB
    debug.o(i.DeBug_SetType) refers to debug.o(.data) for DeBug_Type
    modbus.o(i.ModBus_Clear) refers to text.o(i.ClearWithBuffer) for ClearWithBuffer
    modbus.o(i.ModBus_CreateMsg) refers to text.o(i.BufferCoppy) for BufferCoppy
    modbus.o(i.ModBus_CreateMsg) refers to cheakout.o(i.Tools_GetCRC16) for Tools_GetCRC16
    modbus.o(i.ModBus_CreateMsg) refers to cheakout.o(i.Tools_GetXOR8) for Tools_GetXOR8
    modbus.o(i.ModBus_Expend) refers to cheakout.o(i.Tools_GetXOR8) for Tools_GetXOR8
    modbus.o(i.ModBus_Expend) refers to cheakout.o(i.Tools_GetCRC16) for Tools_GetCRC16
    modbus.o(i.ModBus_Expend) refers to text.o(i.GetWordFromBytes) for GetWordFromBytes
    modbus.o(i.MyCom_AppendCrc) refers to cheakout.o(i.Tools_GetCRC16) for Tools_GetCRC16
    modbus.o(i.MyCom_AppendCrc) refers to text.o(i.SetWordToBytes) for SetWordToBytes
    modbus.o(i.MyCom_CheckCrc) refers to cheakout.o(i.Tools_GetCRC16) for Tools_GetCRC16
    modbus.o(i.MyCom_CheckCrc) refers to text.o(i.GetWordFromBytes) for GetWordFromBytes
    modbus.o(i.MyCom_SendMsg) refers to text.o(i.SetWordToBytes) for SetWordToBytes
    modbus.o(i.MyCom_SendMsg) refers to text.o(i.BufferCoppy) for BufferCoppy
    modbus.o(i.MyCom_SendMsg) refers to modbus.o(i.MyCom_AppendCrc) for MyCom_AppendCrc
    text.o(i.Abs) refers to cfrcmple.o(.text) for __aeabi_cfrcmple
    text.o(i.Abs) refers to fadd.o(.text) for __aeabi_frsub
    text.o(i.CompareWithString) refers to text.o(i.GetTextLength) for GetTextLength
    text.o(i.DispersionRatioByWords) refers to text.o(i.AvrFilter_ByWords) for AvrFilter_ByWords
    text.o(i.DispersionRatioByWords) refers to dflti.o(.text) for __aeabi_i2d
    text.o(i.DispersionRatioByWords) refers to dfltui.o(.text) for __aeabi_ui2d
    text.o(i.DispersionRatioByWords) refers to dadd.o(.text) for __aeabi_dadd
    text.o(i.DispersionRatioByWords) refers to dfixui.o(.text) for __aeabi_d2uiz
    text.o(i.FindFloatFromString) refers to text.o(i.GetTextLength) for GetTextLength
    text.o(i.FindHexFromString) refers to text.o(i.GetTextLength) for GetTextLength
    text.o(i.FindNumFromString) refers to text.o(i.GetTextLength) for GetTextLength
    text.o(i.FmtToBuf) refers to printfa.o(i.__0vsprintf) for vsprintf
    text.o(i.GetFileNameFormat) refers to text.o(i.StringSearchKey) for StringSearchKey
    text.o(i.GetStringByFmt) refers to printfa.o(i.__0vsprintf) for vsprintf
    text.o(i.GetStringByFmt) refers to text.o(i.GetTextLength) for GetTextLength
    text.o(i.GetStringFromNumber) refers to cfcmple.o(.text) for __aeabi_cfcmple
    text.o(i.GetStringFromNumber) refers to fadd.o(.text) for __aeabi_fsub
    text.o(i.GetStringFromNumber) refers to ffixi.o(.text) for __aeabi_f2iz
    text.o(i.GetStringFromNumber) refers to fflti.o(.text) for __aeabi_i2f
    text.o(i.GetStringFromNumber) refers to fmul.o(.text) for __aeabi_fmul
    text.o(i.GetStringFromNumber) refers to ffixui.o(.text) for __aeabi_f2uiz
    text.o(i.GetStringFromNumber) refers to ffltui.o(.text) for __aeabi_ui2f
    text.o(i.GetStringToNumber) refers to fmul.o(.text) for __aeabi_fmul
    text.o(i.GetStringToNumber) refers to fflti.o(.text) for __aeabi_i2f
    text.o(i.GetStringToNumber) refers to fadd.o(.text) for __aeabi_fadd
    text.o(i.GetStringToNumber) refers to f2d.o(.text) for __aeabi_f2d
    text.o(i.GetStringToNumber) refers to dmul.o(.text) for __aeabi_dmul
    text.o(i.GetStringToNumber) refers to d2f.o(.text) for __aeabi_d2f
    text.o(i.HtmlGetGB2312) refers to text.o(i.GetHexFromString) for GetHexFromString
    text.o(i.IPUint32ToString) refers to ffltui.o(.text) for __aeabi_ui2f
    text.o(i.IPUint32ToString) refers to text.o(i.GetStringFromNumber) for GetStringFromNumber
    text.o(i.IpPortToString) refers to ffltui.o(.text) for __aeabi_ui2f
    text.o(i.IpPortToString) refers to text.o(i.GetStringFromNumber) for GetStringFromNumber
    text.o(i.StringEndingAppend) refers to text.o(i.GetTextLength) for GetTextLength
    text.o(i.StringHeadAppend) refers to text.o(i.StringCoppy) for StringCoppy
    text.o(i.StringHeadAppend) refers to text.o(i.StringEndingAppend) for StringEndingAppend
    text.o(i.StringToUpperLower) refers to text.o(i.CharToUpperLower) for CharToUpperLower
    text.o(i._GetStringToNumber) refers to ffltui.o(.text) for __aeabi_ui2f
    text.o(i._GetStringToNumber) refers to fmul.o(.text) for __aeabi_fmul
    text.o(i._GetStringToNumber) refers to fadd.o(.text) for __aeabi_fadd
    text.o(i._GetStringToNumber) refers to fdiv.o(.text) for __aeabi_fdiv
    cheakout.o(i.Tools_GetCRC16) refers to cheakout.o(.constdata) for Crc16_TableH
    operation.o(i.Fulye) refers to dflti.o(.text) for __aeabi_i2d
    operation.o(i.Fulye) refers to ddiv.o(.text) for __aeabi_ddiv
    operation.o(i.Fulye) refers to dmul.o(.text) for __aeabi_dmul
    operation.o(i.Fulye) refers to sin.o(i.sin) for sin
    operation.o(i.Fulye) refers to dadd.o(.text) for __aeabi_dsub
    operation.o(i.Opera_WhithADCFloat) refers to cfcmple.o(.text) for __aeabi_cfcmple
    operation.o(i.Opera_WhithADCFloat) refers to fadd.o(.text) for __aeabi_frsub
    operation.o(i.Opera_WhithADCFloat) refers to f2d.o(.text) for __aeabi_f2d
    operation.o(i.Opera_WhithADCFloat) refers to dmul.o(.text) for __aeabi_dmul
    operation.o(i.Opera_WhithADCFloat) refers to ddiv.o(.text) for __aeabi_ddiv
    operation.o(i.Opera_WhithADCFloat) refers to d2f.o(.text) for __aeabi_d2f
    operation.o(i.Opera_WhithADCFloat) refers to cfrcmple.o(.text) for __aeabi_cfrcmple
    main.o(i.GLCD_Clear) refers to main.o(i.GLCD_SetPixel_16bpp) for GLCD_SetPixel_16bpp
    main.o(i.GLCD_Config) refers to lpc177x_8x_pinsel.o(i.PINSEL_ConfigPin) for PINSEL_ConfigPin
    main.o(i.GLCD_Config) refers to lpc177x_8x_gpio.o(i.GPIO_SetDir) for GPIO_SetDir
    main.o(i.GLCD_Config) refers to lpc177x_8x_gpio.o(i.GPIO_SetValue) for GPIO_SetValue
    main.o(i.GLCD_Config) refers to lpc177x_8x_clkpwr.o(i.CLKPWR_ConfigPPWR) for CLKPWR_ConfigPPWR
    main.o(i.GLCD_Config) refers to main.o(i.LCD_ClockDivide) for LCD_ClockDivide
    main.o(i.GLCD_DrawLine) refers to main.o(i.GLCD_SetPixel_16bpp) for GLCD_SetPixel_16bpp
    main.o(i.GLCD_Init) refers to main.o(i.GLCD_Ctrl) for GLCD_Ctrl
    main.o(i.GLCD_Init) refers to main.o(i.GLCD_Config) for GLCD_Config
    main.o(i.GUI_Text) refers to main.o(i.PutChar) for PutChar
    main.o(i.GetASCIICode) refers to memcpya.o(.text) for __aeabi_memcpy
    main.o(i.GetASCIICode) refers to main.o(.constdata) for AsciiLib
    main.o(i.LCD_ClockDivide) refers to system_lpc177x_8x.o(.data) for SystemCoreClock
    main.o(i.PutChar) refers to main.o(i.GetASCIICode) for GetASCIICode
    main.o(i.PutChar) refers to main.o(i.GLCD_SetPixel_16bpp) for GLCD_SetPixel_16bpp
    main.o(i.Task0) refers to sdram_k4s561632c_32m_16bit.o(i.SDRAM_32M_16BIT_Init) for SDRAM_32M_16BIT_Init
    main.o(i.Task0) refers to main.o(i.GLCD_Init) for GLCD_Init
    main.o(i.Task0) refers to main.o(i.GLCD_Clear) for GLCD_Clear
    main.o(i.Task0) refers to tos.o(i.Tos_TaskDelay) for Tos_TaskDelay
    main.o(i.Task0) refers to main.o(i.GUI_Text) for GUI_Text
    main.o(i.Task1) refers to tos.o(i.Tos_TaskDelay) for Tos_TaskDelay
    main.o(i.main) refers to tos_mema.o(i.Mema_Init) for Mema_Init
    main.o(i.main) refers to tos_device.o(i.DeviceList_Init) for DeviceList_Init
    main.o(i.main) refers to tos.o(i.Tos_ListCreate) for Tos_ListCreate
    main.o(i.main) refers to tos_mema.o(.bss) for MemBuf
    main.o(i.main) refers to main.o(.constdata) for TaskList
    main.o(i.tos_main) refers to main.o(i.main) for main
    main.o(.constdata) refers to main.o(i.Task0) for Task0
    main.o(.constdata) refers to main.o(.conststring) for .conststring
    main.o(.constdata) refers to main.o(i.Task1) for Task1
    sin.o(i.__softfp_sin) refers (Special) to iusefp.o(.text) for __I$use$fp
    sin.o(i.__softfp_sin) refers to sin.o(i.sin) for sin
    sin.o(i.sin) refers (Special) to iusefp.o(.text) for __I$use$fp
    sin.o(i.sin) refers to errno.o(i.__set_errno) for __set_errno
    sin.o(i.sin) refers to ddiv.o(.text) for __aeabi_ddiv
    sin.o(i.sin) refers to dscalb.o(.text) for __ARM_scalbn
    sin.o(i.sin) refers to rred.o(i.__ieee754_rem_pio2) for __ieee754_rem_pio2
    sin.o(i.sin) refers to cos_i.o(i.__kernel_cos) for __kernel_cos
    sin.o(i.sin) refers to sin_i.o(i.__kernel_sin) for __kernel_sin
    sin_x.o(i.____softfp_sin$lsc) refers (Special) to iusefp.o(.text) for __I$use$fp
    sin_x.o(i.____softfp_sin$lsc) refers to sin_x.o(i.__sin$lsc) for __sin$lsc
    sin_x.o(i.__sin$lsc) refers (Special) to iusefp.o(.text) for __I$use$fp
    sin_x.o(i.__sin$lsc) refers to errno.o(i.__set_errno) for __set_errno
    sin_x.o(i.__sin$lsc) refers to dscalb.o(.text) for __ARM_scalbn
    sin_x.o(i.__sin$lsc) refers to rred.o(i.__ieee754_rem_pio2) for __ieee754_rem_pio2
    sin_x.o(i.__sin$lsc) refers to cos_i.o(i.__kernel_cos) for __kernel_cos
    sin_x.o(i.__sin$lsc) refers to sin_i.o(i.__kernel_sin) for __kernel_sin
    entry.o(.ARM.Collect$$$$00000000) refers (Special) to entry10a.o(.ARM.Collect$$$$0000000D) for __rt_final_cpp
    entry.o(.ARM.Collect$$$$00000000) refers (Special) to entry11a.o(.ARM.Collect$$$$0000000F) for __rt_final_exit
    entry.o(.ARM.Collect$$$$00000000) refers (Special) to entry7b.o(.ARM.Collect$$$$00000008) for _main_clock
    entry.o(.ARM.Collect$$$$00000000) refers (Special) to entry8b.o(.ARM.Collect$$$$0000000A) for _main_cpp_init
    entry.o(.ARM.Collect$$$$00000000) refers (Special) to entry9a.o(.ARM.Collect$$$$0000000B) for _main_init
    entry.o(.ARM.Collect$$$$00000000) refers (Special) to entry5.o(.ARM.Collect$$$$00000004) for _main_scatterload
    entry.o(.ARM.Collect$$$$00000000) refers (Special) to entry2.o(.ARM.Collect$$$$00000001) for _main_stk
    uldiv.o(.text) refers to llushr.o(.text) for __aeabi_llsr
    uldiv.o(.text) refers to llshl.o(.text) for __aeabi_llsl
    printfa.o(i.__0fprintf) refers (Special) to iusefp.o(.text) for __I$use$fp
    printfa.o(i.__0fprintf) refers to printfa.o(i._printf_core) for _printf_core
    printfa.o(i.__0fprintf) refers to fputc.o(i.fputc) for fputc
    printfa.o(i.__0printf) refers (Special) to iusefp.o(.text) for __I$use$fp
    printfa.o(i.__0printf) refers to printfa.o(i._printf_core) for _printf_core
    printfa.o(i.__0printf) refers to fputc.o(i.fputc) for fputc
    printfa.o(i.__0printf) refers to stdout.o(.data) for __stdout
    printfa.o(i.__0snprintf) refers (Special) to iusefp.o(.text) for __I$use$fp
    printfa.o(i.__0snprintf) refers to printfa.o(i._printf_core) for _printf_core
    printfa.o(i.__0snprintf) refers to printfa.o(i._snputc) for _snputc
    printfa.o(i.__0sprintf) refers (Special) to iusefp.o(.text) for __I$use$fp
    printfa.o(i.__0sprintf) refers to printfa.o(i._printf_core) for _printf_core
    printfa.o(i.__0sprintf) refers to printfa.o(i._sputc) for _sputc
    printfa.o(i.__0vfprintf) refers (Special) to iusefp.o(.text) for __I$use$fp
    printfa.o(i.__0vfprintf) refers to printfa.o(i._printf_core) for _printf_core
    printfa.o(i.__0vfprintf) refers to fputc.o(i.fputc) for fputc
    printfa.o(i.__0vprintf) refers (Special) to iusefp.o(.text) for __I$use$fp
    printfa.o(i.__0vprintf) refers to printfa.o(i._printf_core) for _printf_core
    printfa.o(i.__0vprintf) refers to fputc.o(i.fputc) for fputc
    printfa.o(i.__0vprintf) refers to stdout.o(.data) for __stdout
    printfa.o(i.__0vsnprintf) refers (Special) to iusefp.o(.text) for __I$use$fp
    printfa.o(i.__0vsnprintf) refers to printfa.o(i._printf_core) for _printf_core
    printfa.o(i.__0vsnprintf) refers to printfa.o(i._snputc) for _snputc
    printfa.o(i.__0vsprintf) refers (Special) to iusefp.o(.text) for __I$use$fp
    printfa.o(i.__0vsprintf) refers to printfa.o(i._printf_core) for _printf_core
    printfa.o(i.__0vsprintf) refers to printfa.o(i._sputc) for _sputc
    printfa.o(i._fp_digits) refers (Special) to iusefp.o(.text) for __I$use$fp
    printfa.o(i._fp_digits) refers to dmul.o(.text) for __aeabi_dmul
    printfa.o(i._fp_digits) refers to ddiv.o(.text) for __aeabi_ddiv
    printfa.o(i._fp_digits) refers to cdrcmple.o(.text) for __aeabi_cdrcmple
    printfa.o(i._fp_digits) refers to dadd.o(.text) for __aeabi_dadd
    printfa.o(i._fp_digits) refers to dfixul.o(.text) for __aeabi_d2ulz
    printfa.o(i._fp_digits) refers to uldiv.o(.text) for __aeabi_uldivmod
    printfa.o(i._printf_core) refers (Special) to iusefp.o(.text) for __I$use$fp
    printfa.o(i._printf_core) refers to printfa.o(i._printf_pre_padding) for _printf_pre_padding
    printfa.o(i._printf_core) refers to uldiv.o(.text) for __aeabi_uldivmod
    printfa.o(i._printf_core) refers to printfa.o(i._printf_post_padding) for _printf_post_padding
    printfa.o(i._printf_core) refers to printfa.o(i._fp_digits) for _fp_digits
    printfa.o(i._printf_core) refers to uidiv.o(.text) for __aeabi_uidivmod
    printfa.o(i._printf_post_padding) refers (Special) to iusefp.o(.text) for __I$use$fp
    printfa.o(i._printf_pre_padding) refers (Special) to iusefp.o(.text) for __I$use$fp
    printfa.o(i._snputc) refers (Special) to iusefp.o(.text) for __I$use$fp
    printfa.o(i._sputc) refers (Special) to iusefp.o(.text) for __I$use$fp
    fadd.o(.text) refers (Special) to iusefp.o(.text) for __I$use$fp
    fadd.o(.text) refers to fepilogue.o(.text) for _float_epilogue
    fmul.o(.text) refers (Special) to iusefp.o(.text) for __I$use$fp
    fdiv.o(.text) refers (Special) to iusefp.o(.text) for __I$use$fp
    fdiv.o(.text) refers to fepilogue.o(.text) for _float_round
    dadd.o(.text) refers (Special) to iusefp.o(.text) for __I$use$fp
    dadd.o(.text) refers to llshl.o(.text) for __aeabi_llsl
    dadd.o(.text) refers to llsshr.o(.text) for __aeabi_lasr
    dadd.o(.text) refers to depilogue.o(.text) for _double_epilogue
    dmul.o(.text) refers (Special) to iusefp.o(.text) for __I$use$fp
    dmul.o(.text) refers to depilogue.o(.text) for _double_epilogue
    ddiv.o(.text) refers (Special) to iusefp.o(.text) for __I$use$fp
    ddiv.o(.text) refers to depilogue.o(.text) for _double_round
    fflti.o(.text) refers (Special) to iusefp.o(.text) for __I$use$fp
    fflti.o(.text) refers to fepilogue.o(.text) for _float_epilogue
    ffltui.o(.text) refers (Special) to iusefp.o(.text) for __I$use$fp
    ffltui.o(.text) refers to fepilogue.o(.text) for _float_epilogue
    dflti.o(.text) refers (Special) to iusefp.o(.text) for __I$use$fp
    dflti.o(.text) refers to depilogue.o(.text) for _double_epilogue
    dfltui.o(.text) refers (Special) to iusefp.o(.text) for __I$use$fp
    dfltui.o(.text) refers to depilogue.o(.text) for _double_epilogue
    ffixi.o(.text) refers (Special) to iusefp.o(.text) for __I$use$fp
    ffixui.o(.text) refers (Special) to iusefp.o(.text) for __I$use$fp
    dfixi.o(.text) refers (Special) to iusefp.o(.text) for __I$use$fp
    dfixi.o(.text) refers to llushr.o(.text) for __aeabi_llsr
    dfixui.o(.text) refers (Special) to iusefp.o(.text) for __I$use$fp
    dfixui.o(.text) refers to llushr.o(.text) for __aeabi_llsr
    f2d.o(.text) refers (Special) to iusefp.o(.text) for __I$use$fp
    d2f.o(.text) refers (Special) to iusefp.o(.text) for __I$use$fp
    d2f.o(.text) refers to fepilogue.o(.text) for _float_round
    cfcmple.o(.text) refers (Special) to iusefp.o(.text) for __I$use$fp
    cfrcmple.o(.text) refers (Special) to iusefp.o(.text) for __I$use$fp
    cos_i.o(i.__kernel_cos) refers (Special) to iusefp.o(.text) for __I$use$fp
    cos_i.o(i.__kernel_cos) refers to dfixi.o(.text) for __aeabi_d2iz
    cos_i.o(i.__kernel_cos) refers to dmul.o(.text) for __aeabi_dmul
    cos_i.o(i.__kernel_cos) refers to poly.o(i.__kernel_poly) for __kernel_poly
    cos_i.o(i.__kernel_cos) refers to dadd.o(.text) for __aeabi_dsub
    cos_i.o(i.__kernel_cos) refers to dscalb.o(.text) for __ARM_scalbn
    cos_i.o(i.__kernel_cos) refers to cos_i.o(.constdata) for .constdata
    cos_i.o(.constdata) refers (Special) to iusefp.o(.text) for __I$use$fp
    rred.o(i.__ieee754_rem_pio2) refers (Special) to iusefp.o(.text) for __I$use$fp
    rred.o(i.__ieee754_rem_pio2) refers to dadd.o(.text) for __aeabi_dsub
    rred.o(i.__ieee754_rem_pio2) refers to dmul.o(.text) for __aeabi_dmul
    rred.o(i.__ieee754_rem_pio2) refers to dfixi.o(.text) for __aeabi_d2iz
    rred.o(i.__ieee754_rem_pio2) refers to dflti.o(.text) for __aeabi_i2d
    rred.o(i.__ieee754_rem_pio2) refers to dfltui.o(.text) for __aeabi_ui2d
    rred.o(i.__ieee754_rem_pio2) refers to dscalb.o(.text) for __ARM_scalbn
    rred.o(i.__ieee754_rem_pio2) refers to rred.o(.constdata) for .constdata
    rred.o(i.__use_accurate_range_reduction) refers (Special) to iusefp.o(.text) for __I$use$fp
    rred.o(.constdata) refers (Special) to iusefp.o(.text) for __I$use$fp
    sin_i.o(i.__kernel_sin) refers (Special) to iusefp.o(.text) for __I$use$fp
    sin_i.o(i.__kernel_sin) refers to fpclassify.o(i.__ARM_fpclassify) for __ARM_fpclassify
    sin_i.o(i.__kernel_sin) refers to dunder.o(i.__mathlib_dbl_underflow) for __mathlib_dbl_underflow
    sin_i.o(i.__kernel_sin) refers to dmul.o(.text) for __aeabi_dmul
    sin_i.o(i.__kernel_sin) refers to poly.o(i.__kernel_poly) for __kernel_poly
    sin_i.o(i.__kernel_sin) refers to dscalb.o(.text) for __ARM_scalbn
    sin_i.o(i.__kernel_sin) refers to dadd.o(.text) for __aeabi_dsub
    sin_i.o(i.__kernel_sin) refers to sin_i.o(.constdata) for .constdata
    sin_i.o(.constdata) refers (Special) to iusefp.o(.text) for __I$use$fp
    sin_i_x.o(i.____kernel_sin$lsc) refers (Special) to iusefp.o(.text) for __I$use$fp
    sin_i_x.o(i.____kernel_sin$lsc) refers to dmul.o(.text) for __aeabi_dmul
    sin_i_x.o(i.____kernel_sin$lsc) refers to poly.o(i.__kernel_poly) for __kernel_poly
    sin_i_x.o(i.____kernel_sin$lsc) refers to dscalb.o(.text) for __ARM_scalbn
    sin_i_x.o(i.____kernel_sin$lsc) refers to dadd.o(.text) for __aeabi_dsub
    sin_i_x.o(i.____kernel_sin$lsc) refers to sin_i_x.o(.constdata) for .constdata
    sin_i_x.o(.constdata) refers (Special) to iusefp.o(.text) for __I$use$fp
    entry2.o(.ARM.Collect$$$$00000001) refers to entry2.o(.ARM.Collect$$$$00002712) for __lit__00000000
    entry2.o(.ARM.Collect$$$$00002712) refers to startup_lpc177x_8x.o(STACK) for __initial_sp
    entry2.o(__vectab_stack_and_reset_area) refers to startup_lpc177x_8x.o(STACK) for __initial_sp
    entry2.o(__vectab_stack_and_reset_area) refers to entry.o(.ARM.Collect$$$$00000000) for __main
    entry5.o(.ARM.Collect$$$$00000004) refers to init.o(.text) for __scatterload
    entry9a.o(.ARM.Collect$$$$0000000B) refers to main.o(i.main) for main
    entry9b.o(.ARM.Collect$$$$0000000C) refers to main.o(i.main) for main
    fputc.o(i.fputc) refers (Special) to iusesemip.o(.text) for __I$use$semihosting$fputc
    fputc.o(i.fputc) refers (Special) to semi.o(.text) for __semihosting_library_function
    errno.o(i.__aeabi_errno_addr) refers to errno.o(.data) for .data
    errno.o(i.__read_errno) refers to errno.o(.data) for .data
    errno.o(i.__set_errno) refers to errno.o(.data) for .data
    depilogue.o(.text) refers to llshl.o(.text) for __aeabi_llsl
    depilogue.o(.text) refers to llushr.o(.text) for __aeabi_llsr
    dfixul.o(.text) refers to llushr.o(.text) for __aeabi_llsr
    dfixul.o(.text) refers to llshl.o(.text) for __aeabi_llsl
    dunder.o(i.__mathlib_dbl_underflow) refers to dscalb.o(.text) for __ARM_scalbn
    fpclassify.o(i.__ARM_fpclassify) refers (Special) to iusefp.o(.text) for __I$use$fp
    poly.o(i.__kernel_poly) refers (Special) to iusefp.o(.text) for __I$use$fp
    poly.o(i.__kernel_poly) refers to dmul.o(.text) for __aeabi_dmul
    poly.o(i.__kernel_poly) refers to dadd.o(.text) for __aeabi_dadd
    init.o(.text) refers to entry5.o(.ARM.Collect$$$$00000004) for __main_after_scatterload


==============================================================================

Removing Unused input sections from the image.

    Removing lpc177x_8x_systick.o(.rev16_text), (4 bytes).
    Removing lpc177x_8x_systick.o(.revsh_text), (4 bytes).
    Removing lpc177x_8x_systick.o(i.SYSTICK_ExternalInit), (110 bytes).
    Removing lpc177x_8x_systick.o(i.SYSTICK_GetCurrentValue), (8 bytes).
    Removing lpc177x_8x_clkpwr.o(.rev16_text), (4 bytes).
    Removing lpc177x_8x_clkpwr.o(.revsh_text), (4 bytes).
    Removing lpc177x_8x_clkpwr.o(i.CLKPWR_DeepPowerDown), (24 bytes).
    Removing lpc177x_8x_clkpwr.o(i.CLKPWR_DeepSleep), (24 bytes).
    Removing lpc177x_8x_clkpwr.o(i.CLKPWR_PowerDown), (24 bytes).
    Removing lpc177x_8x_clkpwr.o(i.CLKPWR_SetCLKDiv), (176 bytes).
    Removing lpc177x_8x_clkpwr.o(i.CLKPWR_Sleep), (16 bytes).
    Removing lpc177x_8x_clkpwr.o(.data), (4 bytes).
    Removing lpc177x_8x_emc.o(.rev16_text), (4 bytes).
    Removing lpc177x_8x_emc.o(.revsh_text), (4 bytes).
    Removing lpc177x_8x_emc.o(i.DynMem_Init), (508 bytes).
    Removing lpc177x_8x_emc.o(i.EMC_ConfigEndianMode), (36 bytes).
    Removing lpc177x_8x_emc.o(i.EMC_DynCtrlClockControl), (36 bytes).
    Removing lpc177x_8x_emc.o(i.EMC_DynCtrlClockEnable), (36 bytes).
    Removing lpc177x_8x_emc.o(i.EMC_DynCtrlMMC), (36 bytes).
    Removing lpc177x_8x_emc.o(i.EMC_DynCtrlPowerDownMode), (36 bytes).
    Removing lpc177x_8x_emc.o(i.EMC_DynCtrlSDRAMInit), (36 bytes).
    Removing lpc177x_8x_emc.o(i.EMC_DynCtrlSelfRefresh), (28 bytes).
    Removing lpc177x_8x_emc.o(i.EMC_DynMemCAS), (200 bytes).
    Removing lpc177x_8x_emc.o(i.EMC_DynMemConfigAM), (740 bytes).
    Removing lpc177x_8x_emc.o(i.EMC_DynMemConfigB), (184 bytes).
    Removing lpc177x_8x_emc.o(i.EMC_DynMemConfigMD), (184 bytes).
    Removing lpc177x_8x_emc.o(i.EMC_DynMemConfigP), (184 bytes).
    Removing lpc177x_8x_emc.o(i.EMC_DynMemRAS), (184 bytes).
    Removing lpc177x_8x_emc.o(i.EMC_Init), (332 bytes).
    Removing lpc177x_8x_emc.o(i.EMC_NS2CLK), (40 bytes).
    Removing lpc177x_8x_emc.o(i.EMC_PwrOn), (60 bytes).
    Removing lpc177x_8x_emc.o(i.EMC_SDRAM_REFRESH), (40 bytes).
    Removing lpc177x_8x_emc.o(i.EMC_SetDynMemoryParameter), (168 bytes).
    Removing lpc177x_8x_emc.o(i.EMC_SetStaMemoryParameter), (452 bytes).
    Removing lpc177x_8x_emc.o(i.EMC_StaMemConfigB), (184 bytes).
    Removing lpc177x_8x_emc.o(i.EMC_StaMemConfigEW), (184 bytes).
    Removing lpc177x_8x_emc.o(i.EMC_StaMemConfigMW), (208 bytes).
    Removing lpc177x_8x_emc.o(i.EMC_StaMemConfigPB), (184 bytes).
    Removing lpc177x_8x_emc.o(i.EMC_StaMemConfigPC), (184 bytes).
    Removing lpc177x_8x_emc.o(i.EMC_StaMemConfigPM), (184 bytes).
    Removing lpc177x_8x_emc.o(i.EMC_StaMemConfigpP), (184 bytes).
    Removing lpc177x_8x_emc.o(i.EMC_StaticExtendedWait), (20 bytes).
    Removing lpc177x_8x_emc.o(i.StaticMem_Init), (268 bytes).
    Removing lpc177x_8x_gpio.o(.rev16_text), (4 bytes).
    Removing lpc177x_8x_gpio.o(.revsh_text), (4 bytes).
    Removing lpc177x_8x_gpio.o(i.FIO_ByteClearValue), (34 bytes).
    Removing lpc177x_8x_gpio.o(i.FIO_ByteGetPointer), (64 bytes).
    Removing lpc177x_8x_gpio.o(i.FIO_ByteReadValue), (32 bytes).
    Removing lpc177x_8x_gpio.o(i.FIO_ByteSetDir), (50 bytes).
    Removing lpc177x_8x_gpio.o(i.FIO_ByteSetMask), (66 bytes).
    Removing lpc177x_8x_gpio.o(i.FIO_ByteSetValue), (34 bytes).
    Removing lpc177x_8x_gpio.o(i.FIO_ClearInt), (16 bytes).
    Removing lpc177x_8x_gpio.o(i.FIO_ClearValue), (16 bytes).
    Removing lpc177x_8x_gpio.o(i.FIO_GetIntStatus), (20 bytes).
    Removing lpc177x_8x_gpio.o(i.FIO_HalfWordClearValue), (32 bytes).
    Removing lpc177x_8x_gpio.o(i.FIO_HalfWordGetPointer), (64 bytes).
    Removing lpc177x_8x_gpio.o(i.FIO_HalfWordReadValue), (30 bytes).
    Removing lpc177x_8x_gpio.o(i.FIO_HalfWordSetDir), (62 bytes).
    Removing lpc177x_8x_gpio.o(i.FIO_HalfWordSetMask), (62 bytes).
    Removing lpc177x_8x_gpio.o(i.FIO_HalfWordSetValue), (32 bytes).
    Removing lpc177x_8x_gpio.o(i.FIO_IntCmd), (20 bytes).
    Removing lpc177x_8x_gpio.o(i.FIO_ReadValue), (12 bytes).
    Removing lpc177x_8x_gpio.o(i.FIO_SetDir), (20 bytes).
    Removing lpc177x_8x_gpio.o(i.FIO_SetMask), (40 bytes).
    Removing lpc177x_8x_gpio.o(i.FIO_SetValue), (16 bytes).
    Removing lpc177x_8x_gpio.o(i.GPIO_ClearInt), (32 bytes).
    Removing lpc177x_8x_gpio.o(i.GPIO_ClearValue), (20 bytes).
    Removing lpc177x_8x_gpio.o(i.GPIO_Deinit), (14 bytes).
    Removing lpc177x_8x_gpio.o(i.GPIO_GetIntStatus), (104 bytes).
    Removing lpc177x_8x_gpio.o(i.GPIO_Init), (12 bytes).
    Removing lpc177x_8x_gpio.o(i.GPIO_IntCmd), (72 bytes).
    Removing lpc177x_8x_gpio.o(i.GPIO_OutputValue), (30 bytes).
    Removing lpc177x_8x_gpio.o(i.GPIO_ReadValue), (22 bytes).
    Removing lpc177x_8x_lcd.o(.rev16_text), (4 bytes).
    Removing lpc177x_8x_lcd.o(.revsh_text), (4 bytes).
    Removing lpc177x_8x_lcd.o(i.LCD_CtrlSetup), (268 bytes).
    Removing lpc177x_8x_lcd.o(i.LCD_Cursor_Cfg), (132 bytes).
    Removing lpc177x_8x_lcd.o(i.LCD_Cursor_Enable), (44 bytes).
    Removing lpc177x_8x_lcd.o(i.LCD_Cursor_SetImage), (68 bytes).
    Removing lpc177x_8x_lcd.o(i.LCD_Enable), (100 bytes).
    Removing lpc177x_8x_lcd.o(i.LCD_FillRect), (296 bytes).
    Removing lpc177x_8x_lcd.o(i.LCD_GetBitOffset), (124 bytes).
    Removing lpc177x_8x_lcd.o(i.LCD_GetWordOffset), (40 bytes).
    Removing lpc177x_8x_lcd.o(i.LCD_Init), (484 bytes).
    Removing lpc177x_8x_lcd.o(i.LCD_LoadPic), (556 bytes).
    Removing lpc177x_8x_lcd.o(i.LCD_Move_Cursor), (88 bytes).
    Removing lpc177x_8x_lcd.o(i.LCD_PutPixel), (224 bytes).
    Removing lpc177x_8x_lcd.o(i.LCD_SetBaseAddress), (28 bytes).
    Removing lpc177x_8x_lcd.o(i.LCD_SetHorizontalTiming), (104 bytes).
    Removing lpc177x_8x_lcd.o(i.LCD_SetImage), (140 bytes).
    Removing lpc177x_8x_lcd.o(i.LCD_SetPalette), (60 bytes).
    Removing lpc177x_8x_lcd.o(i.LCD_SetPolarity), (184 bytes).
    Removing lpc177x_8x_lcd.o(i.LCD_SetVertialTiming), (88 bytes).
    Removing lpc177x_8x_lcd.o(.bss), (4144 bytes).
    Removing lpc177x_8x_lcd.o(.data), (24 bytes).
    Removing lpc177x_8x_pinsel.o(.rev16_text), (4 bytes).
    Removing lpc177x_8x_pinsel.o(.revsh_text), (4 bytes).
    Removing lpc177x_8x_pinsel.o(i.PINSEL_DacEnable), (84 bytes).
    Removing lpc177x_8x_pinsel.o(i.PINSEL_SetAnalogPinMode), (80 bytes).
    Removing lpc177x_8x_pinsel.o(i.PINSEL_SetFilter), (84 bytes).
    Removing lpc177x_8x_pinsel.o(i.PINSEL_SetHysMode), (84 bytes).
    Removing lpc177x_8x_pinsel.o(i.PINSEL_SetI2CFilter), (80 bytes).
    Removing lpc177x_8x_pinsel.o(i.PINSEL_SetI2CMode), (140 bytes).
    Removing lpc177x_8x_pinsel.o(i.PINSEL_SetInvertInput), (80 bytes).
    Removing lpc177x_8x_pinsel.o(i.PINSEL_SetOpenDrainMode), (88 bytes).
    Removing lpc177x_8x_pinsel.o(i.PINSEL_SetPinMode), (88 bytes).
    Removing lpc177x_8x_pinsel.o(i.PINSEL_SetSlewMode), (84 bytes).
    Removing system_lpc177x_8x.o(.rev16_text), (4 bytes).
    Removing system_lpc177x_8x.o(.revsh_text), (4 bytes).
    Removing system_lpc177x_8x.o(i.SystemCoreClockUpdate), (724 bytes).
    Removing startup_lpc177x_8x.o(HEAP), (0 bytes).
    Removing cpu.o(.rev16_text), (4 bytes).
    Removing cpu.o(.revsh_text), (4 bytes).
    Removing sdram_k4s561632c_32m_16bit.o(.rev16_text), (4 bytes).
    Removing sdram_k4s561632c_32m_16bit.o(.revsh_text), (4 bytes).
    Removing tos.o(i.Tos_GetTaskIDByName), (56 bytes).
    Removing tos.o(i.Tos_SetTimeout), (20 bytes).
    Removing tos.o(i.Tos_TaskCreateQmsg), (96 bytes).
    Removing tos.o(i.Tos_TaskDelayHMSM), (48 bytes).
    Removing tos.o(i.Tos_TaskDelete), (144 bytes).
    Removing tos.o(i.Tos_TaskDeleteQmsg), (92 bytes).
    Removing tos.o(i.Tos_TaskGetQMsg), (108 bytes).
    Removing tos.o(i.Tos_TaskGetQMsgDelay), (108 bytes).
    Removing tos.o(i.Tos_TaskGetState), (32 bytes).
    Removing tos.o(i.Tos_TaskPutQmsg), (132 bytes).
    Removing tos.o(i.Tos_TaskQmail), (28 bytes).
    Removing tos.o(i.Tos_TaskRecover), (52 bytes).
    Removing tos.o(i.Tos_TaskResume), (108 bytes).
    Removing tos.o(i.Tos_TaskSmail), (56 bytes).
    Removing tos.o(i.Tos_TaskStop), (76 bytes).
    Removing tos.o(i.Tos_TaskSuspend), (124 bytes).
    Removing tos.o(i.Tos_TaskTimeout), (84 bytes).
    Removing tos.o(i.Tos_WaitDev), (60 bytes).
    Removing tos_timer.o(i.Tos_CreateTimer), (116 bytes).
    Removing tos_timer.o(i.Tos_DeleteTimer), (88 bytes).
    Removing tos_timer.o(i.Tos_ExecuteTimer), (96 bytes).
    Removing lockcode.o(i.AppLicense), (44 bytes).
    Removing lockcode.o(i.GetLockCrcCode), (20 bytes).
    Removing lockcode.o(.constdata), (32 bytes).
    Removing tos_mema.o(i.Mema_Count), (28 bytes).
    Removing tos_mema.o(i.Mema_Extend), (46 bytes).
    Removing tos_device.o(i.DeviceList_Printf), (232 bytes).
    Removing tos_device.o(i.DeviceUnMount), (40 bytes).
    Removing tos_device.o(i.Device_Count), (36 bytes).
    Removing tos_device.o(i.Device_Init), (156 bytes).
    Removing tos_device.o(i.Device_Ok), (36 bytes).
    Removing tos_device.o(i.Tos_TaskDropDev), (64 bytes).
    Removing tos_device.o(i.Tos_TaskGetDev), (140 bytes).
    Removing debug.o(i.DeBug_Drop), (12 bytes).
    Removing debug.o(i.DeBug_Get), (20 bytes).
    Removing debug.o(i.DeBug_OutSet), (12 bytes).
    Removing debug.o(i.DeBug_SetCallBack), (12 bytes).
    Removing debug.o(i.DeBug_SetType), (12 bytes).
    Removing modbus.o(i.ModBus_Clear), (14 bytes).
    Removing modbus.o(i.ModBus_Create), (22 bytes).
    Removing modbus.o(i.ModBus_CreateMsg), (280 bytes).
    Removing modbus.o(i.ModBus_Expend), (364 bytes).
    Removing modbus.o(i.MyCom_AppendCrc), (36 bytes).
    Removing modbus.o(i.MyCom_CheckCrc), (48 bytes).
    Removing modbus.o(i.MyCom_SendMsg), (84 bytes).
    Removing text.o(i.ALL_TFT), (40 bytes).
    Removing text.o(i.Abs), (28 bytes).
    Removing text.o(i.AvrFilter_ByWords), (36 bytes).
    Removing text.o(i.Bcd_Decimal), (16 bytes).
    Removing text.o(i.BufferCoppy), (34 bytes).
    Removing text.o(i.BufferFill), (22 bytes).
    Removing text.o(i.BytesFindString), (82 bytes).
    Removing text.o(i.CharToUpperLower), (66 bytes).
    Removing text.o(i.ClearWithBuffer), (20 bytes).
    Removing text.o(i.CompareWithBuffer), (36 bytes).
    Removing text.o(i.CompareWithString), (60 bytes).
    Removing text.o(i.Coppy_FromConst), (24 bytes).
    Removing text.o(i.CreateTrueString), (48 bytes).
    Removing text.o(i.D16FromArray), (46 bytes).
    Removing text.o(i.D16ToArray), (36 bytes).
    Removing text.o(i.D32FromArray), (68 bytes).
    Removing text.o(i.D32ToArray), (60 bytes).
    Removing text.o(i.Decimal_Bcd), (20 bytes).
    Removing text.o(i.DispersionRatioByWords), (86 bytes).
    Removing text.o(i.FindChar_Count), (28 bytes).
    Removing text.o(i.FindFloatFromString), (150 bytes).
    Removing text.o(i.FindHexFromString), (162 bytes).
    Removing text.o(i.FindNumFromString), (138 bytes).
    Removing text.o(i.Float32FromByte), (8 bytes).
    Removing text.o(i.Float32ToByte), (32 bytes).
    Removing text.o(i.FmtToBuf), (30 bytes).
    Removing text.o(i.FromHex64), (36 bytes).
    Removing text.o(i.GPRS_CheckIpTrue), (88 bytes).
    Removing text.o(i.GetArraySum), (38 bytes).
    Removing text.o(i.GetCountSize), (30 bytes).
    Removing text.o(i.GetFileNameFormat), (86 bytes).
    Removing text.o(i.GetHexFromString), (228 bytes).
    Removing text.o(i.GetStringByFmt), (38 bytes).
    Removing text.o(i.GetStringFromNumber), (320 bytes).
    Removing text.o(i.GetStringToBool), (36 bytes).
    Removing text.o(i.GetStringToNumber), (196 bytes).
    Removing text.o(i.GetWordFromBytes), (38 bytes).
    Removing text.o(i.HtmlGetGB2312), (48 bytes).
    Removing text.o(i.IPUint32ToString), (80 bytes).
    Removing text.o(i.IpPortFromString), (118 bytes).
    Removing text.o(i.IpPortToString), (102 bytes).
    Removing text.o(i.MQTT_GetLength), (40 bytes).
    Removing text.o(i.MQTT_LegnthToByte), (34 bytes).
    Removing text.o(i.MidFilter_ByWords), (86 bytes).
    Removing text.o(i.RGB_TFT), (48 bytes).
    Removing text.o(i.SerchKeyFromBytes), (36 bytes).
    Removing text.o(i.SetWordToBytes), (22 bytes).
    Removing text.o(i.SplitWithString), (48 bytes).
    Removing text.o(i.StringCoppy), (36 bytes).
    Removing text.o(i.StringHeadAppend), (36 bytes).
    Removing text.o(i.StringReplaceChar), (26 bytes).
    Removing text.o(i.StringSearchKey), (36 bytes).
    Removing text.o(i.StringToIPUint32), (106 bytes).
    Removing text.o(i.StringToUpperLower), (26 bytes).
    Removing text.o(i.StringTrmChar), (36 bytes).
    Removing text.o(i.Strstr), (48 bytes).
    Removing text.o(i.TFT_RGB), (48 bytes).
    Removing text.o(i.ToHex64), (42 bytes).
    Removing text.o(i.Uint16ToByte), (32 bytes).
    Removing text.o(i.Uint32FromByte), (8 bytes).
    Removing text.o(i.Uint32ToByte), (32 bytes).
    Removing text.o(i.UniteNameFormat), (42 bytes).
    Removing text.o(i.VoidGetBool), (10 bytes).
    Removing text.o(i.VoidGetF32), (6 bytes).
    Removing text.o(i.VoidGetU32), (6 bytes).
    Removing text.o(i._GetStringToNumber), (176 bytes).
    Removing cheakout.o(i.Tools_GetCRC16), (64 bytes).
    Removing cheakout.o(i.Tools_GetCRC8), (56 bytes).
    Removing cheakout.o(i.Tools_GetXOR16), (26 bytes).
    Removing cheakout.o(i.Tools_GetXOR8), (26 bytes).
    Removing cheakout.o(.constdata), (512 bytes).
    Removing operation.o(i.Fulye), (696 bytes).
    Removing operation.o(i.LP_LifePlan), (284 bytes).
    Removing operation.o(i.Opera_WhithADC), (118 bytes).
    Removing operation.o(i.Opera_WhithADCFloat), (394 bytes).
    Removing main.o(.rev16_text), (4 bytes).
    Removing main.o(.revsh_text), (4 bytes).
    Removing main.o(i.GLCD_Copy_Cursor), (36 bytes).
    Removing main.o(i.GLCD_Cursor_Config), (12 bytes).
    Removing main.o(i.GLCD_Cursor_Disable), (20 bytes).
    Removing main.o(i.GLCD_Cursor_Enable), (28 bytes).
    Removing main.o(i.GLCD_DrawLine), (250 bytes).
    Removing main.o(i.GLCD_Move_Cursor), (88 bytes).
    Removing main.o(i.tos_main), (4 bytes).
    Removing fadd.o(.text), (176 bytes).
    Removing fmul.o(.text), (108 bytes).
    Removing fdiv.o(.text), (128 bytes).
    Removing fflti.o(.text), (18 bytes).
    Removing dflti.o(.text), (34 bytes).
    Removing dfltui.o(.text), (26 bytes).
    Removing ffixi.o(.text), (50 bytes).
    Removing ffixui.o(.text), (40 bytes).
    Removing dfixui.o(.text), (50 bytes).
    Removing f2d.o(.text), (38 bytes).
    Removing d2f.o(.text), (56 bytes).
    Removing cfcmple.o(.text), (20 bytes).
    Removing dscalb.o(.text), (46 bytes).

257 unused section(s) (total 26268 bytes) removed from the image.

==============================================================================

Image Symbol Table

    Local Symbols

    Symbol Name                              Value     Ov Type        Size  Object(Section)

    RESET                                    0x00000000   Section      228  startup_lpc177x_8x.o(RESET)
    ../clib/microlib/division.c              0x00000000   Number         0  uldiv.o ABSOLUTE
    ../clib/microlib/division.c              0x00000000   Number         0  uidiv.o ABSOLUTE
    ../clib/microlib/errno.c                 0x00000000   Number         0  errno.o ABSOLUTE
    ../clib/microlib/init/entry.s            0x00000000   Number         0  entry11b.o ABSOLUTE
    ../clib/microlib/init/entry.s            0x00000000   Number         0  entry8b.o ABSOLUTE
    ../clib/microlib/init/entry.s            0x00000000   Number         0  entry8a.o ABSOLUTE
    ../clib/microlib/init/entry.s            0x00000000   Number         0  entry2.o ABSOLUTE
    ../clib/microlib/init/entry.s            0x00000000   Number         0  entry7a.o ABSOLUTE
    ../clib/microlib/init/entry.s            0x00000000   Number         0  entry7b.o ABSOLUTE
    ../clib/microlib/init/entry.s            0x00000000   Number         0  entry5.o ABSOLUTE
    ../clib/microlib/init/entry.s            0x00000000   Number         0  entry.o ABSOLUTE
    ../clib/microlib/init/entry.s            0x00000000   Number         0  entry9a.o ABSOLUTE
    ../clib/microlib/init/entry.s            0x00000000   Number         0  entry9b.o ABSOLUTE
    ../clib/microlib/init/entry.s            0x00000000   Number         0  entry10a.o ABSOLUTE
    ../clib/microlib/init/entry.s            0x00000000   Number         0  entry10b.o ABSOLUTE
    ../clib/microlib/init/entry.s            0x00000000   Number         0  entry11a.o ABSOLUTE
    ../clib/microlib/longlong.c              0x00000000   Number         0  llsshr.o ABSOLUTE
    ../clib/microlib/longlong.c              0x00000000   Number         0  llshl.o ABSOLUTE
    ../clib/microlib/longlong.c              0x00000000   Number         0  llushr.o ABSOLUTE
    ../clib/microlib/printf/printf.c         0x00000000   Number         0  printfa.o ABSOLUTE
    ../clib/microlib/stdio/fputc.c           0x00000000   Number         0  fputc.o ABSOLUTE
    ../clib/microlib/stdio/semi.s            0x00000000   Number         0  semi.o ABSOLUTE
    ../clib/microlib/stdio/streams.c         0x00000000   Number         0  stdout.o ABSOLUTE
    ../clib/microlib/string/memcpy.c         0x00000000   Number         0  memcpyb.o ABSOLUTE
    ../clib/microlib/string/memcpy.c         0x00000000   Number         0  memcpya.o ABSOLUTE
    ../clib/microlib/stubs.s                 0x00000000   Number         0  iusesemip.o ABSOLUTE
    ../clib/microlib/stubs.s                 0x00000000   Number         0  iusefp.o ABSOLUTE
    ../fplib/microlib/d2f.c                  0x00000000   Number         0  d2f.o ABSOLUTE
    ../fplib/microlib/f2d.c                  0x00000000   Number         0  f2d.o ABSOLUTE
    ../fplib/microlib/fpadd.c                0x00000000   Number         0  dadd.o ABSOLUTE
    ../fplib/microlib/fpadd.c                0x00000000   Number         0  fadd.o ABSOLUTE
    ../fplib/microlib/fpdiv.c                0x00000000   Number         0  ddiv.o ABSOLUTE
    ../fplib/microlib/fpdiv.c                0x00000000   Number         0  fdiv.o ABSOLUTE
    ../fplib/microlib/fpepilogue.c           0x00000000   Number         0  fepilogue.o ABSOLUTE
    ../fplib/microlib/fpepilogue.c           0x00000000   Number         0  depilogue.o ABSOLUTE
    ../fplib/microlib/fpfix.c                0x00000000   Number         0  dfixi.o ABSOLUTE
    ../fplib/microlib/fpfix.c                0x00000000   Number         0  ffixui.o ABSOLUTE
    ../fplib/microlib/fpfix.c                0x00000000   Number         0  dfixul.o ABSOLUTE
    ../fplib/microlib/fpfix.c                0x00000000   Number         0  ffixi.o ABSOLUTE
    ../fplib/microlib/fpfix.c                0x00000000   Number         0  dfixui.o ABSOLUTE
    ../fplib/microlib/fpflt.c                0x00000000   Number         0  dflti.o ABSOLUTE
    ../fplib/microlib/fpflt.c                0x00000000   Number         0  ffltui.o ABSOLUTE
    ../fplib/microlib/fpflt.c                0x00000000   Number         0  fflti.o ABSOLUTE
    ../fplib/microlib/fpflt.c                0x00000000   Number         0  dfltui.o ABSOLUTE
    ../fplib/microlib/fpmul.c                0x00000000   Number         0  fmul.o ABSOLUTE
    ../fplib/microlib/fpmul.c                0x00000000   Number         0  dmul.o ABSOLUTE
    ../fplib/microlib/fpscalb.c              0x00000000   Number         0  dscalb.o ABSOLUTE
    ../mathlib/cos_i.c                       0x00000000   Number         0  cos_i.o ABSOLUTE
    ../mathlib/dunder.c                      0x00000000   Number         0  dunder.o ABSOLUTE
    ../mathlib/fpclassify.c                  0x00000000   Number         0  fpclassify.o ABSOLUTE
    ../mathlib/poly.c                        0x00000000   Number         0  poly.o ABSOLUTE
    ../mathlib/rred.c                        0x00000000   Number         0  rred.o ABSOLUTE
    ../mathlib/sin.c                         0x00000000   Number         0  sin_x.o ABSOLUTE
    ../mathlib/sin.c                         0x00000000   Number         0  sin.o ABSOLUTE
    ../mathlib/sin_i.c                       0x00000000   Number         0  sin_i_x.o ABSOLUTE
    ../mathlib/sin_i.c                       0x00000000   Number         0  sin_i.o ABSOLUTE
    ..\Driver\CPU.c                          0x00000000   Number         0  cpu.o ABSOLUTE
    ..\Driver\SDRAM_K4S561632C_32M_16BIT.c   0x00000000   Number         0  sdram_k4s561632c_32m_16bit.o ABSOLUTE
    ..\Libraries\CMSIS\CM3\DeviceSupport\NXP\LPC177x_8x\system_LPC177x_8x.c 0x00000000   Number         0  system_lpc177x_8x.o ABSOLUTE
    ..\Libraries\Drivers\source\lpc177x_8x_clkpwr.c 0x00000000   Number         0  lpc177x_8x_clkpwr.o ABSOLUTE
    ..\Libraries\Drivers\source\lpc177x_8x_emc.c 0x00000000   Number         0  lpc177x_8x_emc.o ABSOLUTE
    ..\Libraries\Drivers\source\lpc177x_8x_gpio.c 0x00000000   Number         0  lpc177x_8x_gpio.o ABSOLUTE
    ..\Libraries\Drivers\source\lpc177x_8x_lcd.c 0x00000000   Number         0  lpc177x_8x_lcd.o ABSOLUTE
    ..\Libraries\Drivers\source\lpc177x_8x_pinsel.c 0x00000000   Number         0  lpc177x_8x_pinsel.o ABSOLUTE
    ..\Libraries\Drivers\source\lpc177x_8x_systick.c 0x00000000   Number         0  lpc177x_8x_systick.o ABSOLUTE
    ..\Libraries\Startup\startup_LPC177x_8x.s 0x00000000   Number         0  startup_lpc177x_8x.o ABSOLUTE
    ..\Tools\CheakOut.c                      0x00000000   Number         0  cheakout.o ABSOLUTE
    ..\Tools\DeBug.c                         0x00000000   Number         0  debug.o ABSOLUTE
    ..\Tools\ModBus.c                        0x00000000   Number         0  modbus.o ABSOLUTE
    ..\Tools\Operation.c                     0x00000000   Number         0  operation.o ABSOLUTE
    ..\Tools\Text.c                          0x00000000   Number         0  text.o ABSOLUTE
    ..\Tos\LockCode.c                        0x00000000   Number         0  lockcode.o ABSOLUTE
    ..\Tos\Tos.c                             0x00000000   Number         0  tos.o ABSOLUTE
    ..\Tos\Tos_Device.c                      0x00000000   Number         0  tos_device.o ABSOLUTE
    ..\Tos\Tos_Mema.c                        0x00000000   Number         0  tos_mema.o ABSOLUTE
    ..\Tos\Tos_timer.c                       0x00000000   Number         0  tos_timer.o ABSOLUTE
    ..\Tos\tos_core_a.asm                    0x00000000   Number         0  tos_core_a.o ABSOLUTE
    ..\USER\Main.c                           0x00000000   Number         0  main.o ABSOLUTE
    ..\\Driver\\CPU.c                        0x00000000   Number         0  cpu.o ABSOLUTE
    ..\\Driver\\SDRAM_K4S561632C_32M_16BIT.c 0x00000000   Number         0  sdram_k4s561632c_32m_16bit.o ABSOLUTE
    ..\\Libraries\\CMSIS\\CM3\\DeviceSupport\\NXP\\LPC177x_8x\\system_LPC177x_8x.c 0x00000000   Number         0  system_lpc177x_8x.o ABSOLUTE
    ..\\Libraries\\Drivers\\source\\lpc177x_8x_clkpwr.c 0x00000000   Number         0  lpc177x_8x_clkpwr.o ABSOLUTE
    ..\\Libraries\\Drivers\\source\\lpc177x_8x_emc.c 0x00000000   Number         0  lpc177x_8x_emc.o ABSOLUTE
    ..\\Libraries\\Drivers\\source\\lpc177x_8x_gpio.c 0x00000000   Number         0  lpc177x_8x_gpio.o ABSOLUTE
    ..\\Libraries\\Drivers\\source\\lpc177x_8x_lcd.c 0x00000000   Number         0  lpc177x_8x_lcd.o ABSOLUTE
    ..\\Libraries\\Drivers\\source\\lpc177x_8x_pinsel.c 0x00000000   Number         0  lpc177x_8x_pinsel.o ABSOLUTE
    ..\\Libraries\\Drivers\\source\\lpc177x_8x_systick.c 0x00000000   Number         0  lpc177x_8x_systick.o ABSOLUTE
    ..\\USER\\Main.c                         0x00000000   Number         0  main.o ABSOLUTE
    cdrcmple.s                               0x00000000   Number         0  cdrcmple.o ABSOLUTE
    cfcmple.s                                0x00000000   Number         0  cfcmple.o ABSOLUTE
    cfrcmple.s                               0x00000000   Number         0  cfrcmple.o ABSOLUTE
    dc.s                                     0x00000000   Number         0  dc.o ABSOLUTE
    handlers.s                               0x00000000   Number         0  handlers.o ABSOLUTE
    init.s                                   0x00000000   Number         0  init.o ABSOLUTE
    .ARM.Collect$$$$00000000                 0x000000e4   Section        0  entry.o(.ARM.Collect$$$$00000000)
    .ARM.Collect$$$$00000001                 0x000000e4   Section        4  entry2.o(.ARM.Collect$$$$00000001)
    .ARM.Collect$$$$00000004                 0x000000e8   Section        4  entry5.o(.ARM.Collect$$$$00000004)
    .ARM.Collect$$$$00000008                 0x000000ec   Section        0  entry7b.o(.ARM.Collect$$$$00000008)
    .ARM.Collect$$$$0000000A                 0x000000ec   Section        0  entry8b.o(.ARM.Collect$$$$0000000A)
    .ARM.Collect$$$$0000000B                 0x000000ec   Section        8  entry9a.o(.ARM.Collect$$$$0000000B)
    .ARM.Collect$$$$0000000D                 0x000000f4   Section        0  entry10a.o(.ARM.Collect$$$$0000000D)
    .ARM.Collect$$$$0000000F                 0x000000f4   Section        0  entry11a.o(.ARM.Collect$$$$0000000F)
    .ARM.Collect$$$$00002712                 0x000000f4   Section        4  entry2.o(.ARM.Collect$$$$00002712)
    __lit__00000000                          0x000000f4   Data           4  entry2.o(.ARM.Collect$$$$00002712)
    .text                                    0x000000f8   Section       36  startup_lpc177x_8x.o(.text)
    .text                                    0x0000011c   Section        0  uldiv.o(.text)
    .text                                    0x0000017e   Section        0  memcpya.o(.text)
    .text                                    0x000001a2   Section        0  dadd.o(.text)
    .text                                    0x000002f0   Section        0  ffltui.o(.text)
    .text                                    0x000002fa   Section        0  iusefp.o(.text)
    i.MCU_Reset                              0x000002fa   Section        0  cpu.o(i.MCU_Reset)
    .ARM.__at_0x02FC                         0x000002fc   Section        4  startup_lpc177x_8x.o(.ARM.__at_0x02FC)
    .text                                    0x00000300   Section        0  dmul.o(.text)
    .text                                    0x000003e4   Section        0  ddiv.o(.text)
    .text                                    0x000004c2   Section        0  dfixi.o(.text)
    .text                                    0x00000500   Section       20  cfrcmple.o(.text)
    .text                                    0x00000514   Section        0  uidiv.o(.text)
    .text                                    0x00000540   Section        0  llshl.o(.text)
    .text                                    0x0000055e   Section        0  llushr.o(.text)
    .text                                    0x0000057e   Section        0  llsshr.o(.text)
    .text                                    0x000005a2   Section        0  fepilogue.o(.text)
    .text                                    0x0000060e   Section        0  depilogue.o(.text)
    .text                                    0x000006cc   Section        0  dfixul.o(.text)
    .text                                    0x000006fc   Section       40  cdrcmple.o(.text)
    .text                                    0x00000724   Section       36  init.o(.text)
    TOS_CORE_A                               0x00000748   Section       80  tos_core_a.o(TOS_CORE_A)
    i.CLKPWR_ConfigPPWR                      0x00000798   Section        0  lpc177x_8x_clkpwr.o(i.CLKPWR_ConfigPPWR)
    i.CLKPWR_GetCLK                          0x000007c8   Section        0  lpc177x_8x_clkpwr.o(i.CLKPWR_GetCLK)
    i.DeBug                                  0x00000808   Section        0  debug.o(i.DeBug)
    i.DeviceList_Init                        0x00000934   Section        0  tos_device.o(i.DeviceList_Init)
    i.FlowPoolFilter                         0x00000998   Section        0  text.o(i.FlowPoolFilter)
    i.GLCD_Clear                             0x000009d2   Section        0  main.o(i.GLCD_Clear)
    i.GLCD_Config                            0x00000a00   Section        0  main.o(i.GLCD_Config)
    GLCD_Config                              0x00000a01   Thumb Code   480  main.o(i.GLCD_Config)
    i.GLCD_Ctrl                              0x00000bfc   Section        0  main.o(i.GLCD_Ctrl)
    GLCD_Ctrl                                0x00000bfd   Thumb Code    96  main.o(i.GLCD_Ctrl)
    i.GLCD_Init                              0x00000c60   Section        0  main.o(i.GLCD_Init)
    i.GLCD_SetPixel_16bpp                    0x00000c74   Section        0  main.o(i.GLCD_SetPixel_16bpp)
    i.GPIO_GetPointer                        0x00000c8c   Section        0  lpc177x_8x_gpio.o(i.GPIO_GetPointer)
    GPIO_GetPointer                          0x00000c8d   Thumb Code    58  lpc177x_8x_gpio.o(i.GPIO_GetPointer)
    i.GPIO_SetDir                            0x00000ccc   Section        0  lpc177x_8x_gpio.o(i.GPIO_SetDir)
    i.GPIO_SetValue                          0x00000cf4   Section        0  lpc177x_8x_gpio.o(i.GPIO_SetValue)
    i.GUI_Text                               0x00000d08   Section        0  main.o(i.GUI_Text)
    i.GetASCIICode                           0x00000d58   Section        0  main.o(i.GetASCIICode)
    i.GetChar_List                           0x00000d78   Section        0  debug.o(i.GetChar_List)
    i.GetTextLength                          0x00000df8   Section        0  text.o(i.GetTextLength)
    i.LCD_ClockDivide                        0x00000e10   Section        0  main.o(i.LCD_ClockDivide)
    LCD_ClockDivide                          0x00000e11   Thumb Code    50  main.o(i.LCD_ClockDivide)
    i.Mema_Free                              0x00000e48   Section        0  tos_mema.o(i.Mema_Free)
    i.Mema_Init                              0x00000e78   Section        0  tos_mema.o(i.Mema_Init)
    i.Mema_Malloc                            0x00000e94   Section        0  tos_mema.o(i.Mema_Malloc)
    i.PINSEL_ConfigPin                       0x00000ee0   Section        0  lpc177x_8x_pinsel.o(i.PINSEL_ConfigPin)
    i.PINSEL_GetPinType                      0x00000f28   Section        0  lpc177x_8x_pinsel.o(i.PINSEL_GetPinType)
    i.PIN_GetPointer                         0x00000fcc   Section        0  lpc177x_8x_pinsel.o(i.PIN_GetPointer)
    PIN_GetPointer                           0x00000fcd   Thumb Code    18  lpc177x_8x_pinsel.o(i.PIN_GetPointer)
    i.PutChar                                0x00000fe4   Section        0  main.o(i.PutChar)
    i.SDRAM_32M_16BIT_Init                   0x00001048   Section        0  sdram_k4s561632c_32m_16bit.o(i.SDRAM_32M_16BIT_Init)
    i.SYSTICK_ClearCounterFlag               0x00001214   Section        0  lpc177x_8x_systick.o(i.SYSTICK_ClearCounterFlag)
    i.SYSTICK_Cmd                            0x00001226   Section        0  lpc177x_8x_systick.o(i.SYSTICK_Cmd)
    i.SYSTICK_IntCmd                         0x0000124e   Section        0  lpc177x_8x_systick.o(i.SYSTICK_IntCmd)
    i.SYSTICK_InternalInit                   0x00001276   Section        0  lpc177x_8x_systick.o(i.SYSTICK_InternalInit)
    i.StringEndingAppend                     0x000012d2   Section        0  text.o(i.StringEndingAppend)
    i.SysTick_Handler                        0x00001314   Section        0  cpu.o(i.SysTick_Handler)
    i.SysTick_Set                            0x00001320   Section        0  cpu.o(i.SysTick_Set)
    i.SystemInit                             0x00001338   Section        0  system_lpc177x_8x.o(i.SystemInit)
    i.Task0                                  0x0000142c   Section        0  main.o(i.Task0)
    i.Task1                                  0x000014e4   Section        0  main.o(i.Task1)
    i.Tos_ComputeCPURate                     0x000014f0   Section        0  tos.o(i.Tos_ComputeCPURate)
    i.Tos_Init                               0x0000154c   Section        0  tos.o(i.Tos_Init)
    i.Tos_ListCreate                         0x000015e4   Section        0  tos.o(i.Tos_ListCreate)
    i.Tos_RootTask                           0x00001604   Section        0  tos.o(i.Tos_RootTask)
    i.Tos_ScanTimer                          0x00001614   Section        0  tos_timer.o(i.Tos_ScanTimer)
    i.Tos_Start                              0x0000164c   Section        0  tos.o(i.Tos_Start)
    i.Tos_SysTick                            0x0000167c   Section        0  tos.o(i.Tos_SysTick)
    i.Tos_TaskCreate                         0x000016cc   Section        0  tos.o(i.Tos_TaskCreate)
    i.Tos_TaskCreateFindID                   0x0000179c   Section        0  tos.o(i.Tos_TaskCreateFindID)
    i.Tos_TaskDelay                          0x00001800   Section        0  tos.o(i.Tos_TaskDelay)
    i.Tos_TaskReady                          0x00001858   Section        0  tos.o(i.Tos_TaskReady)
    i.Tos_TaskRun                            0x00001918   Section        0  tos.o(i.Tos_TaskRun)
    i.Tos_TaskStackInit                      0x0000196c   Section        0  tos.o(i.Tos_TaskStackInit)
    i.Tos_TaskStart                          0x000019dc   Section        0  tos.o(i.Tos_TaskStart)
    i.Tos_TaskSwitch                         0x00001a00   Section        0  tos.o(i.Tos_TaskSwitch)
    i.Tos_TaskTcbInit                        0x00001aa0   Section        0  tos.o(i.Tos_TaskTcbInit)
    i.Tos_TimerReady                         0x00001ab4   Section        0  tos_timer.o(i.Tos_TimerReady)
    i.__0vsprintf                            0x00001b08   Section        0  printfa.o(i.__0vsprintf)
    i.__scatterload_copy                     0x00001b2c   Section       14  handlers.o(i.__scatterload_copy)
    i.__scatterload_null                     0x00001b3a   Section        2  handlers.o(i.__scatterload_null)
    i.__scatterload_zeroinit                 0x00001b3c   Section       14  handlers.o(i.__scatterload_zeroinit)
    i._fp_digits                             0x00001b4c   Section        0  printfa.o(i._fp_digits)
    _fp_digits                               0x00001b4d   Thumb Code   326  printfa.o(i._fp_digits)
    i._printf_core                           0x00001ca8   Section        0  printfa.o(i._printf_core)
    _printf_core                             0x00001ca9   Thumb Code  1762  printfa.o(i._printf_core)
    i._printf_post_padding                   0x00002398   Section        0  printfa.o(i._printf_post_padding)
    _printf_post_padding                     0x00002399   Thumb Code    38  printfa.o(i._printf_post_padding)
    i._printf_pre_padding                    0x000023be   Section        0  printfa.o(i._printf_pre_padding)
    _printf_pre_padding                      0x000023bf   Thumb Code    48  printfa.o(i._printf_pre_padding)
    i._sputc                                 0x000023ee   Section        0  printfa.o(i._sputc)
    _sputc                                   0x000023ef   Thumb Code    10  printfa.o(i._sputc)
    i.main                                   0x000023f8   Section        0  main.o(i.main)
    .constdata                               0x00002414   Section     1568  main.o(.constdata)
    AsciiLib                                 0x00002414   Data        1520  main.o(.constdata)
    .conststring                             0x00002a34   Section        6  main.o(.conststring)
    .data                                    0x10000000   Section       16  system_lpc177x_8x.o(.data)
    .data                                    0x10000010   Section       44  tos.o(.data)
    Count                                    0x10000010   Data           1  tos.o(.data)
    i                                        0x10000011   Data           1  tos.o(.data)
    Pool                                     0x10000014   Data           4  tos.o(.data)
    Use                                      0x10000018   Data           1  tos.o(.data)
    .data                                    0x1000003c   Section        4  tos_timer.o(.data)
    .data                                    0x10000040   Section        4  tos_mema.o(.data)
    .data                                    0x10000044   Section        8  tos_device.o(.data)
    .data                                    0x1000004c   Section        8  debug.o(.data)
    .bss                                     0x10000054   Section    40000  tos_mema.o(.bss)
    STACK                                    0x10009c98   Section     1024  startup_lpc177x_8x.o(STACK)

    Global Symbols

    Symbol Name                              Value     Ov Type        Size  Object(Section)

    BuildAttributes$$THM_ISAv4$P$D$K$B$S$PE$A:L22UL41UL21$X:L11$S22US41US21$IEEE1$IW$USESV6$~STKCKD$USESV7$~SHL$OTIME$ROPI$IEEEX$EBA8$MICROLIB$REQ8$PRES8$EABIv2 0x00000000   Number         0  anon$$obj.o ABSOLUTE
    __ARM_use_no_argv                        0x00000000   Number         0  main.o ABSOLUTE
    __Vectors                                0x00000000   Data           4  startup_lpc177x_8x.o(RESET)
    __cpp_initialize__aeabi_                  - Undefined Weak Reference
    __cxa_finalize                            - Undefined Weak Reference
    __decompress                              - Undefined Weak Reference
    _clock_init                               - Undefined Weak Reference
    _microlib_exit                            - Undefined Weak Reference
    __main                                   0x000000e5   Thumb Code     0  entry.o(.ARM.Collect$$$$00000000)
    _main_stk                                0x000000e5   Thumb Code     0  entry2.o(.ARM.Collect$$$$00000001)
    _main_scatterload                        0x000000e9   Thumb Code     0  entry5.o(.ARM.Collect$$$$00000004)
    __main_after_scatterload                 0x000000ed   Thumb Code     0  entry5.o(.ARM.Collect$$$$00000004)
    _main_clock                              0x000000ed   Thumb Code     0  entry7b.o(.ARM.Collect$$$$00000008)
    _main_cpp_init                           0x000000ed   Thumb Code     0  entry8b.o(.ARM.Collect$$$$0000000A)
    _main_init                               0x000000ed   Thumb Code     0  entry9a.o(.ARM.Collect$$$$0000000B)
    __rt_final_cpp                           0x000000f5   Thumb Code     0  entry10a.o(.ARM.Collect$$$$0000000D)
    __rt_final_exit                          0x000000f5   Thumb Code     0  entry11a.o(.ARM.Collect$$$$0000000F)
    Reset_Handler                            0x000000f9   Thumb Code     8  startup_lpc177x_8x.o(.text)
    NMI_Handler                              0x00000101   Thumb Code     2  startup_lpc177x_8x.o(.text)
    HardFault_Handler                        0x00000103   Thumb Code     2  startup_lpc177x_8x.o(.text)
    MemManage_Handler                        0x00000105   Thumb Code     2  startup_lpc177x_8x.o(.text)
    BusFault_Handler                         0x00000107   Thumb Code     2  startup_lpc177x_8x.o(.text)
    UsageFault_Handler                       0x00000109   Thumb Code     2  startup_lpc177x_8x.o(.text)
    SVC_Handler                              0x0000010b   Thumb Code     2  startup_lpc177x_8x.o(.text)
    DebugMon_Handler                         0x0000010d   Thumb Code     2  startup_lpc177x_8x.o(.text)
    PendSV_Handler                           0x0000010f   Thumb Code     2  startup_lpc177x_8x.o(.text)
    ADC_IRQHandler                           0x00000113   Thumb Code     0  startup_lpc177x_8x.o(.text)
    BOD_IRQHandler                           0x00000113   Thumb Code     0  startup_lpc177x_8x.o(.text)
    CANActivity_IRQHandler                   0x00000113   Thumb Code     0  startup_lpc177x_8x.o(.text)
    CAN_IRQHandler                           0x00000113   Thumb Code     0  startup_lpc177x_8x.o(.text)
    DMA_IRQHandler                           0x00000113   Thumb Code     0  startup_lpc177x_8x.o(.text)
    EEPROM_IRQHandler                        0x00000113   Thumb Code     0  startup_lpc177x_8x.o(.text)
    EINT0_IRQHandler                         0x00000113   Thumb Code     0  startup_lpc177x_8x.o(.text)
    EINT1_IRQHandler                         0x00000113   Thumb Code     0  startup_lpc177x_8x.o(.text)
    EINT2_IRQHandler                         0x00000113   Thumb Code     0  startup_lpc177x_8x.o(.text)
    EINT3_IRQHandler                         0x00000113   Thumb Code     0  startup_lpc177x_8x.o(.text)
    ENET_IRQHandler                          0x00000113   Thumb Code     0  startup_lpc177x_8x.o(.text)
    GPIO_IRQHandler                          0x00000113   Thumb Code     0  startup_lpc177x_8x.o(.text)
    I2C0_IRQHandler                          0x00000113   Thumb Code     0  startup_lpc177x_8x.o(.text)
    I2C1_IRQHandler                          0x00000113   Thumb Code     0  startup_lpc177x_8x.o(.text)
    I2C2_IRQHandler                          0x00000113   Thumb Code     0  startup_lpc177x_8x.o(.text)
    I2S_IRQHandler                           0x00000113   Thumb Code     0  startup_lpc177x_8x.o(.text)
    LCD_IRQHandler                           0x00000113   Thumb Code     0  startup_lpc177x_8x.o(.text)
    MCI_IRQHandler                           0x00000113   Thumb Code     0  startup_lpc177x_8x.o(.text)
    MCPWM_IRQHandler                         0x00000113   Thumb Code     0  startup_lpc177x_8x.o(.text)
    PLL0_IRQHandler                          0x00000113   Thumb Code     0  startup_lpc177x_8x.o(.text)
    PLL1_IRQHandler                          0x00000113   Thumb Code     0  startup_lpc177x_8x.o(.text)
    PWM0_IRQHandler                          0x00000113   Thumb Code     0  startup_lpc177x_8x.o(.text)
    PWM1_IRQHandler                          0x00000113   Thumb Code     0  startup_lpc177x_8x.o(.text)
    QEI_IRQHandler                           0x00000113   Thumb Code     0  startup_lpc177x_8x.o(.text)
    RTC_IRQHandler                           0x00000113   Thumb Code     0  startup_lpc177x_8x.o(.text)
    SSP0_IRQHandler                          0x00000113   Thumb Code     0  startup_lpc177x_8x.o(.text)
    SSP1_IRQHandler                          0x00000113   Thumb Code     0  startup_lpc177x_8x.o(.text)
    SSP2_IRQHandler                          0x00000113   Thumb Code     0  startup_lpc177x_8x.o(.text)
    TIMER0_IRQHandler                        0x00000113   Thumb Code     0  startup_lpc177x_8x.o(.text)
    TIMER1_IRQHandler                        0x00000113   Thumb Code     0  startup_lpc177x_8x.o(.text)
    TIMER2_IRQHandler                        0x00000113   Thumb Code     0  startup_lpc177x_8x.o(.text)
    TIMER3_IRQHandler                        0x00000113   Thumb Code     0  startup_lpc177x_8x.o(.text)
    UART0_IRQHandler                         0x00000113   Thumb Code     0  startup_lpc177x_8x.o(.text)
    UART1_IRQHandler                         0x00000113   Thumb Code     0  startup_lpc177x_8x.o(.text)
    UART2_IRQHandler                         0x00000113   Thumb Code     0  startup_lpc177x_8x.o(.text)
    UART3_IRQHandler                         0x00000113   Thumb Code     0  startup_lpc177x_8x.o(.text)
    UART4_IRQHandler                         0x00000113   Thumb Code     0  startup_lpc177x_8x.o(.text)
    USBActivity_IRQHandler                   0x00000113   Thumb Code     0  startup_lpc177x_8x.o(.text)
    USB_IRQHandler                           0x00000113   Thumb Code     0  startup_lpc177x_8x.o(.text)
    WDT_IRQHandler                           0x00000113   Thumb Code     0  startup_lpc177x_8x.o(.text)
    __aeabi_uldivmod                         0x0000011d   Thumb Code    98  uldiv.o(.text)
    __aeabi_memcpy                           0x0000017f   Thumb Code    36  memcpya.o(.text)
    __aeabi_memcpy4                          0x0000017f   Thumb Code     0  memcpya.o(.text)
    __aeabi_memcpy8                          0x0000017f   Thumb Code     0  memcpya.o(.text)
    __aeabi_dadd                             0x000001a3   Thumb Code   322  dadd.o(.text)
    __aeabi_dsub                             0x000002e5   Thumb Code     6  dadd.o(.text)
    __aeabi_drsub                            0x000002eb   Thumb Code     6  dadd.o(.text)
    __aeabi_ui2f                             0x000002f1   Thumb Code    10  ffltui.o(.text)
    MCU_Reset                                0x000002fb   Thumb Code     2  cpu.o(i.MCU_Reset)
    __I$use$fp                               0x000002fb   Thumb Code     0  iusefp.o(.text)
    __aeabi_dmul                             0x00000301   Thumb Code   228  dmul.o(.text)
    __aeabi_ddiv                             0x000003e5   Thumb Code   222  ddiv.o(.text)
    __aeabi_d2iz                             0x000004c3   Thumb Code    62  dfixi.o(.text)
    __aeabi_cfrcmple                         0x00000501   Thumb Code    20  cfrcmple.o(.text)
    __aeabi_uidiv                            0x00000515   Thumb Code     0  uidiv.o(.text)
    __aeabi_uidivmod                         0x00000515   Thumb Code    44  uidiv.o(.text)
    __aeabi_llsl                             0x00000541   Thumb Code    30  llshl.o(.text)
    _ll_shift_l                              0x00000541   Thumb Code     0  llshl.o(.text)
    __aeabi_llsr                             0x0000055f   Thumb Code    32  llushr.o(.text)
    _ll_ushift_r                             0x0000055f   Thumb Code     0  llushr.o(.text)
    __aeabi_lasr                             0x0000057f   Thumb Code    36  llsshr.o(.text)
    _ll_sshift_r                             0x0000057f   Thumb Code     0  llsshr.o(.text)
    _float_round                             0x000005a3   Thumb Code    18  fepilogue.o(.text)
    _float_epilogue                          0x000005b5   Thumb Code    90  fepilogue.o(.text)
    _double_round                            0x0000060f   Thumb Code    26  depilogue.o(.text)
    _double_epilogue                         0x00000629   Thumb Code   164  depilogue.o(.text)
    __aeabi_d2ulz                            0x000006cd   Thumb Code    48  dfixul.o(.text)
    __aeabi_cdrcmple                         0x000006fd   Thumb Code    38  cdrcmple.o(.text)
    __scatterload                            0x00000725   Thumb Code    28  init.o(.text)
    __scatterload_rt2                        0x00000725   Thumb Code     0  init.o(.text)
    TOS_ContextSwitch                        0x00000749   Thumb Code     0  tos_core_a.o(TOS_CORE_A)
    TOS_SwitchToTask                         0x0000077b   Thumb Code     0  tos_core_a.o(TOS_CORE_A)
    CLKPWR_ConfigPPWR                        0x00000799   Thumb Code    38  lpc177x_8x_clkpwr.o(i.CLKPWR_ConfigPPWR)
    CLKPWR_GetCLK                            0x000007c9   Thumb Code    46  lpc177x_8x_clkpwr.o(i.CLKPWR_GetCLK)
    DeBug                                    0x00000809   Thumb Code   278  debug.o(i.DeBug)
    DeviceList_Init                          0x00000935   Thumb Code    90  tos_device.o(i.DeviceList_Init)
    FlowPoolFilter                           0x00000999   Thumb Code    58  text.o(i.FlowPoolFilter)
    GLCD_Clear                               0x000009d3   Thumb Code    44  main.o(i.GLCD_Clear)
    GLCD_Init                                0x00000c61   Thumb Code    20  main.o(i.GLCD_Init)
    GLCD_SetPixel_16bpp                      0x00000c75   Thumb Code    18  main.o(i.GLCD_SetPixel_16bpp)
    GPIO_SetDir                              0x00000ccd   Thumb Code    40  lpc177x_8x_gpio.o(i.GPIO_SetDir)
    GPIO_SetValue                            0x00000cf5   Thumb Code    20  lpc177x_8x_gpio.o(i.GPIO_SetValue)
    GUI_Text                                 0x00000d09   Thumb Code    80  main.o(i.GUI_Text)
    GetASCIICode                             0x00000d59   Thumb Code    26  main.o(i.GetASCIICode)
    GetChar_List                             0x00000d79   Thumb Code   128  debug.o(i.GetChar_List)
    GetTextLength                            0x00000df9   Thumb Code    24  text.o(i.GetTextLength)
    Mema_Free                                0x00000e49   Thumb Code    44  tos_mema.o(i.Mema_Free)
    Mema_Init                                0x00000e79   Thumb Code    22  tos_mema.o(i.Mema_Init)
    Mema_Malloc                              0x00000e95   Thumb Code    72  tos_mema.o(i.Mema_Malloc)
    PINSEL_ConfigPin                         0x00000ee1   Thumb Code    66  lpc177x_8x_pinsel.o(i.PINSEL_ConfigPin)
    PINSEL_GetPinType                        0x00000f29   Thumb Code   164  lpc177x_8x_pinsel.o(i.PINSEL_GetPinType)
    PutChar                                  0x00000fe5   Thumb Code   100  main.o(i.PutChar)
    SDRAM_32M_16BIT_Init                     0x00001049   Thumb Code   426  sdram_k4s561632c_32m_16bit.o(i.SDRAM_32M_16BIT_Init)
    SYSTICK_ClearCounterFlag                 0x00001215   Thumb Code    18  lpc177x_8x_systick.o(i.SYSTICK_ClearCounterFlag)
    SYSTICK_Cmd                              0x00001227   Thumb Code    40  lpc177x_8x_systick.o(i.SYSTICK_Cmd)
    SYSTICK_IntCmd                           0x0000124f   Thumb Code    40  lpc177x_8x_systick.o(i.SYSTICK_IntCmd)
    SYSTICK_InternalInit                     0x00001277   Thumb Code    92  lpc177x_8x_systick.o(i.SYSTICK_InternalInit)
    StringEndingAppend                       0x000012d3   Thumb Code    66  text.o(i.StringEndingAppend)
    SysTick_Handler                          0x00001315   Thumb Code    12  cpu.o(i.SysTick_Handler)
    SysTick_Set                              0x00001321   Thumb Code    22  cpu.o(i.SysTick_Set)
    SystemInit                               0x00001339   Thumb Code   180  system_lpc177x_8x.o(i.SystemInit)
    Task0                                    0x0000142d   Thumb Code   132  main.o(i.Task0)
    Task1                                    0x000014e5   Thumb Code    10  main.o(i.Task1)
    Tos_ComputeCPURate                       0x000014f1   Thumb Code    68  tos.o(i.Tos_ComputeCPURate)
    Tos_Init                                 0x0000154d   Thumb Code   132  tos.o(i.Tos_Init)
    Tos_ListCreate                           0x000015e5   Thumb Code    32  tos.o(i.Tos_ListCreate)
    Tos_RootTask                             0x00001605   Thumb Code    14  tos.o(i.Tos_RootTask)
    Tos_ScanTimer                            0x00001615   Thumb Code    52  tos_timer.o(i.Tos_ScanTimer)
    Tos_Start                                0x0000164d   Thumb Code    32  tos.o(i.Tos_Start)
    Tos_SysTick                              0x0000167d   Thumb Code    42  tos.o(i.Tos_SysTick)
    Tos_TaskCreate                           0x000016cd   Thumb Code   204  tos.o(i.Tos_TaskCreate)
    Tos_TaskCreateFindID                     0x0000179d   Thumb Code    94  tos.o(i.Tos_TaskCreateFindID)
    Tos_TaskDelay                            0x00001801   Thumb Code    76  tos.o(i.Tos_TaskDelay)
    Tos_TaskReady                            0x00001859   Thumb Code   184  tos.o(i.Tos_TaskReady)
    Tos_TaskRun                              0x00001919   Thumb Code    66  tos.o(i.Tos_TaskRun)
    Tos_TaskStackInit                        0x0000196d   Thumb Code   110  tos.o(i.Tos_TaskStackInit)
    Tos_TaskStart                            0x000019dd   Thumb Code    28  tos.o(i.Tos_TaskStart)
    Tos_TaskSwitch                           0x00001a01   Thumb Code   148  tos.o(i.Tos_TaskSwitch)
    Tos_TaskTcbInit                          0x00001aa1   Thumb Code    18  tos.o(i.Tos_TaskTcbInit)
    Tos_TimerReady                           0x00001ab5   Thumb Code    78  tos_timer.o(i.Tos_TimerReady)
    __0vsprintf                              0x00001b09   Thumb Code    30  printfa.o(i.__0vsprintf)
    __1vsprintf                              0x00001b09   Thumb Code     0  printfa.o(i.__0vsprintf)
    __2vsprintf                              0x00001b09   Thumb Code     0  printfa.o(i.__0vsprintf)
    __c89vsprintf                            0x00001b09   Thumb Code     0  printfa.o(i.__0vsprintf)
    vsprintf                                 0x00001b09   Thumb Code     0  printfa.o(i.__0vsprintf)
    __scatterload_copy                       0x00001b2d   Thumb Code    14  handlers.o(i.__scatterload_copy)
    __scatterload_null                       0x00001b3b   Thumb Code     2  handlers.o(i.__scatterload_null)
    __scatterload_zeroinit                   0x00001b3d   Thumb Code    14  handlers.o(i.__scatterload_zeroinit)
    main                                     0x000023f9   Thumb Code    20  main.o(i.main)
    TaskList                                 0x00002a04   Data          48  main.o(.constdata)
    Region$$Table$$Base                      0x00002a3c   Number         0  anon$$obj.o(Region$$Table)
    Region$$Table$$Limit                     0x00002a5c   Number         0  anon$$obj.o(Region$$Table)
    SystemCoreClock                          0x10000000   Data           4  system_lpc177x_8x.o(.data)
    PeripheralClock                          0x10000004   Data           4  system_lpc177x_8x.o(.data)
    EMCClock                                 0x10000008   Data           4  system_lpc177x_8x.o(.data)
    USBClock                                 0x1000000c   Data           4  system_lpc177x_8x.o(.data)
    guiNextTaskSp                            0x1000001c   Data           4  tos.o(.data)
    gpuiCurTaskSpAddr                        0x10000020   Data           4  tos.o(.data)
    Tos_CPUInfor                             0x10000024   Data           8  tos.o(.data)
    Tos_TaskCurrent                          0x1000002c   Data           1  tos.o(.data)
    Tos_TaskMail                             0x10000030   Data           4  tos.o(.data)
    Tos_TaskTcb                              0x10000034   Data           4  tos.o(.data)
    Tos_TaskStackIndex                       0x10000038   Data           4  tos.o(.data)
    Tos_Timer_P                              0x1000003c   Data           4  tos_timer.o(.data)
    RootMema                                 0x10000040   Data           4  tos_mema.o(.data)
    DeviceId_Index                           0x10000044   Data           1  tos_device.o(.data)
    Tos_Device_Tab                           0x10000048   Data           4  tos_device.o(.data)
    DeBug_EN                                 0x1000004c   Data           1  debug.o(.data)
    DeBug_Out                                0x1000004d   Data           1  debug.o(.data)
    DeBug_Type                               0x1000004e   Data           1  debug.o(.data)
    DeBug_CB                                 0x10000050   Data           4  debug.o(.data)
    MemBuf                                   0x10000054   Data       40000  tos_mema.o(.bss)
    __initial_sp                             0x1000a098   Data           0  startup_lpc177x_8x.o(STACK)



==============================================================================

Memory Map of the image

  Image Entry point : 0x000000e5

  Load Region LR_IROM1 (Base: 0x00000000, Size: 0x00002ab0, Max: 0x00080000, ABSOLUTE)

    Execution Region ER_IROM1 (Base: 0x00000000, Size: 0x00002a5c, Max: 0x00080000, ABSOLUTE)

    Base Addr    Size         Type   Attr      Idx    E Section Name        Object

    0x00000000   0x000000e4   Data   RO          796    RESET               startup_lpc177x_8x.o
    0x000000e4   0x00000000   Code   RO         2075  * .ARM.Collect$$$$00000000  mc_w.l(entry.o)
    0x000000e4   0x00000004   Code   RO         2162    .ARM.Collect$$$$00000001  mc_w.l(entry2.o)
    0x000000e8   0x00000004   Code   RO         2165    .ARM.Collect$$$$00000004  mc_w.l(entry5.o)
    0x000000ec   0x00000000   Code   RO         2167    .ARM.Collect$$$$00000008  mc_w.l(entry7b.o)
    0x000000ec   0x00000000   Code   RO         2169    .ARM.Collect$$$$0000000A  mc_w.l(entry8b.o)
    0x000000ec   0x00000008   Code   RO         2170    .ARM.Collect$$$$0000000B  mc_w.l(entry9a.o)
    0x000000f4   0x00000000   Code   RO         2172    .ARM.Collect$$$$0000000D  mc_w.l(entry10a.o)
    0x000000f4   0x00000000   Code   RO         2174    .ARM.Collect$$$$0000000F  mc_w.l(entry11a.o)
    0x000000f4   0x00000004   Code   RO         2163    .ARM.Collect$$$$00002712  mc_w.l(entry2.o)
    0x000000f8   0x00000024   Code   RO          798    .text               startup_lpc177x_8x.o
    0x0000011c   0x00000062   Code   RO         2078    .text               mc_w.l(uldiv.o)
    0x0000017e   0x00000024   Code   RO         2080    .text               mc_w.l(memcpya.o)
    0x000001a2   0x0000014e   Code   RO         2118    .text               mf_w.l(dadd.o)
    0x000002f0   0x0000000a   Code   RO         2126    .text               mf_w.l(ffltui.o)
    0x000002fa   0x00000000   Code   RO         2194    .text               mc_w.l(iusefp.o)
    0x000002fa   0x00000002   Code   RO          806    i.MCU_Reset         cpu.o
    0x000002fc   0x00000004   Code   RO          797    .ARM.__at_0x02FC    startup_lpc177x_8x.o
    0x00000300   0x000000e4   Code   RO         2120    .text               mf_w.l(dmul.o)
    0x000003e4   0x000000de   Code   RO         2122    .text               mf_w.l(ddiv.o)
    0x000004c2   0x0000003e   Code   RO         2136    .text               mf_w.l(dfixi.o)
    0x00000500   0x00000014   Code   RO         2146    .text               mf_w.l(cfrcmple.o)
    0x00000514   0x0000002c   Code   RO         2179    .text               mc_w.l(uidiv.o)
    0x00000540   0x0000001e   Code   RO         2181    .text               mc_w.l(llshl.o)
    0x0000055e   0x00000020   Code   RO         2183    .text               mc_w.l(llushr.o)
    0x0000057e   0x00000024   Code   RO         2185    .text               mc_w.l(llsshr.o)
    0x000005a2   0x0000006c   Code   RO         2195    .text               mf_w.l(fepilogue.o)
    0x0000060e   0x000000be   Code   RO         2197    .text               mf_w.l(depilogue.o)
    0x000006cc   0x00000030   Code   RO         2201    .text               mf_w.l(dfixul.o)
    0x000006fc   0x00000028   Code   RO         2203    .text               mf_w.l(cdrcmple.o)
    0x00000724   0x00000024   Code   RO         2211    .text               mc_w.l(init.o)
    0x00000748   0x00000050   Code   RO         1174    TOS_CORE_A          tos_core_a.o
    0x00000798   0x00000030   Code   RO           88    i.CLKPWR_ConfigPPWR  lpc177x_8x_clkpwr.o
    0x000007c8   0x00000040   Code   RO           91    i.CLKPWR_GetCLK     lpc177x_8x_clkpwr.o
    0x00000808   0x0000012c   Code   RO         1335    i.DeBug             debug.o
    0x00000934   0x00000064   Code   RO         1250    i.DeviceList_Init   tos_device.o
    0x00000998   0x0000003a   Code   RO         1459    i.FlowPoolFilter    text.o
    0x000009d2   0x0000002c   Code   RO         1922    i.GLCD_Clear        main.o
    0x000009fe   0x00000002   PAD
    0x00000a00   0x000001fc   Code   RO         1923    i.GLCD_Config       main.o
    0x00000bfc   0x00000064   Code   RO         1925    i.GLCD_Ctrl         main.o
    0x00000c60   0x00000014   Code   RO         1930    i.GLCD_Init         main.o
    0x00000c74   0x00000018   Code   RO         1932    i.GLCD_SetPixel_16bpp  main.o
    0x00000c8c   0x00000040   Code   RO          365    i.GPIO_GetPointer   lpc177x_8x_gpio.o
    0x00000ccc   0x00000028   Code   RO          370    i.GPIO_SetDir       lpc177x_8x_gpio.o
    0x00000cf4   0x00000014   Code   RO          371    i.GPIO_SetValue     lpc177x_8x_gpio.o
    0x00000d08   0x00000050   Code   RO         1933    i.GUI_Text          main.o
    0x00000d58   0x00000020   Code   RO         1934    i.GetASCIICode      main.o
    0x00000d78   0x00000080   Code   RO         1341    i.GetChar_List      debug.o
    0x00000df8   0x00000018   Code   RO         1471    i.GetTextLength     text.o
    0x00000e10   0x00000038   Code   RO         1935    i.LCD_ClockDivide   main.o
    0x00000e48   0x00000030   Code   RO         1206    i.Mema_Free         tos_mema.o
    0x00000e78   0x0000001c   Code   RO         1207    i.Mema_Init         tos_mema.o
    0x00000e94   0x0000004c   Code   RO         1208    i.Mema_Malloc       tos_mema.o
    0x00000ee0   0x00000048   Code   RO          666    i.PINSEL_ConfigPin  lpc177x_8x_pinsel.o
    0x00000f28   0x000000a4   Code   RO          668    i.PINSEL_GetPinType  lpc177x_8x_pinsel.o
    0x00000fcc   0x00000018   Code   RO          678    i.PIN_GetPointer    lpc177x_8x_pinsel.o
    0x00000fe4   0x00000064   Code   RO         1936    i.PutChar           main.o
    0x00001048   0x000001cc   Code   RO          886    i.SDRAM_32M_16BIT_Init  sdram_k4s561632c_32m_16bit.o
    0x00001214   0x00000012   Code   RO            3    i.SYSTICK_ClearCounterFlag  lpc177x_8x_systick.o
    0x00001226   0x00000028   Code   RO            4    i.SYSTICK_Cmd       lpc177x_8x_systick.o
    0x0000124e   0x00000028   Code   RO            7    i.SYSTICK_IntCmd    lpc177x_8x_systick.o
    0x00001276   0x0000005c   Code   RO            8    i.SYSTICK_InternalInit  lpc177x_8x_systick.o
    0x000012d2   0x00000042   Code   RO         1485    i.StringEndingAppend  text.o
    0x00001314   0x0000000c   Code   RO          807    i.SysTick_Handler   cpu.o
    0x00001320   0x00000016   Code   RO          808    i.SysTick_Set       cpu.o
    0x00001336   0x00000002   PAD
    0x00001338   0x000000f4   Code   RO          758    i.SystemInit        system_lpc177x_8x.o
    0x0000142c   0x000000b8   Code   RO         1937    i.Task0             main.o
    0x000014e4   0x0000000a   Code   RO         1938    i.Task1             main.o
    0x000014ee   0x00000002   PAD
    0x000014f0   0x0000005c   Code   RO          910    i.Tos_ComputeCPURate  tos.o
    0x0000154c   0x00000098   Code   RO          912    i.Tos_Init          tos.o
    0x000015e4   0x00000020   Code   RO          913    i.Tos_ListCreate    tos.o
    0x00001604   0x0000000e   Code   RO          914    i.Tos_RootTask      tos.o
    0x00001612   0x00000002   PAD
    0x00001614   0x00000038   Code   RO         1135    i.Tos_ScanTimer     tos_timer.o
    0x0000164c   0x00000030   Code   RO          916    i.Tos_Start         tos.o
    0x0000167c   0x00000050   Code   RO          917    i.Tos_SysTick       tos.o
    0x000016cc   0x000000d0   Code   RO          918    i.Tos_TaskCreate    tos.o
    0x0000179c   0x00000064   Code   RO          919    i.Tos_TaskCreateFindID  tos.o
    0x00001800   0x00000058   Code   RO          921    i.Tos_TaskDelay     tos.o
    0x00001858   0x000000c0   Code   RO          930    i.Tos_TaskReady     tos.o
    0x00001918   0x00000054   Code   RO          933    i.Tos_TaskRun       tos.o
    0x0000196c   0x0000006e   Code   RO          935    i.Tos_TaskStackInit  tos.o
    0x000019da   0x00000002   PAD
    0x000019dc   0x00000024   Code   RO          936    i.Tos_TaskStart     tos.o
    0x00001a00   0x000000a0   Code   RO          939    i.Tos_TaskSwitch    tos.o
    0x00001aa0   0x00000012   Code   RO          940    i.Tos_TaskTcbInit   tos.o
    0x00001ab2   0x00000002   PAD
    0x00001ab4   0x00000054   Code   RO         1136    i.Tos_TimerReady    tos_timer.o
    0x00001b08   0x00000024   Code   RO         2091    i.__0vsprintf       mc_w.l(printfa.o)
    0x00001b2c   0x0000000e   Code   RO         2217    i.__scatterload_copy  mc_w.l(handlers.o)
    0x00001b3a   0x00000002   Code   RO         2218    i.__scatterload_null  mc_w.l(handlers.o)
    0x00001b3c   0x0000000e   Code   RO         2219    i.__scatterload_zeroinit  mc_w.l(handlers.o)
    0x00001b4a   0x00000002   PAD
    0x00001b4c   0x0000015c   Code   RO         2092    i._fp_digits        mc_w.l(printfa.o)
    0x00001ca8   0x000006f0   Code   RO         2093    i._printf_core      mc_w.l(printfa.o)
    0x00002398   0x00000026   Code   RO         2094    i._printf_post_padding  mc_w.l(printfa.o)
    0x000023be   0x00000030   Code   RO         2095    i._printf_pre_padding  mc_w.l(printfa.o)
    0x000023ee   0x0000000a   Code   RO         2097    i._sputc            mc_w.l(printfa.o)
    0x000023f8   0x0000001c   Code   RO         1939    i.main              main.o
    0x00002414   0x00000620   Data   RO         1941    .constdata          main.o
    0x00002a34   0x00000006   Data   RO         1942    .conststring        main.o
    0x00002a3a   0x00000002   PAD
    0x00002a3c   0x00000020   Data   RO         2215    Region$$Table       anon$$obj.o


    Execution Region RW_IRAM1 (Base: 0x10000000, Size: 0x0000a098, Max: 0x00010000, ABSOLUTE)

    Base Addr    Size         Type   Attr      Idx    E Section Name        Object

    0x10000000   0x00000010   Data   RW          759    .data               system_lpc177x_8x.o
    0x10000010   0x0000002c   Data   RW          943    .data               tos.o
    0x1000003c   0x00000004   Data   RW         1137    .data               tos_timer.o
    0x10000040   0x00000004   Data   RW         1210    .data               tos_mema.o
    0x10000044   0x00000008   Data   RW         1258    .data               tos_device.o
    0x1000004c   0x00000008   Data   RW         1342    .data               debug.o
    0x10000054   0x00009c40   Zero   RW         1209    .bss                tos_mema.o
    0x10009c94   0x00000004   PAD
    0x10009c98   0x00000400   Zero   RW          794    STACK               startup_lpc177x_8x.o


==============================================================================

Image component sizes


      Code (inc. data)   RO Data    RW Data    ZI Data      Debug   Object Name

        36          0          0          0          0       8520   cpu.o
       428         22          0          8          0       1700   debug.o
       112         28          0          0          0       1060   lpc177x_8x_clkpwr.o
         0          0          0          0          0       2340   lpc177x_8x_emc.o
       124         12          0          0          0       3622   lpc177x_8x_gpio.o
       260         18          0          0          0       2363   lpc177x_8x_pinsel.o
       190          0          0          0          0      29433   lpc177x_8x_systick.o
      1186        110       1574          0          0       7501   main.o
       460         34          0          0          0       1199   sdram_k4s561632c_32m_16bit.o
        40         12        228          0       1024        940   startup_lpc177x_8x.o
       244         64          0         16          0        925   system_lpc177x_8x.o
       148          0          0          0          0       2050   text.o
      1414        166          0         44          0      10186   tos.o
        80         10          0          0          0        224   tos_core_a.o
       100         10          0          8          0       1702   tos_device.o
       152         14          0          4      40000       2708   tos_mema.o
       140         10          0          4          0       1943   tos_timer.o

    ----------------------------------------------------------------------
      5126        510       1836         84      41028      78416   Object Totals
         0          0         32          0          0          0   (incl. Generated)
        12          0          2          0          4          0   (incl. Padding)

    ----------------------------------------------------------------------

      Code (inc. data)   RO Data    RW Data    ZI Data      Debug   Library Member Name

         0          0          0          0          0          0   entry.o
         0          0          0          0          0          0   entry10a.o
         0          0          0          0          0          0   entry11a.o
         8          4          0          0          0          0   entry2.o
         4          0          0          0          0          0   entry5.o
         0          0          0          0          0          0   entry7b.o
         0          0          0          0          0          0   entry8b.o
         8          4          0          0          0          0   entry9a.o
        30          0          0          0          0          0   handlers.o
        36          8          0          0          0         68   init.o
         0          0          0          0          0          0   iusefp.o
        30          0          0          0          0         68   llshl.o
        36          0          0          0          0         68   llsshr.o
        32          0          0          0          0         68   llushr.o
        36          0          0          0          0         68   memcpya.o
      2256         86          0          0          0        508   printfa.o
        44          0          0          0          0         80   uidiv.o
        98          0          0          0          0         92   uldiv.o
        40          2          0          0          0         68   cdrcmple.o
        20          0          0          0          0         68   cfrcmple.o
       334          0          0          0          0        148   dadd.o
       222          0          0          0          0        100   ddiv.o
       190          0          0          0          0        176   depilogue.o
        62          0          0          0          0         80   dfixi.o
        48          0          0          0          0         68   dfixul.o
       228          0          0          0          0         96   dmul.o
       108          0          0          0          0        168   fepilogue.o
        10          0          0          0          0         68   ffltui.o

    ----------------------------------------------------------------------
      3882        104          0          0          0       2060   Library Totals
         2          0          0          0          0          0   (incl. Padding)

    ----------------------------------------------------------------------

      Code (inc. data)   RO Data    RW Data    ZI Data      Debug   Library Name

      2618        102          0          0          0       1020   mc_w.l
      1262          2          0          0          0       1040   mf_w.l

    ----------------------------------------------------------------------
      3882        104          0          0          0       2060   Library Totals

    ----------------------------------------------------------------------

==============================================================================


      Code (inc. data)   RO Data    RW Data    ZI Data      Debug   

      9008        614       1836         84      41028      76628   Grand Totals
      9008        614       1836         84      41028      76628   ELF Image Totals
      9008        614       1836         84          0          0   ROM Totals

==============================================================================

    Total RO  Size (Code + RO Data)                10844 (  10.59kB)
    Total RW  Size (RW Data + ZI Data)             41112 (  40.15kB)
    Total ROM Size (Code + RO Data + RW Data)      10928 (  10.67kB)

==============================================================================

