ARM Linker, 5.03 [Build 76] [MDK-ARM Standard]

==============================================================================

Section Cross References

    lpc177x_8x_systick.o(i.SYSTICK_ExternalInit) refers to ffltui.o(.text) for __aeabi_ui2f
    lpc177x_8x_systick.o(i.SYSTICK_ExternalInit) refers to cfrcmple.o(.text) for __aeabi_cfrcmple
    lpc177x_8x_systick.o(i.SYSTICK_InternalInit) refers to lpc177x_8x_clkpwr.o(i.CLKPWR_GetCLK) for CLKPWR_GetCLK
    lpc177x_8x_systick.o(i.SYSTICK_InternalInit) refers to ffltui.o(.text) for __aeabi_ui2f
    lpc177x_8x_systick.o(i.SYSTICK_InternalInit) refers to cfrcmple.o(.text) for __aeabi_cfrcmple
    lpc177x_8x_clkpwr.o(i.CLKPWR_GetCLK) refers to system_lpc177x_8x.o(.data) for SystemCoreClock
    lpc177x_8x_clkpwr.o(i.CLKPWR_SetCLKDiv) refers to system_lpc177x_8x.o(i.SystemCoreClockUpdate) for SystemCoreClockUpdate
    lpc177x_8x_emc.o(i.DynMem_Init) refers to lpc177x_8x_pinsel.o(i.PINSEL_ConfigPin) for PINSEL_ConfigPin
    lpc177x_8x_emc.o(i.DynMem_Init) refers to lpc177x_8x_emc.o(i.EMC_PwrOn) for EMC_PwrOn
    lpc177x_8x_emc.o(i.DynMem_Init) refers to lpc177x_8x_emc.o(i.EMC_ConfigEndianMode) for EMC_ConfigEndianMode
    lpc177x_8x_emc.o(i.DynMem_Init) refers to lpc177x_8x_emc.o(i.EMC_DynCtrlSelfRefresh) for EMC_DynCtrlSelfRefresh
    lpc177x_8x_emc.o(i.DynMem_Init) refers to lpc177x_8x_emc.o(i.EMC_DynCtrlPowerDownMode) for EMC_DynCtrlPowerDownMode
    lpc177x_8x_emc.o(i.DynMem_Init) refers to lpc177x_8x_emc.o(i.EMC_DynCtrlClockEnable) for EMC_DynCtrlClockEnable
    lpc177x_8x_emc.o(i.DynMem_Init) refers to lpc177x_8x_emc.o(i.EMC_DynCtrlMMC) for EMC_DynCtrlMMC
    lpc177x_8x_emc.o(i.DynMem_Init) refers to lpc177x_8x_emc.o(i.EMC_DynCtrlClockControl) for EMC_DynCtrlClockControl
    lpc177x_8x_emc.o(i.DynMem_Init) refers to lpc177x_8x_emc.o(i.EMC_SetDynMemoryParameter) for EMC_SetDynMemoryParameter
    lpc177x_8x_emc.o(i.DynMem_Init) refers to lpc177x_8x_emc.o(i.EMC_DynMemRAS) for EMC_DynMemRAS
    lpc177x_8x_emc.o(i.DynMem_Init) refers to lpc177x_8x_emc.o(i.EMC_DynMemCAS) for EMC_DynMemCAS
    lpc177x_8x_emc.o(i.DynMem_Init) refers to lpc177x_8x_emc.o(i.EMC_DynMemConfigMD) for EMC_DynMemConfigMD
    lpc177x_8x_emc.o(i.DynMem_Init) refers to lpc177x_8x_emc.o(i.EMC_DynMemConfigAM) for EMC_DynMemConfigAM
    lpc177x_8x_emc.o(i.EMC_Init) refers to lpc177x_8x_clkpwr.o(i.CLKPWR_GetCLK) for CLKPWR_GetCLK
    lpc177x_8x_emc.o(i.EMC_Init) refers to lpc177x_8x_clkpwr.o(i.CLKPWR_SetCLKDiv) for CLKPWR_SetCLKDiv
    lpc177x_8x_emc.o(i.EMC_Init) refers to lpc177x_8x_pinsel.o(i.PINSEL_ConfigPin) for PINSEL_ConfigPin
    lpc177x_8x_emc.o(i.EMC_NS2CLK) refers to lpc177x_8x_clkpwr.o(i.CLKPWR_GetCLK) for CLKPWR_GetCLK
    lpc177x_8x_emc.o(i.EMC_NS2CLK) refers to uldiv.o(.text) for __aeabi_uldivmod
    lpc177x_8x_emc.o(i.EMC_PwrOn) refers to lpc177x_8x_clkpwr.o(i.CLKPWR_GetCLK) for CLKPWR_GetCLK
    lpc177x_8x_emc.o(i.EMC_PwrOn) refers to lpc177x_8x_clkpwr.o(i.CLKPWR_SetCLKDiv) for CLKPWR_SetCLKDiv
    lpc177x_8x_emc.o(i.EMC_PwrOn) refers to lpc177x_8x_clkpwr.o(i.CLKPWR_ConfigPPWR) for CLKPWR_ConfigPPWR
    lpc177x_8x_emc.o(i.EMC_SDRAM_REFRESH) refers to lpc177x_8x_clkpwr.o(i.CLKPWR_GetCLK) for CLKPWR_GetCLK
    lpc177x_8x_emc.o(i.EMC_SDRAM_REFRESH) refers to uldiv.o(.text) for __aeabi_uldivmod
    lpc177x_8x_emc.o(i.StaticMem_Init) refers to lpc177x_8x_pinsel.o(i.PINSEL_ConfigPin) for PINSEL_ConfigPin
    lpc177x_8x_emc.o(i.StaticMem_Init) refers to lpc177x_8x_emc.o(i.EMC_PwrOn) for EMC_PwrOn
    lpc177x_8x_emc.o(i.StaticMem_Init) refers to lpc177x_8x_emc.o(i.EMC_StaMemConfigMW) for EMC_StaMemConfigMW
    lpc177x_8x_emc.o(i.StaticMem_Init) refers to lpc177x_8x_emc.o(i.EMC_StaMemConfigPM) for EMC_StaMemConfigPM
    lpc177x_8x_emc.o(i.StaticMem_Init) refers to lpc177x_8x_emc.o(i.EMC_StaMemConfigPB) for EMC_StaMemConfigPB
    lpc177x_8x_emc.o(i.StaticMem_Init) refers to lpc177x_8x_emc.o(i.EMC_StaMemConfigEW) for EMC_StaMemConfigEW
    lpc177x_8x_emc.o(i.StaticMem_Init) refers to lpc177x_8x_emc.o(i.EMC_SetStaMemoryParameter) for EMC_SetStaMemoryParameter
    lpc177x_8x_gpio.o(i.FIO_ByteClearValue) refers to lpc177x_8x_gpio.o(i.FIO_ByteGetPointer) for FIO_ByteGetPointer
    lpc177x_8x_gpio.o(i.FIO_ByteReadValue) refers to lpc177x_8x_gpio.o(i.FIO_ByteGetPointer) for FIO_ByteGetPointer
    lpc177x_8x_gpio.o(i.FIO_ByteSetDir) refers to lpc177x_8x_gpio.o(i.FIO_ByteGetPointer) for FIO_ByteGetPointer
    lpc177x_8x_gpio.o(i.FIO_ByteSetMask) refers to lpc177x_8x_gpio.o(i.FIO_ByteGetPointer) for FIO_ByteGetPointer
    lpc177x_8x_gpio.o(i.FIO_ByteSetValue) refers to lpc177x_8x_gpio.o(i.FIO_ByteGetPointer) for FIO_ByteGetPointer
    lpc177x_8x_gpio.o(i.FIO_ClearInt) refers to lpc177x_8x_gpio.o(i.GPIO_ClearInt) for GPIO_ClearInt
    lpc177x_8x_gpio.o(i.FIO_ClearValue) refers to lpc177x_8x_gpio.o(i.GPIO_ClearValue) for GPIO_ClearValue
    lpc177x_8x_gpio.o(i.FIO_GetIntStatus) refers to lpc177x_8x_gpio.o(i.GPIO_GetIntStatus) for GPIO_GetIntStatus
[...]
    DeBug_SetCallBack                        0x0000a1d5   Thumb Code     6  debug.o(i.DeBug_SetCallBack)
    DebugCall                                0x0000a1e1   Thumb Code    18  main.o(i.DebugCall)
    DeviceList_Init                          0x0000a22d   Thumb Code   112  tos_device.o(i.DeviceList_Init)
    DeviceMount_Usart                        0x0000a2ad   Thumb Code   330  usart_driver.o(i.DeviceMount_Usart)
    Device_Init                              0x0000a429   Thumb Code   116  tos_device.o(i.Device_Init)
    Draw_Full_List                           0x0000a4a1   Thumb Code    62  main.o(i.Draw_Full_List)
    Draw_X_8Bit                              0x0000a4df   Thumb Code    70  main.o(i.Draw_X_8Bit)
    EEPROM_Erase                             0x0000a525   Thumb Code   124  lpc177x_8x_eeprom.o(i.EEPROM_Erase)
    EEPROM_Init                              0x0000a5b1   Thumb Code   108  lpc177x_8x_eeprom.o(i.EEPROM_Init)
    EEPROM_Read                              0x0000a62d   Thumb Code   310  lpc177x_8x_eeprom.o(i.EEPROM_Read)
    EEPROM_Write                             0x0000a769   Thumb Code   358  lpc177x_8x_eeprom.o(i.EEPROM_Write)
    Flash_ReadData                           0x0000a8d5   Thumb Code    30  cpu.o(i.Flash_ReadData)
    Flash_WriteData                          0x0000a8f3   Thumb Code    48  cpu.o(i.Flash_WriteData)
    FlowPoolFilter                           0x0000a923   Thumb Code    58  tts.o(i.FlowPoolFilter)
    FmtToBuf                                 0x0000a95d   Thumb Code    30  tts.o(i.FmtToBuf)
    GLCD_Clear                               0x0000a97b   Thumb Code    44  main.o(i.GLCD_Clear)
    GLCD_SetPixel_16bpp                      0x0000ac09   Thumb Code    18  main.o(i.GLCD_SetPixel_16bpp)
    GPIO_ClearValue                          0x0000ac21   Thumb Code    20  lpc177x_8x_gpio.o(i.GPIO_ClearValue)
    GPIO_OutputValue                         0x0000ac75   Thumb Code    30  lpc177x_8x_gpio.o(i.GPIO_OutputValue)
    GPIO_ReadValue                           0x0000ac93   Thumb Code    22  lpc177x_8x_gpio.o(i.GPIO_ReadValue)
    GPIO_SetDir                              0x0000aca9   Thumb Code    40  lpc177x_8x_gpio.o(i.GPIO_SetDir)
    GPIO_SetValue                            0x0000acd1   Thumb Code    20  lpc177x_8x_gpio.o(i.GPIO_SetValue)
    GUI_X_Config                             0x0000ace5   Thumb Code    22  guiconf.o(i.GUI_X_Config)
    GUI_X_Delay                              0x0000ad01   Thumb Code    12  gui_x.o(i.GUI_X_Delay)
    GUI_X_ExecIdle                           0x0000ad0d   Thumb Code     2  gui_x.o(i.GUI_X_ExecIdle)
    GUI_X_GetTaskId                          0x0000ad0f   Thumb Code     4  gui_x.o(i.GUI_X_GetTaskId)
    GUI_X_GetTime                            0x0000ad15   Thumb Code     6  gui_x.o(i.GUI_X_GetTime)
    GUI_X_Init                               0x0000ad21   Thumb Code     2  gui_x.o(i.GUI_X_Init)
    GUI_X_InitOS                             0x0000ad23   Thumb Code     2  gui_x.o(i.GUI_X_InitOS)
    GUI_X_Lock                               0x0000ad25   Thumb Code     2  gui_x.o(i.GUI_X_Lock)
    GUI_X_Unlock                             0x0000ad27   Thumb Code     2  gui_x.o(i.GUI_X_Unlock)
    GetChar_List                             0x0000ad29   Thumb Code   128  debug.o(i.GetChar_List)
    GetCountSize                             0x0000ada9   Thumb Code    30  tts.o(i.GetCountSize)
    GetStringByFmt                           0x0000adc7   Thumb Code    38  tts.o(i.GetStringByFmt)
    GetStringToNumber                        0x0000aded   Thumb Code   178  tts.o(i.GetStringToNumber)
    GetTextLength                            0x0000aeb1   Thumb Code    24  tts.o(i.GetTextLength)
    GetVoidWord                              0x0000aec9   Thumb Code    32  main.o(i.GetVoidWord)
    Index_Uchar                              0x0000aee9   Thumb Code    32  main.o(i.Index_Uchar)
    Index_Word                               0x0000af09   Thumb Code    64  main.o(i.Index_Word)
    Key_GetASCII                             0x0000af49   Thumb Code   218  main.o(i.Key_GetASCII)
    Key_GetWord                              0x0000b079   Thumb Code   276  main.o(i.Key_GetWord)
    LCD_Clear_Screen                         0x0000b1d9   Thumb Code    12  main.o(i.LCD_Clear_Screen)
    LCD_Draw_LineX                           0x0000b21d   Thumb Code    38  main.o(i.LCD_Draw_LineX)
    LCD_Draw_LineY                           0x0000b243   Thumb Code    38  main.o(i.LCD_Draw_LineY)
    LCD_Initializtion                        0x0000b269   Thumb Code    20  main.o(i.LCD_Initializtion)
    LCD_Set_Pixel                            0x0000b27d   Thumb Code    18  main.o(i.LCD_Set_Pixel)
    LCD_X_Config                             0x0000b295   Thumb Code   100  lcdconf.o(i.LCD_X_Config)
    LCD_X_DisplayDriver                      0x0000b301   Thumb Code    58  lcdconf.o(i.LCD_X_DisplayDriver)
    Load_AppConfig                           0x0000b33d   Thumb Code    20  appconfig.o(i.Load_AppConfig)
    Load_VoidConfig                          0x0000b355   Thumb Code   102  appconfig.o(i.Load_VoidConfig)
    MCU_Reset                                0x0000b3bb   Thumb Code     2  cpu.o(i.MCU_Reset)
    MGUI_DrawBitMap                          0x0000b3bd   Thumb Code   564  main.o(i.MGUI_DrawBitMap)
    MUI_Draw                                 0x0000b5f1   Thumb Code   294  main.o(i.MUI_Draw)
    MUI_DrawMenu                             0x0000b71d   Thumb Code   332  main.o(i.MUI_DrawMenu)
    MUI_Enter                                0x0000b875   Thumb Code   330  main.o(i.MUI_Enter)
    MUI_Fill_Bar                             0x0000b9c5   Thumb Code   110  main.o(i.MUI_Fill_Bar)
    MUI_GetColor                             0x0000ba39   Thumb Code   260  main.o(i.MUI_GetColor)
    MUI_GetCurMenuInfor                      0x0000bb55   Thumb Code    30  main.o(i.MUI_GetCurMenuInfor)
    MUI_GetIP                                0x0000bb79   Thumb Code   224  main.o(i.MUI_GetIP)
    MUI_GetKey                               0x0000bc75   Thumb Code    34  main.o(i.MUI_GetKey)
    MUI_GetOptionString                      0x0000bc99   Thumb Code   338  main.o(i.MUI_GetOptionString)
    MUI_GetString                            0x0000bdf1   Thumb Code   252  main.o(i.MUI_GetString)
    MUI_GetValue                             0x0000bef5   Thumb Code   222  main.o(i.MUI_GetValue)
    MUI_Init                                 0x0000bfe5   Thumb Code   150  main.o(i.MUI_Init)
    MUI_OptionLength                         0x0000c089   Thumb Code    22  main.o(i.MUI_OptionLength)
    MUI_ReSetTitle                           0x0000c0a1   Thumb Code    34  main.o(i.MUI_ReSetTitle)
    MUI_SetDrawClear                         0x0000c0c9   Thumb Code    40  main.o(i.MUI_SetDrawClear)
    MUI_Task                                 0x0000c0f5   Thumb Code   388  main.o(i.MUI_Task)
    MUI_Title                                0x0000c27d   Thumb Code   102  main.o(i.MUI_Title)
    MUI_Waiting                              0x0000c2ed   Thumb Code   472  main.o(i.MUI_Waiting)
    Mema_Free                                0x0000c4cd   Thumb Code    44  tos_mema.o(i.Mema_Free)
    Mema_Init                                0x0000c4fd   Thumb Code    22  tos_mema.o(i.Mema_Init)
    Mema_Malloc                              0x0000c519   Thumb Code    72  tos_mema.o(i.Mema_Malloc)
    Nand_ReadMap                             0x0000c565   Thumb Code   134  main.o(i.Nand_ReadMap)
    PINSEL_ConfigPin                         0x0000c609   Thumb Code    66  lpc177x_8x_pinsel.o(i.PINSEL_ConfigPin)
    PINSEL_GetPinType                        0x0000c651   Thumb Code   164  lpc177x_8x_pinsel.o(i.PINSEL_GetPinType)
    Printf                                   0x0000c70d   Thumb Code    80  main.o(i.Printf)
    PrintfVoid                               0x0000c761   Thumb Code    42  main.o(i.PrintfVoid)
    Printf_Data                              0x0000c78d   Thumb Code   266  main.o(i.Printf_Data)
    Printf_Infor                             0x0000c8a9   Thumb Code   110  main.o(i.Printf_Infor)
    Printf_String                            0x0000c929   Thumb Code   362  main.o(i.Printf_String)
    Printf_Yes                               0x0000caa5   Thumb Code   138  main.o(i.Printf_Yes)
    Printf_YesOrNo                           0x0000cb3d   Thumb Code   230  main.o(i.Printf_YesOrNo)
    RAM_ReadMap                              0x0000cc35   Thumb Code   170  main.o(i.RAM_ReadMap)
    ROM_ReadMap                              0x0000cd29   Thumb Code   172  main.o(i.ROM_ReadMap)
    Read_Ads7846                             0x0000cdf1   Thumb Code   488  main.o(i.Read_Ads7846)
    Read_X                                   0x0000cfdd   Thumb Code    50  main.o(i.Read_X)
    Read_Y                                   0x0000d00f   Thumb Code    50  main.o(i.Read_Y)
    SDRAM_32M_16BIT_Init                     0x0000d041   Thumb Code   426  sdram_k4s561632c_32m_16bit.o(i.SDRAM_32M_16BIT_Init)
    SSP_Cmd                                  0x0000d20d   Thumb Code    24  lpc177x_8x_ssp.o(i.SSP_Cmd)
    SSP_ConfigStructInit                     0x0000d225   Thumb Code    22  lpc177x_8x_ssp.o(i.SSP_ConfigStructInit)
    SSP_GetStatus                            0x0000d241   Thumb Code    16  lpc177x_8x_ssp.o(i.SSP_GetStatus)
    SSP_Init                                 0x0000d251   Thumb Code    94  lpc177x_8x_ssp.o(i.SSP_Init)
    SSP_ReceiveData                          0x0000d2bd   Thumb Code     8  lpc177x_8x_ssp.o(i.SSP_ReceiveData)
    SSP_SendData                             0x0000d2c5   Thumb Code     6  lpc177x_8x_ssp.o(i.SSP_SendData)
    SYSTICK_ClearCounterFlag                 0x0000d2cb   Thumb Code    18  lpc177x_8x_systick.o(i.SYSTICK_ClearCounterFlag)
    SYSTICK_Cmd                              0x0000d2dd   Thumb Code    40  lpc177x_8x_systick.o(i.SYSTICK_Cmd)
    SYSTICK_IntCmd                           0x0000d305   Thumb Code    40  lpc177x_8x_systick.o(i.SYSTICK_IntCmd)
    SYSTICK_InternalInit                     0x0000d32d   Thumb Code    92  lpc177x_8x_systick.o(i.SYSTICK_InternalInit)
    Save_AppConfig                           0x0000d389   Thumb Code    20  appconfig.o(i.Save_AppConfig)
    Save_VoidConfig                          0x0000d3a1   Thumb Code    44  appconfig.o(i.Save_VoidConfig)
    StringCoppy                              0x0000d3cd   Thumb Code    36  tts.o(i.StringCoppy)
    StringEndingAppend                       0x0000d3f1   Thumb Code    66  tts.o(i.StringEndingAppend)
    StringToIPUint32                         0x0000d433   Thumb Code   106  tts.o(i.StringToIPUint32)
    SysTick_Handler                          0x0000d49d   Thumb Code    22  cpu.o(i.SysTick_Handler)
    SysTick_Set                              0x0000d4b9   Thumb Code    22  cpu.o(i.SysTick_Set)
    SystemInit                               0x0000d4d1   Thumb Code   180  system_lpc177x_8x.o(i.SystemInit)
    TFT_RGB                                  0x0000d5c5   Thumb Code    48  tts.o(i.TFT_RGB)
    TGUI_Clear_Show                          0x0000d5f5   Thumb Code    14  main.o(i.TGUI_Clear_Show)
    TGUI_DefaultStyle                        0x0000d609   Thumb Code    14  main.o(i.TGUI_DefaultStyle)
    TGUI_Draw_ASCII                          0x0000d629   Thumb Code   150  main.o(i.TGUI_Draw_ASCII)
    TGUI_Draw_FormatString                   0x0000d6c9   Thumb Code   518  main.o(i.TGUI_Draw_FormatString)
    TGUI_Draw_Rectangle                      0x0000d8d9   Thumb Code    76  main.o(i.TGUI_Draw_Rectangle)
    TGUI_Draw_Word                           0x0000d925   Thumb Code   182  main.o(i.TGUI_Draw_Word)
    TGUI_Fill_Rectangle                      0x0000d9e5   Thumb Code    50  main.o(i.TGUI_Fill_Rectangle)
    TGUI_Get_StringPixel                     0x0000da19   Thumb Code    50  main.o(i.TGUI_Get_StringPixel)
    TGUI_Index_Word                          0x0000da51   Thumb Code    78  main.o(i.TGUI_Index_Word)
    TGUI_Set_Color                           0x0000daa5   Thumb Code    28  main.o(i.TGUI_Set_Color)
    TGUI_Set_Font                            0x0000dac5   Thumb Code    78  main.o(i.TGUI_Set_Font)
    TGUI_Set_LineN                           0x0000db31   Thumb Code     8  main.o(i.TGUI_Set_LineN)
    TGUI_Set_LocalFont                       0x0000db3d   Thumb Code   274  main.o(i.TGUI_Set_LocalFont)
    TGUI_Set_Region                          0x0000dc55   Thumb Code    36  main.o(i.TGUI_Set_Region)
    TGui_Draw_Line                           0x0000dc7d   Thumb Code   444  main.o(i.TGui_Draw_Line)
    TP_GetAdXY                               0x0000de39   Thumb Code    34  main.o(i.TP_GetAdXY)
    TP_Init                                  0x0000de5d   Thumb Code   116  main.o(i.TP_Init)
    Task0                                    0x0000ded9   Thumb Code    82  main.o(i.Task0)
    Task1                                    0x0000df39   Thumb Code    50  main.o(i.Task1)
    Task3                                    0x0000df7d   Thumb Code   100  main.o(i.Task3)
    Task_GetKey                              0x0000dfe1   Thumb Code   178  main.o(i.Task_GetKey)
    Task_LoadConfigs                         0x0000e099   Thumb Code    42  main.o(i.Task_LoadConfigs)
    Task_LoadConfigsFromNand                 0x0000e0d5   Thumb Code    16  main.o(i.Task_LoadConfigsFromNand)
    Task_RePaint                             0x0000e0e5   Thumb Code    44  main.o(i.Task_RePaint)
    Task_ReSave                              0x0000e115   Thumb Code    50  main.o(i.Task_ReSave)
    Task_SaveConfigs                         0x0000e14d   Thumb Code    28  main.o(i.Task_SaveConfigs)
    Task_SaveConfigsToNand                   0x0000e16d   Thumb Code    18  main.o(i.Task_SaveConfigsToNand)
    Task_SetMenuFont                         0x0000e185   Thumb Code    22  main.o(i.Task_SetMenuFont)
    Task_SetMsgFont                          0x0000e1a1   Thumb Code    32  main.o(i.Task_SetMsgFont)
    Task_SetTitleFont                        0x0000e1cd   Thumb Code    14  main.o(i.Task_SetTitleFont)
    Task_ShowAsk                             0x0000e1e1   Thumb Code    10  main.o(i.Task_ShowAsk)
    Task_ShowInfor                           0x0000e1f9   Thumb Code    18  main.o(i.Task_ShowInfor)
    Task_ShowTos                             0x0000e215   Thumb Code   118  main.o(i.Task_ShowTos)
    Task_ShowYesOrNo                         0x0000e29d   Thumb Code    34  main.o(i.Task_ShowYesOrNo)
    Task_TaskManage                          0x0000e2e1   Thumb Code   180  main.o(i.Task_TaskManage)
    Task_Waiting                             0x0000e40d   Thumb Code    14  main.o(i.Task_Waiting)
    Tools_GetCRC16                           0x0000e425   Thumb Code    56  cheakout.o(i.Tools_GetCRC16)
    Tos_ComputeCPURate                       0x0000e465   Thumb Code    68  tos.o(i.Tos_ComputeCPURate)
    Tos_GetFontHandle                        0x0000e4c1   Thumb Code     6  main.o(i.Tos_GetFontHandle)
    Tos_GetKeyValue                          0x0000e4cd   Thumb Code    78  main.o(i.Tos_GetKeyValue)
    Tos_GetStyleHandle                       0x0000e51d   Thumb Code     6  main.o(i.Tos_GetStyleHandle)
    Tos_GetTaskIDByName                      0x0000e529   Thumb Code    50  tos.o(i.Tos_GetTaskIDByName)
    Tos_Init                                 0x0000e561   Thumb Code   132  tos.o(i.Tos_Init)
    Tos_ListCreate                           0x0000e5f9   Thumb Code    32  tos.o(i.Tos_ListCreate)
    Tos_RootTask                             0x0000e619   Thumb Code    18  tos.o(i.Tos_RootTask)
    Tos_ScanTimer                            0x0000e62d   Thumb Code    52  tos_timer.o(i.Tos_ScanTimer)
    Tos_Start                                0x0000e665   Thumb Code    32  tos.o(i.Tos_Start)
    Tos_SysTick                              0x0000e695   Thumb Code    42  tos.o(i.Tos_SysTick)
    Tos_TaskCreate                           0x0000e6e5   Thumb Code   204  tos.o(i.Tos_TaskCreate)
    Tos_TaskCreateFindID                     0x0000e7b5   Thumb Code    94  tos.o(i.Tos_TaskCreateFindID)
    Tos_TaskCreateQmsg                       0x0000e819   Thumb Code    86  tos.o(i.Tos_TaskCreateQmsg)
    Tos_TaskDelay                            0x0000e879   Thumb Code    76  tos.o(i.Tos_TaskDelay)
    Tos_TaskDelete                           0x0000e8d1   Thumb Code   140  tos.o(i.Tos_TaskDelete)
    Tos_TaskGetIO_InPut                      0x0000e961   Thumb Code    10  main.o(i.Tos_TaskGetIO_InPut)
    Tos_TaskGetQMsg                          0x0000e975   Thumb Code    98  tos.o(i.Tos_TaskGetQMsg)
    Tos_TaskGetQMsgDelay                     0x0000e9e1   Thumb Code    98  tos.o(i.Tos_TaskGetQMsgDelay)
    Tos_TaskPutQmsg                          0x0000ea4d   Thumb Code   126  tos.o(i.Tos_TaskPutQmsg)
    Tos_TaskReady                            0x0000ead1   Thumb Code   184  tos.o(i.Tos_TaskReady)
    Tos_TaskRecover                          0x0000eb91   Thumb Code    46  tos.o(i.Tos_TaskRecover)
    Tos_TaskResume                           0x0000ebc5   Thumb Code   102  tos.o(i.Tos_TaskResume)
    Tos_TaskRun                              0x0000ec31   Thumb Code    66  tos.o(i.Tos_TaskRun)
    Tos_TaskStackInit                        0x0000ec85   Thumb Code   110  tos.o(i.Tos_TaskStackInit)
    Tos_TaskStart                            0x0000ecf5   Thumb Code    28  tos.o(i.Tos_TaskStart)
    Tos_TaskStop                             0x0000ed19   Thumb Code    70  tos.o(i.Tos_TaskStop)
    Tos_TaskSuspend                          0x0000ed65   Thumb Code   118  tos.o(i.Tos_TaskSuspend)
    Tos_TaskSwitch                           0x0000ede1   Thumb Code   148  tos.o(i.Tos_TaskSwitch)
    Tos_TaskTcbInit                          0x0000ee81   Thumb Code    18  tos.o(i.Tos_TaskTcbInit)
    Tos_TaskTimeout                          0x0000ee95   Thumb Code    78  tos.o(i.Tos_TaskTimeout)
    Tos_TimerReady                           0x0000eee9   Thumb Code    78  tos_timer.o(i.Tos_TimerReady)
    UART0_IRQHandler                         0x0000ef3d   Thumb Code    52  usart_driver.o(i.UART0_IRQHandler)
    UART_ConfigStructInit                    0x0000ef81   Thumb Code    18  lpc177x_8x_uart.o(i.UART_ConfigStructInit)
    UART_FIFOConfig                          0x0000ef95   Thumb Code   152  lpc177x_8x_uart.o(i.UART_FIFOConfig)
    UART_FIFOConfigStructInit                0x0000f041   Thumb Code    14  lpc177x_8x_uart.o(i.UART_FIFOConfigStructInit)
    UART_Init                                0x0000f051   Thumb Code   522  lpc177x_8x_uart.o(i.UART_Init)
    UART_IntConfig                           0x0000f26d   Thumb Code   144  lpc177x_8x_uart.o(i.UART_IntConfig)
    UART_ReceiveByte                         0x0000f311   Thumb Code    52  lpc177x_8x_uart.o(i.UART_ReceiveByte)
    UART_Send                                0x0000f359   Thumb Code   208  lpc177x_8x_uart.o(i.UART_Send)
    UART_SendByte                            0x0000f43d   Thumb Code    50  lpc177x_8x_uart.o(i.UART_SendByte)
    UART_TxCmd                               0x0000f485   Thumb Code   128  lpc177x_8x_uart.o(i.UART_TxCmd)
    USART_Configuration                      0x0000f511   Thumb Code   104  usart_driver.o(i.USART_Configuration)
    USART_ConfigurationAll                   0x0000f579   Thumb Code   152  usart_driver.o(i.USART_ConfigurationAll)
    USART_GPIO_Init                          0x0000f619   Thumb Code   114  usart_driver.o(i.USART_GPIO_Init)
    USART_GPIO_InitAll                       0x0000f68b   Thumb Code    40  usart_driver.o(i.USART_GPIO_InitAll)
    USART_GetIndex                           0x0000f6b3   Thumb Code    40  usart_driver.o(i.USART_GetIndex)
    USART_GetTypeDef                         0x0000f6db   Thumb Code    40  usart_driver.o(i.USART_GetTypeDef)
    USART_WriteDatas                         0x0000f703   Thumb Code    22  usart_driver.o(i.USART_WriteDatas)
    USART_WriteLine                          0x0000f719   Thumb Code    54  usart_driver.o(i.USART_WriteLine)
    __0vsprintf                              0x0000f7d5   Thumb Code    30  printfa.o(i.__0vsprintf)
    __1vsprintf                              0x0000f7d5   Thumb Code     0  printfa.o(i.__0vsprintf)
    __2vsprintf                              0x0000f7d5   Thumb Code     0  printfa.o(i.__0vsprintf)
    __c89vsprintf                            0x0000f7d5   Thumb Code     0  printfa.o(i.__0vsprintf)
    vsprintf                                 0x0000f7d5   Thumb Code     0  printfa.o(i.__0vsprintf)
    __scatterload_copy                       0x0000f7f9   Thumb Code    14  handlers.o(i.__scatterload_copy)
    __scatterload_null                       0x0000f807   Thumb Code     2  handlers.o(i.__scatterload_null)
    __scatterload_zeroinit                   0x0000f809   Thumb Code    14  handlers.o(i.__scatterload_zeroinit)
    main                                     0x000100c5   Thumb Code    26  main.o(i.main)
    Crc16_TableH                             0x00010350   Data         256  cheakout.o(.constdata)
    Crc16_TableL                             0x00010450   Data         256  cheakout.o(.constdata)
    GBKLib_FontType1212                      0x00010b40   Data          20  main.o(.constdata)
    GBKLib_FontType1616                      0x00010b54   Data          20  main.o(.constdata)
    GBKLib_FontType1624                      0x00010b68   Data          20  main.o(.constdata)
    GBKLib_FontType2424                      0x00010b7c   Data          20  main.o(.constdata)
    GBKLib_FontType3232                      0x00010b90   Data          20  main.o(.constdata)
    GBKLib_FontType4848                      0x00010ba4   Data          20  main.o(.constdata)
    GBK0612Lib                               0x00010bb8   Data        1140  main.o(.constdata)
    GBK1212_Index                            0x0001102c   Data          15  main.o(.constdata)
    GBK1212Lib                               0x0001103b   Data         168  main.o(.constdata)
    GBK0816Lib                               0x000110e3   Data        1520  main.o(.constdata)
    GBK1616_Index                            0x000116d3   Data           9  main.o(.constdata)
    GBK1616Lib                               0x000116dc   Data         128  main.o(.constdata)
    GBK0824Lib                               0x0001175c   Data        2280  main.o(.constdata)
    GBK1624_Index                            0x00012044   Data           9  main.o(.constdata)
    GBK1624Lib                               0x0001204d   Data         192  main.o(.constdata)
    GBK1224Lib                               0x0001210d   Data        4560  main.o(.constdata)
    GBK2424_Index                            0x000132dd   Data           9  main.o(.constdata)
    GBK2424Lib                               0x000132e6   Data         288  main.o(.constdata)
    GBK1632Lib                               0x00013406   Data        6080  main.o(.constdata)
    GBK3232_Index                            0x00014bc6   Data           9  main.o(.constdata)
    GBK3232Lib                               0x00014bcf   Data         512  main.o(.constdata)
    GBK2448Lib                               0x00014dcf   Data       13680  main.o(.constdata)
    GBK4848_Index                            0x0001833f   Data           9  main.o(.constdata)
    GBK4848Lib                               0x00018348   Data        1152  main.o(.constdata)
    Menu0x1100                               0x000187c8   Data         120  main.o(.constdata)
    Menu0x1200                               0x00018840   Data          72  main.o(.constdata)
    Menu0x1300                               0x00018888   Data          96  main.o(.constdata)
    Menu0x1000                               0x000188e8   Data          60  main.o(.constdata)
    Menu0x2100                               0x00018924   Data          60  main.o(.constdata)
    Menu0x2200                               0x00018960   Data          72  main.o(.constdata)
    Menu0x2000                               0x000189a8   Data          48  main.o(.constdata)
    Menu0x3100                               0x000189d8   Data          60  main.o(.constdata)
    Menu0x3200                               0x00018a14   Data          60  main.o(.constdata)
    Menu0x3300                               0x00018a50   Data          60  main.o(.constdata)
    Menu0x3000                               0x00018a8c   Data          72  main.o(.constdata)
    Menu0x4100                               0x00018ad4   Data          96  main.o(.constdata)
    Menu0x4210                               0x00018b34   Data          96  main.o(.constdata)
    Menu0x4220                               0x00018b94   Data          96  main.o(.constdata)
    Menu0x4230                               0x00018bf4   Data          96  main.o(.constdata)
    Menu0x4200                               0x00018c54   Data          72  main.o(.constdata)
    Menu0x4300                               0x00018c9c   Data          72  main.o(.constdata)
    Menu0x4000                               0x00018ce4   Data          72  main.o(.constdata)
    Menu0x5000                               0x00018d2c   Data          84  main.o(.constdata)
    Menu0x6000                               0x00018d80   Data          24  main.o(.constdata)
    MenuHome                                 0x00018d98   Data          84  main.o(.constdata)
    TOSLogoLib                               0x00018dec   Data       33214  main.o(.constdata)
    TaskList                                 0x00020fac   Data          96  main.o(.constdata)
    LCD_API_ColorConv_M565                   0x000214f0   Data          24  GUICC_M565.o(.rodata)
    GUIDRV_Lin_16_API                        0x00021508   Data          52  GUIDRV_Lin_16.o(.rodata)
    GUI__aConvert_255_31                     0x0002153c   Data         256  GUI__DivTbl_255_31.o(.rodata)
    GUI__aConvert_255_63                     0x0002163c   Data         256  GUI__DivTbl_255_63.o(.rodata)
    GUI__aConvert_31_255                     0x0002173c   Data          32  GUI__DivTbl_31_255.o(.rodata)
    GUI__aConvert_63_255                     0x0002175c   Data          64  GUI__DivTbl_63_255.o(.rodata)
    LCD_aMirror                              0x000217a8   Data         256  LCD_Mirror.o(.rodata)
    GUI_Font6x8                              0x00021f9c   Data          36  F6x8.o(.rodata)
    GUI_Font6x9                              0x00021fc0   Data          36  F6x8.o(.rodata)
    LCD_API_ColorConv_0                      0x00021fe4   Data          24  GUICC_0.o(.rodata)
    LCD_API_ColorConv_8888                   0x00021ffc   Data          24  GUICC_8888.o(.rodata)
    Region$$Table$$Base                      0x00022014   Number         0  anon$$obj.o(Region$$Table)
    Region$$Table$$Limit                     0x00022034   Number         0  anon$$obj.o(Region$$Table)
    SystemCoreClock                          0x10000000   Data           4  system_lpc177x_8x.o(.data)
    PeripheralClock                          0x10000004   Data           4  system_lpc177x_8x.o(.data)
    EMCClock                                 0x10000008   Data           4  system_lpc177x_8x.o(.data)
    USBClock                                 0x1000000c   Data           4  system_lpc177x_8x.o(.data)
    DeviceId_USART_TX                        0x10000010   Data           5  usart_driver.o(.data)
    DeviceId_USART_RX                        0x10000015   Data           5  usart_driver.o(.data)
    USART_TX_TaskID                          0x1000001a   Data           5  usart_driver.o(.data)
    USART_RX_TaskID                          0x1000001f   Data           5  usart_driver.o(.data)
    guiNextTaskSp                            0x10000030   Data           4  tos.o(.data)
    gpuiCurTaskSpAddr                        0x10000034   Data           4  tos.o(.data)
    Tos_CPUInfor                             0x10000038   Data           8  tos.o(.data)
    Tos_TaskCurrent                          0x10000040   Data           1  tos.o(.data)
    Tos_TaskMail                             0x10000044   Data           4  tos.o(.data)
    Tos_TaskTcb                              0x10000048   Data           4  tos.o(.data)
    Tos_TaskStackIndex                       0x1000004c   Data           4  tos.o(.data)
    Tos_Timer_P                              0x10000050   Data           4  tos_timer.o(.data)
    RootMema                                 0x10000054   Data           4  tos_mema.o(.data)
    DeviceId_Index                           0x10000058   Data           1  tos_device.o(.data)
    Tos_Device_Tab                           0x1000005c   Data           4  tos_device.o(.data)
    DeBug_EN                                 0x10000060   Data           1  debug.o(.data)
    DeBug_Out                                0x10000061   Data           1  debug.o(.data)
    DeBug_Type                               0x10000062   Data           1  debug.o(.data)
    DeBug_CB                                 0x10000064   Data           4  debug.o(.data)
    OS_TimeMS                                0x10000068   Data           4  gui_x.o(.data)
    DeviceId_LCD                             0x1000006c   Data           1  main.o(.data)
    BoolString                               0x10000070   Data           8  main.o(.data)
    KeyIn_Tos_TaskID                         0x10000078   Data           1  main.o(.data)
    _Tos_Cpu_Freq                            0x1000007c   Data           4  main.o(.data)
    P_TGui_Style                             0x1000009c   Data           4  main.o(.data)
    P_TGUI_Font                              0x100000a0   Data           4  main.o(.data)
    Cursor_X                                 0x100000a4   Data           2  main.o(.data)
    Cursor_Y                                 0x100000a6   Data           2  main.o(.data)
    MenuValue                                0x100000a8   Data           4  main.o(.data)
    GUI_DecChar                              0x100000c0   Data           1  GUI_Core.o(.data)
    GUI_pUC_API                              0x100000c4   Data           4  GUI_Core.o(.data)
    GUI__pFontDefault                        0x100000c8   Data           4  GUI_Core.o(.data)
    GUITASK__EntranceCnt                     0x100000dc   Data           4  GUI_Task.o(.data)
    LCD__pSetColorAPI                        0x100000e8   Data           4  LCD.o(.data)
    LCD__aConvTable                          0x100000f4   Data           4  LCD_Color.o(.data)
    LCD_pBkColorIndex                        0x10000100   Data           4  LCD_Color.o(.data)
    LCD_pColorIndex                          0x10000104   Data           4  LCD_Color.o(.data)
    USART_RX_Buffer                          0x10000178   Data          20  usart_driver.o(.bss)
    USART_TX_Buffer                          0x1000018c   Data          20  usart_driver.o(.bss)
    USART_RX_Count                           0x100001a0   Data          10  usart_driver.o(.bss)
    USART_RX_Index                           0x100001aa   Data          10  usart_driver.o(.bss)
    MemBuf                                   0x100001b4   Data       40000  tos_mema.o(.bss)
    TGui_Style                               0x10009df4   Data          22  main.o(.bss)
    TGUI_Font                                0x10009e0c   Data          28  main.o(.bss)
    Run_Value                                0x10009e28   Data          64  main.o(.bss)
    GUI_ALLOC__Context                       0x10009ea4   Data         188  GUI_Alloc.o(.bss)
    GUI_Context                              0x10009f60   Data         224  GUI_Core.o(.bss)
    GUI_pfTimerExec                          0x1000a040   Data           4  GUI_Core.o(.bss)
    WM_pfHandlePID                           0x1000a044   Data           4  GUI_Core.o(.bss)
    GUI_pLCD_APIList                         0x1000a048   Data           4  GUI_Core.o(.bss)
    GUI_OrgX                                 0x1000a04c   Data           2  GUI_Core.o(.bss)
    GUI_OrgY                                 0x1000a04e   Data           2  GUI_Core.o(.bss)
    WM__NumWindows                           0x1000a062   Data           2  WM.o(.bss)
    WM__NumInvalidWindows                    0x1000a064   Data           2  WM.o(.bss)
    WM__TouchedLayer                         0x1000a068   Data           4  WM.o(.bss)
    WM__FirstWin                             0x1000a06c   Data           4  WM.o(.bss)
    WM__pFirstCriticalHandle                 0x1000a070   Data           4  WM.o(.bss)
    WM__ahDesktopWin                         0x1000a074   Data          64  WM.o(.bss)
    WM__CreateFlags                          0x1000a0b4   Data           4  WM.o(.bss)
    WM_pfPollPID                             0x1000a0b8   Data           4  WM.o(.bss)
    WM_MULTIBUF__pAPI                        0x1000a0bc   Data           4  WM.o(.bss)
    WM__TransWindowCnt                       0x1000a0c0   Data           4  WM.o(.bss)
    WM__hATransWindow                        0x1000a0c4   Data           4  WM.o(.bss)
    WM__aBkColor                             0x1000a0d8   Data          64  WM.o(.bss)
    WM__ahCapture                            0x1000a118   Data          64  WM.o(.bss)
    WM__ahWinFocus                           0x1000a158   Data          64  WM.o(.bss)
    WM__PaintCallbackCnt                     0x1000a1b0   Data           1  WM.o(.bss)
    WM__aCHWinModal                          0x1000a238   Data         128  WM_Touch.o(.bss)
    WM__aCHWinLast                           0x1000a2b8   Data         128  WM_Touch.o(.bss)
    WM__aCHWinMouseOver                      0x1000a338   Data         128  WM_Touch.o(.bss)
    __initial_sp                             0x1000a850   Data           0  startup_lpc177x_8x.o(STACK)



==============================================================================

Memory Map of the image

  Image Entry point : 0x000000e5

  Load Region LR_IROM1 (Base: 0x00000000, Size: 0x000221ac, Max: 0x00080000, ABSOLUTE, COMPRESSED[0x0002208c])

    Execution Region ER_IROM1 (Base: 0x00000000, Size: 0x00022034, Max: 0x00080000, ABSOLUTE)

    Base Addr    Size         Type   Attr      Idx    E Section Name        Object

    0x00000000   0x000000e4   Data   RO         1162    RESET               startup_lpc177x_8x.o
    0x000000e4   0x00000000   Code   RO         5083  * .ARM.Collect$$$$00000000  mc_w.l(entry.o)
    0x000000e4   0x00000004   Code   RO         5178    .ARM.Collect$$$$00000001  mc_w.l(entry2.o)
    0x000000e8   0x00000004   Code   RO         5181    .ARM.Collect$$$$00000004  mc_w.l(entry5.o)
    0x000000ec   0x00000000   Code   RO         5183    .ARM.Collect$$$$00000008  mc_w.l(entry7b.o)
    0x000000ec   0x00000000   Code   RO         5185    .ARM.Collect$$$$0000000A  mc_w.l(entry8b.o)
    0x000000ec   0x00000008   Code   RO         5186    .ARM.Collect$$$$0000000B  mc_w.l(entry9a.o)
    0x000000f4   0x00000000   Code   RO         5188    .ARM.Collect$$$$0000000D  mc_w.l(entry10a.o)
    0x000000f4   0x00000000   Code   RO         5190    .ARM.Collect$$$$0000000F  mc_w.l(entry11a.o)
    0x000000f4   0x00000004   Code   RO         5179    .ARM.Collect$$$$00002712  mc_w.l(entry2.o)
    0x000000f8   0x00000024   Code   RO         1164    .text               startup_lpc177x_8x.o
    0x0000011c   0x00000194   Code   RO         3606    .text               emWin_516_Keil4_M3_LE.lib(GUIAA_FillRoundedRect.o)
    0x000002b0   0x00000026   Code   RO         3728    .text               emWin_516_Keil4_M3_LE.lib(GUI_SetColor.o)
    0x000002d6   0x00000002   PAD
    0x000002d8   0x00000010   Code   RO         3861    .text               emWin_516_Keil4_M3_LE.lib(WM_SetCreateFlags.o)
    0x000002e8   0x00000002   Code   RO         3875    .text               emWin_516_Keil4_M3_LE.lib(GUI_Error.o)
    0x000002ea   0x0000000e   Code   RO         4287    .text               emWin_516_Keil4_M3_LE.lib(LCD_GetPixelColor.o)
    0x000002f8   0x00000002   Code   RO         4883    .text               emWin_516_Keil4_M3_LE.lib(GUICC_8888_Index2Color.o)
    0x000002fa   0x00000002   Code   RO         5045    .text               emWin_516_Keil4_M3_LE.lib(GUICC_888_Index2Color.o)
    0x000002fc   0x00000004   Code   RO         1163    .ARM.__at_0x02FC    startup_lpc177x_8x.o
    0x00000300   0x000002f0   Code   RO         3615    .text               emWin_516_Keil4_M3_LE.lib(GUIAA_Lib.o)
    0x000005f0   0x000000ac   Code   RO         3635    .text               emWin_516_Keil4_M3_LE.lib(GUICC_M565.o)
    0x0000069c   0x00000a18   Code   RO         3648    .text               emWin_516_Keil4_M3_LE.lib(GUI_Alloc.o)
    0x000010b4   0x0000018c   Code   RO         3698    .text               emWin_516_Keil4_M3_LE.lib(GUI_Core.o)
    0x00001240   0x0000014c   Code   RO         3714    .text               emWin_516_Keil4_M3_LE.lib(GUI_Device.o)
    0x0000138c   0x000001b8   Code   RO         3736    .text               emWin_516_Keil4_M3_LE.lib(LCD_GetEx.o)
    0x00001544   0x000002b8   Code   RO         3782    .text               emWin_516_Keil4_M3_LE.lib(LCD_Set.o)
    0x000017fc   0x00000be4   Code   RO         3814    .text               emWin_516_Keil4_M3_LE.lib(GUIDRV_Lin_16.o)
    0x000023e0   0x0000002c   Code   RO         3868    .text               emWin_516_Keil4_M3_LE.lib(GUICC_M565_Index2Color.o)
    0x0000240c   0x00000040   Code   RO         3882    .text               emWin_516_Keil4_M3_LE.lib(GUI_Goto.o)
    0x0000244c   0x0000003c   Code   RO         3893    .text               emWin_516_Keil4_M3_LE.lib(GUI_SetOrg.o)
    0x00002488   0x00000140   Code   RO         3900    .text               emWin_516_Keil4_M3_LE.lib(GUI_Task.o)
    0x000025c8   0x0000003c   Code   RO         3915    .text               emWin_516_Keil4_M3_LE.lib(GUI_UC_EncodeNone.o)
    0x00002604   0x00000054   Code   RO         3951    .text               emWin_516_Keil4_M3_LE.lib(GUI__memset.o)
    0x00002658   0x00000624   Code   RO         3958    .text               emWin_516_Keil4_M3_LE.lib(LCD.o)
    0x00002c7c   0x000001dc   Code   RO         3989    .text               emWin_516_Keil4_M3_LE.lib(LCD_AA.o)
    0x00002e58   0x00000110   Code   RO         4001    .text               emWin_516_Keil4_M3_LE.lib(LCD_Color.o)
    0x00002f68   0x0000093c   Code   RO         4027    .text               emWin_516_Keil4_M3_LE.lib(GUIDEV_16.o)
    0x000038a4   0x0000135c   Code   RO         4050    .text               emWin_516_Keil4_M3_LE.lib(WM.o)
    0x00004c00   0x00000014   Code   RO         4111    .text               emWin_516_Keil4_M3_LE.lib(WM_GetDesktopWindow.o)
    0x00004c14   0x00000024   Code   RO         4118    .text               emWin_516_Keil4_M3_LE.lib(WM__GetOrg_AA.o)
    0x00004c38   0x000000f0   Code   RO         4128    .text               emWin_516_Keil4_M3_LE.lib(GUICC_0.o)
    0x00004d28   0x0000002e   Code   RO         4141    .text               emWin_516_Keil4_M3_LE.lib(GUI_ALLOC_AllocZero.o)
    0x00004d56   0x00000002   PAD
    0x00004d58   0x0000017c   Code   RO         4148    .text               emWin_516_Keil4_M3_LE.lib(GUI_CharM.o)
    0x00004ed4   0x0000005c   Code   RO         4159    .text               emWin_516_Keil4_M3_LE.lib(GUI_MergeRect.o)
    0x00004f30   0x0000001c   Code   RO         4164    .text               emWin_516_Keil4_M3_LE.lib(GUI_MoveRect.o)
    0x00004f4c   0x000000d0   Code   RO         4172    .text               emWin_516_Keil4_M3_LE.lib(GUI_OnKey.o)
    0x0000501c   0x00000038   Code   RO         4186    .text               emWin_516_Keil4_M3_LE.lib(GUI_RectsIntersect.o)
    0x00005054   0x0000001a   Code   RO         4191    .text               emWin_516_Keil4_M3_LE.lib(GUI_SaveContext.o)
    0x0000506e   0x00000002   PAD
    0x00005070   0x000000f2   Code   RO         4202    .text               emWin_516_Keil4_M3_LE.lib(GUI_SelectLayer.o)
    0x00005162   0x00000002   PAD
    0x00005164   0x00000052   Code   RO         4219    .text               emWin_516_Keil4_M3_LE.lib(GUI_SetDefault.o)
    0x000051b6   0x00000002   PAD
    0x000051b8   0x00000084   Code   RO         4230    .text               emWin_516_Keil4_M3_LE.lib(GUI_WaitEvent.o)
    0x0000523c   0x00000040   Code   RO         4242    .text               emWin_516_Keil4_M3_LE.lib(GUI__IntersectRect.o)
    0x0000527c   0x00000062   Code   RO         4249    .text               emWin_516_Keil4_M3_LE.lib(GUI__IntersectRects.o)
    0x000052de   0x00000002   PAD
    0x000052e0   0x000000c0   Code   RO         4256    .text               emWin_516_Keil4_M3_LE.lib(GUI__ManageCache.o)
    0x000053a0   0x00000042   Code   RO         4266    .text               emWin_516_Keil4_M3_LE.lib(GUI__memset16.o)
    0x000053e2   0x00000002   PAD
    0x000053e4   0x000000c4   Code   RO         4273    .text               emWin_516_Keil4_M3_LE.lib(GUI__SetPixelAlpha.o)
    0x000054a8   0x0000001a   Code   RO         4282    .text               emWin_516_Keil4_M3_LE.lib(LCD_GetNumDisplays.o)
    0x000054c2   0x00000002   PAD
    0x000054c4   0x0000002c   Code   RO         4292    .text               emWin_516_Keil4_M3_LE.lib(LCD_SetClipRectEx.o)
    0x000054f0   0x0000036e   Code   RO         4299    .text               emWin_516_Keil4_M3_LE.lib(GUIDEV.o)
    0x0000585e   0x00000002   PAD
    0x00005860   0x00000106   Code   RO         4317    .text               emWin_516_Keil4_M3_LE.lib(GUIDEV_Banding.o)
    0x00005966   0x00000002   PAD
    0x00005968   0x0000046a   Code   RO         4327    .text               emWin_516_Keil4_M3_LE.lib(GUIDEV_StaticDevices.o)
    0x00005dd2   0x00000002   PAD
    0x00005dd4   0x00000080   Code   RO         4345    .text               emWin_516_Keil4_M3_LE.lib(GUIDEV_Usage.o)
    0x00005e54   0x00000658   Code   RO         4355    .text               emWin_516_Keil4_M3_LE.lib(GUIDEV_WriteToActiveOpaque.o)
    0x000064ac   0x0000008c   Code   RO         4366    .text               emWin_516_Keil4_M3_LE.lib(WM_BringToBottom.o)
    0x00006538   0x00000030   Code   RO         4373    .text               emWin_516_Keil4_M3_LE.lib(WM_CriticalHandle.o)
    0x00006568   0x0000006e   Code   RO         4382    .text               emWin_516_Keil4_M3_LE.lib(WM_GetClientRect.o)
    0x000065d6   0x0000001a   Code   RO         4393    .text               emWin_516_Keil4_M3_LE.lib(WM_GetFirstChild.o)
    0x000065f0   0x00000014   Code   RO         4400    .text               emWin_516_Keil4_M3_LE.lib(WM_NotifyParent.o)
    0x00006604   0x0000001a   Code   RO         4407    .text               emWin_516_Keil4_M3_LE.lib(WM_SendMessageNoPara.o)
    0x0000661e   0x00000026   Code   RO         4414    .text               emWin_516_Keil4_M3_LE.lib(WM_SendToParent.o)
    0x00006644   0x00000176   Code   RO         4421    .text               emWin_516_Keil4_M3_LE.lib(WM_Timer.o)
    0x000067ba   0x00000002   PAD
    0x000067bc   0x00000040   Code   RO         4456    .text               emWin_516_Keil4_M3_LE.lib(WM__SendMessage.o)
    0x000067fc   0x00000028   Code   RO         4464    .text               emWin_516_Keil4_M3_LE.lib(GUICC_8888.o)
    0x00006824   0x0000003e   Code   RO         4474    .text               emWin_516_Keil4_M3_LE.lib(GUI_CalcColorDist.o)
    0x00006862   0x00000002   PAD
    0x00006864   0x0000003c   Code   RO         4503    .text               emWin_516_Keil4_M3_LE.lib(GUI_GetOrg.o)
    0x000068a0   0x00000050   Code   RO         4512    .text               emWin_516_Keil4_M3_LE.lib(GUI_Pen.o)
    0x000068f0   0x0000001a   Code   RO         4539    .text               emWin_516_Keil4_M3_LE.lib(GUI_SelectLCD.o)
    0x0000690a   0x00000002   PAD
    0x0000690c   0x00000aec   Code   RO         4546    .text               emWin_516_Keil4_M3_LE.lib(GUI_SetAlpha.o)
    0x000073f8   0x00000018   Code   RO         4581    .text               emWin_516_Keil4_M3_LE.lib(GUI_SetDrawMode.o)
    0x00007410   0x0000001c   Code   RO         4586    .text               emWin_516_Keil4_M3_LE.lib(GUI_SetFont.o)
    0x0000742c   0x0000001c   Code   RO         4593    .text               emWin_516_Keil4_M3_LE.lib(GUI_SetLineStyle.o)
    0x00007448   0x0000001c   Code   RO         4600    .text               emWin_516_Keil4_M3_LE.lib(GUI_SetTextAlign.o)
    0x00007464   0x0000001c   Code   RO         4607    .text               emWin_516_Keil4_M3_LE.lib(GUI_SetTextMode.o)
    0x00007480   0x00000064   Code   RO         4614    .text               emWin_516_Keil4_M3_LE.lib(GUI_Time.o)
    0x000074e4   0x0000041a   Code   RO         4623    .text               emWin_516_Keil4_M3_LE.lib(GUI_Timer.o)
    0x000078fe   0x00000268   Code   RO         4647    .text               emWin_516_Keil4_M3_LE.lib(GUI__CompactPixelIndices.o)
    0x00007b66   0x00000002   PAD
    0x00007b68   0x00000070   Code   RO         4656    .text               emWin_516_Keil4_M3_LE.lib(LCD_GetP.o)
    0x00007bd8   0x00000020   Code   RO         4665    .text               emWin_516_Keil4_M3_LE.lib(LCD_UpdateColorIndices.o)
    0x00007bf8   0x0000094c   Code   RO         4672    .text               emWin_516_Keil4_M3_LE.lib(GUIDEV_32.o)
    0x00008544   0x00000044   Code   RO         4697    .text               emWin_516_Keil4_M3_LE.lib(GUIDEV_Clear.o)
    0x00008588   0x0000003c   Code   RO         4704    .text               emWin_516_Keil4_M3_LE.lib(GUIDEV_CreateFixed.o)
    0x000085c4   0x00000024   Code   RO         4711    .text               emWin_516_Keil4_M3_LE.lib(GUIDEV_GetDataPtr.o)
    0x000085e8   0x00000060   Code   RO         4718    .text               emWin_516_Keil4_M3_LE.lib(GUIDEV_GetPos.o)
    0x00008648   0x00000034   Code   RO         4728    .text               emWin_516_Keil4_M3_LE.lib(GUIDEV_GetXSize.o)
    0x0000867c   0x00000034   Code   RO         4735    .text               emWin_516_Keil4_M3_LE.lib(GUIDEV_GetYSize.o)
    0x000086b0   0x00000038   Code   RO         4742    .text               emWin_516_Keil4_M3_LE.lib(GUIDEV_ReduceYSize.o)
    0x000086e8   0x0000006c   Code   RO         4749    .text               emWin_516_Keil4_M3_LE.lib(GUIDEV_SetOrg.o)
    0x00008754   0x000001b4   Code   RO         4756    .text               emWin_516_Keil4_M3_LE.lib(GUIDEV_UsageBM.o)
    0x00008908   0x00000084   Code   RO         4769    .text               emWin_516_Keil4_M3_LE.lib(GUIDEV_Write.o)
    0x0000898c   0x0000001a   Code   RO         4778    .text               emWin_516_Keil4_M3_LE.lib(WM_GetParent.o)
    0x000089a6   0x00000002   PAD
    0x000089a8   0x00000058   Code   RO         4785    .text               emWin_516_Keil4_M3_LE.lib(WM_GetWindowRect.o)
    0x00008a00   0x00000040   Code   RO         4801    .text               emWin_516_Keil4_M3_LE.lib(WM_OnKey.o)
    0x00008a40   0x0000004a   Code   RO         4838    .text               emWin_516_Keil4_M3_LE.lib(WM_SetSize.o)
    0x00008a8a   0x00000022   Code   RO         4845    .text               emWin_516_Keil4_M3_LE.lib(WM__GetPrevSibling.o)
    0x00008aac   0x0000002c   Code   RO         4875    .text               emWin_516_Keil4_M3_LE.lib(WM__SendMessageNoPara.o)
    0x00008ad8   0x00000038   Code   RO         4904    .text               emWin_516_Keil4_M3_LE.lib(GUI_Exec.o)
    0x00008b10   0x0000023e   Code   RO         4958    .text               emWin_516_Keil4_M3_LE.lib(GUI__ExpandPixelIndices.o)
    0x00008d4e   0x00000002   PAD
    0x00008d50   0x0000003c   Code   RO         4967    .text               emWin_516_Keil4_M3_LE.lib(LCD_SelectLCD.o)
    0x00008d8c   0x00000104   Code   RO         4974    .text               emWin_516_Keil4_M3_LE.lib(GUIDEV_WriteToActiveAlpha.o)
    0x00008e90   0x000000fa   Code   RO         4988    .text               emWin_516_Keil4_M3_LE.lib(WM_ResizeWindow.o)
    0x00008f8a   0x00000010   Code   RO         4995    .text               emWin_516_Keil4_M3_LE.lib(WM__GetFirstSibling.o)
    0x00008f9a   0x00000002   PAD
    0x00008f9c   0x00000224   Code   RO         5024    .text               emWin_516_Keil4_M3_LE.lib(GUI__Alpha.o)
    0x000091c0   0x000000d8   Code   RO         5038    .text               emWin_516_Keil4_M3_LE.lib(WM__UpdateChildPositions.o)
    0x00009298   0x00000296   Code   RO         5050    .text               emWin_516_Keil4_M3_LE.lib(LCD_ReadRect.o)
    0x0000952e   0x00000174   Code   RO         5062    .text               emWin_516_Keil4_M3_LE.lib(WM_Move.o)
    0x000096a2   0x00000062   Code   RO         5086    .text               mc_w.l(uldiv.o)
    0x00009704   0x00000040   Code   RO         5090    .text               mc_w.l(memmovea.o)
    0x00009744   0x00000024   Code   RO         5092    .text               mc_w.l(memseta.o)
    0x00009768   0x000000b0   Code   RO         5126    .text               mf_w.l(fadd.o)
    0x00009818   0x0000006c   Code   RO         5128    .text               mf_w.l(fmul.o)
    0x00009884   0x0000014e   Code   RO         5132    .text               mf_w.l(dadd.o)
    0x000099d2   0x000000e4   Code   RO         5134    .text               mf_w.l(dmul.o)
    0x00009ab6   0x000000de   Code   RO         5136    .text               mf_w.l(ddiv.o)
    0x00009b94   0x00000012   Code   RO         5138    .text               mf_w.l(fflti.o)
    0x00009ba6   0x0000000a   Code   RO         5140    .text               mf_w.l(ffltui.o)
    0x00009bb0   0x00000032   Code   RO         5146    .text               mf_w.l(ffixi.o)
    0x00009be2   0x00000028   Code   RO         5148    .text               mf_w.l(ffixui.o)
    0x00009c0a   0x0000003e   Code   RO         5150    .text               mf_w.l(dfixi.o)
    0x00009c48   0x00000026   Code   RO         5154    .text               mf_w.l(f2d.o)
    0x00009c6e   0x00000038   Code   RO         5158    .text               mf_w.l(d2f.o)
    0x00009ca6   0x00000002   PAD
    0x00009ca8   0x00000014   Code   RO         5162    .text               mf_w.l(cfrcmple.o)
    0x00009cbc   0x0000002c   Code   RO         5195    .text               mc_w.l(uidiv.o)
    0x00009ce8   0x0000001e   Code   RO         5197    .text               mc_w.l(llshl.o)
    0x00009d06   0x00000020   Code   RO         5199    .text               mc_w.l(llushr.o)
    0x00009d26   0x00000024   Code   RO         5201    .text               mc_w.l(llsshr.o)
    0x00009d4a   0x00000000   Code   RO         5210    .text               mc_w.l(iusefp.o)
    0x00009d4a   0x0000006c   Code   RO         5211    .text               mf_w.l(fepilogue.o)
    0x00009db6   0x000000be   Code   RO         5213    .text               mf_w.l(depilogue.o)
    0x00009e74   0x00000030   Code   RO         5217    .text               mf_w.l(dfixul.o)
    0x00009ea4   0x00000028   Code   RO         5219    .text               mf_w.l(cdrcmple.o)
    0x00009ecc   0x00000024   Code   RO         5227    .text               mc_w.l(init.o)
    0x00009ef0   0x0000005c   Code   RO         5239    .text               mc_w.l(__dczerorl2.o)
    0x00009f4c   0x00000050   Code   RO         1678    TOS_CORE_A          tos_core_a.o
    0x00009f9c   0x00000028   Code   RO         1988    i.ALL_TFT           tts.o
    0x00009fc4   0x00000022   Code   RO         1992    i.BufferCoppy       tts.o
    0x00009fe6   0x00000016   Code   RO         1993    i.BufferFill        tts.o
    0x00009ffc   0x00000030   Code   RO           88    i.CLKPWR_ConfigPPWR  lpc177x_8x_clkpwr.o
    0x0000a02c   0x00000040   Code   RO           91    i.CLKPWR_GetCLK     lpc177x_8x_clkpwr.o
    0x0000a06c   0x0000003c   Code   RO         1998    i.CompareWithString  tts.o
    0x0000a0a8   0x0000012c   Code   RO         1823    i.DeBug             debug.o
    0x0000a1d4   0x0000000c   Code   RO         1827    i.DeBug_SetCallBack  debug.o
    0x0000a1e0   0x00000012   Code   RO         2670    i.DebugCall         main.o
    0x0000a1f2   0x0000001e   Code   RO         2499    i.DelayUS           gui_x.o
    0x0000a210   0x0000001c   Code   RO         2671    i.DelayUS           main.o
    0x0000a22c   0x00000080   Code   RO         1750    i.DeviceList_Init   tos_device.o
    0x0000a2ac   0x0000017c   Code   RO         1291    i.DeviceMount_Usart  usart_driver.o
    0x0000a428   0x00000078   Code   RO         1754    i.Device_Init       tos_device.o
    0x0000a4a0   0x0000003e   Code   RO         2674    i.Draw_Full_List    main.o
    0x0000a4de   0x00000046   Code   RO         2676    i.Draw_X_8Bit       main.o
    0x0000a524   0x0000008c   Code   RO          757    i.EEPROM_Erase      lpc177x_8x_eeprom.o
    0x0000a5b0   0x0000007c   Code   RO          758    i.EEPROM_Init       lpc177x_8x_eeprom.o
    0x0000a62c   0x0000013c   Code   RO          760    i.EEPROM_Read       lpc177x_8x_eeprom.o
    0x0000a768   0x0000016c   Code   RO          761    i.EEPROM_Write      lpc177x_8x_eeprom.o
    0x0000a8d4   0x0000001e   Code   RO         1172    i.Flash_ReadData    cpu.o
    0x0000a8f2   0x00000030   Code   RO         1173    i.Flash_WriteData   cpu.o
    0x0000a922   0x0000003a   Code   RO         2013    i.FlowPoolFilter    tts.o
    0x0000a95c   0x0000001e   Code   RO         2014    i.FmtToBuf          tts.o
    0x0000a97a   0x0000002c   Code   RO         2678    i.GLCD_Clear        main.o
    0x0000a9a6   0x00000002   PAD
    0x0000a9a8   0x000001fc   Code   RO         2679    i.GLCD_Config       main.o
    0x0000aba4   0x00000064   Code   RO         2681    i.GLCD_Ctrl         main.o
    0x0000ac08   0x00000018   Code   RO         2687    i.GLCD_SetPixel_16bpp  main.o
    0x0000ac20   0x00000014   Code   RO          362    i.GPIO_ClearValue   lpc177x_8x_gpio.o
    0x0000ac34   0x00000040   Code   RO          365    i.GPIO_GetPointer   lpc177x_8x_gpio.o
    0x0000ac74   0x0000001e   Code   RO          368    i.GPIO_OutputValue  lpc177x_8x_gpio.o
    0x0000ac92   0x00000016   Code   RO          369    i.GPIO_ReadValue    lpc177x_8x_gpio.o
    0x0000aca8   0x00000028   Code   RO          370    i.GPIO_SetDir       lpc177x_8x_gpio.o
    0x0000acd0   0x00000014   Code   RO          371    i.GPIO_SetValue     lpc177x_8x_gpio.o
    0x0000ace4   0x0000001c   Code   RO         2606    i.GUI_X_Config      guiconf.o
    0x0000ad00   0x0000000c   Code   RO         2500    i.GUI_X_Delay       gui_x.o
    0x0000ad0c   0x00000002   Code   RO         2502    i.GUI_X_ExecIdle    gui_x.o
    0x0000ad0e   0x00000004   Code   RO         2503    i.GUI_X_GetTaskId   gui_x.o
    0x0000ad12   0x00000002   PAD
    0x0000ad14   0x0000000c   Code   RO         2504    i.GUI_X_GetTime     gui_x.o
    0x0000ad20   0x00000002   Code   RO         2505    i.GUI_X_Init        gui_x.o
    0x0000ad22   0x00000002   Code   RO         2506    i.GUI_X_InitOS      gui_x.o
    0x0000ad24   0x00000002   Code   RO         2507    i.GUI_X_Lock        gui_x.o
    0x0000ad26   0x00000002   Code   RO         2509    i.GUI_X_Unlock      gui_x.o
    0x0000ad28   0x00000080   Code   RO         1829    i.GetChar_List      debug.o
    0x0000ada8   0x0000001e   Code   RO         2018    i.GetCountSize      tts.o
    0x0000adc6   0x00000026   Code   RO         2021    i.GetStringByFmt    tts.o
    0x0000adec   0x000000c4   Code   RO         2024    i.GetStringToNumber  tts.o
    0x0000aeb0   0x00000018   Code   RO         2025    i.GetTextLength     tts.o
    0x0000aec8   0x00000020   Code   RO         2690    i.GetVoidWord       main.o
    0x0000aee8   0x00000020   Code   RO         2691    i.Index_Uchar       main.o
    0x0000af08   0x00000040   Code   RO         2692    i.Index_Word        main.o
    0x0000af48   0x00000130   Code   RO         2693    i.Key_GetASCII      main.o
    0x0000b078   0x00000160   Code   RO         2694    i.Key_GetWord       main.o
    0x0000b1d8   0x0000000c   Code   RO         2696    i.LCD_Clear_Screen  main.o
    0x0000b1e4   0x00000038   Code   RO         2697    i.LCD_ClockDivide   main.o
    0x0000b21c   0x00000026   Code   RO         2700    i.LCD_Draw_LineX    main.o
    0x0000b242   0x00000026   Code   RO         2701    i.LCD_Draw_LineY    main.o
    0x0000b268   0x00000014   Code   RO         2704    i.LCD_Initializtion  main.o
    0x0000b27c   0x00000018   Code   RO         2705    i.LCD_Set_Pixel     main.o
    0x0000b294   0x0000006c   Code   RO         2626    i.LCD_X_Config      lcdconf.o
    0x0000b300   0x0000003a   Code   RO         2627    i.LCD_X_DisplayDriver  lcdconf.o
    0x0000b33a   0x00000002   PAD
    0x0000b33c   0x00000018   Code   RO         2410    i.Load_AppConfig    appconfig.o
    0x0000b354   0x00000066   Code   RO         2411    i.Load_VoidConfig   appconfig.o
    0x0000b3ba   0x00000002   Code   RO         1174    i.MCU_Reset         cpu.o
    0x0000b3bc   0x00000234   Code   RO         2706    i.MGUI_DrawBitMap   main.o
    0x0000b5f0   0x0000012c   Code   RO         2707    i.MUI_Draw          main.o
    0x0000b71c   0x00000158   Code   RO         2708    i.MUI_DrawMenu      main.o
    0x0000b874   0x00000150   Code   RO         2709    i.MUI_Enter         main.o
    0x0000b9c4   0x00000074   Code   RO         2710    i.MUI_Fill_Bar      main.o
    0x0000ba38   0x0000011c   Code   RO         2711    i.MUI_GetColor      main.o
    0x0000bb54   0x00000024   Code   RO         2712    i.MUI_GetCurMenuInfor  main.o
    0x0000bb78   0x000000fc   Code   RO         2713    i.MUI_GetIP         main.o
    0x0000bc74   0x00000022   Code   RO         2714    i.MUI_GetKey        main.o
    0x0000bc96   0x00000002   PAD
    0x0000bc98   0x00000158   Code   RO         2715    i.MUI_GetOptionString  main.o
    0x0000bdf0   0x00000104   Code   RO         2716    i.MUI_GetString     main.o
    0x0000bef4   0x000000f0   Code   RO         2717    i.MUI_GetValue      main.o
    0x0000bfe4   0x000000a4   Code   RO         2719    i.MUI_Init          main.o
    0x0000c088   0x00000016   Code   RO         2720    i.MUI_OptionLength  main.o
    0x0000c09e   0x00000002   PAD
    0x0000c0a0   0x00000028   Code   RO         2721    i.MUI_ReSetTitle    main.o
    0x0000c0c8   0x0000002c   Code   RO         2722    i.MUI_SetDrawClear  main.o
    0x0000c0f4   0x00000188   Code   RO         2723    i.MUI_Task          main.o
    0x0000c27c   0x00000070   Code   RO         2724    i.MUI_Title         main.o
    0x0000c2ec   0x000001e0   Code   RO         2725    i.MUI_Waiting       main.o
    0x0000c4cc   0x00000030   Code   RO         1707    i.Mema_Free         tos_mema.o
    0x0000c4fc   0x0000001c   Code   RO         1708    i.Mema_Init         tos_mema.o
    0x0000c518   0x0000004c   Code   RO         1709    i.Mema_Malloc       tos_mema.o
    0x0000c564   0x000000a4   Code   RO         2726    i.Nand_ReadMap      main.o
    0x0000c608   0x00000048   Code   RO          666    i.PINSEL_ConfigPin  lpc177x_8x_pinsel.o
    0x0000c650   0x000000a4   Code   RO          668    i.PINSEL_GetPinType  lpc177x_8x_pinsel.o
    0x0000c6f4   0x00000018   Code   RO          678    i.PIN_GetPointer    lpc177x_8x_pinsel.o
    0x0000c70c   0x00000054   Code   RO         2727    i.Printf            main.o
    0x0000c760   0x0000002a   Code   RO         2728    i.PrintfVoid        main.o
    0x0000c78a   0x00000002   PAD
    0x0000c78c   0x0000011c   Code   RO         2729    i.Printf_Data       main.o
    0x0000c8a8   0x00000080   Code   RO         2730    i.Printf_Infor      main.o
    0x0000c928   0x0000017c   Code   RO         2731    i.Printf_String     main.o
    0x0000caa4   0x00000098   Code   RO         2732    i.Printf_Yes        main.o
    0x0000cb3c   0x000000f8   Code   RO         2733    i.Printf_YesOrNo    main.o
    0x0000cc34   0x000000c8   Code   RO         2735    i.RAM_ReadMap       main.o
    0x0000ccfc   0x0000002c   Code   RO         2736    i.RD_AD             main.o
    0x0000cd28   0x000000c8   Code   RO         2737    i.ROM_ReadMap       main.o
    0x0000cdf0   0x000001ec   Code   RO         2738    i.Read_Ads7846      main.o
    0x0000cfdc   0x00000032   Code   RO         2739    i.Read_X            main.o
    0x0000d00e   0x00000032   Code   RO         2740    i.Read_Y            main.o
    0x0000d040   0x000001cc   Code   RO         1265    i.SDRAM_32M_16BIT_Init  sdram_k4s561632c_32m_16bit.o
    0x0000d20c   0x00000018   Code   RO          805    i.SSP_Cmd           lpc177x_8x_ssp.o
    0x0000d224   0x0000001c   Code   RO          806    i.SSP_ConfigStructInit  lpc177x_8x_ssp.o
    0x0000d240   0x00000010   Code   RO          813    i.SSP_GetStatus     lpc177x_8x_ssp.o
    0x0000d250   0x0000006c   Code   RO          814    i.SSP_Init          lpc177x_8x_ssp.o
    0x0000d2bc   0x00000008   Code   RO          818    i.SSP_ReceiveData   lpc177x_8x_ssp.o
    0x0000d2c4   0x00000006   Code   RO          819    i.SSP_SendData      lpc177x_8x_ssp.o
    0x0000d2ca   0x00000012   Code   RO            3    i.SYSTICK_ClearCounterFlag  lpc177x_8x_systick.o
    0x0000d2dc   0x00000028   Code   RO            4    i.SYSTICK_Cmd       lpc177x_8x_systick.o
    0x0000d304   0x00000028   Code   RO            7    i.SYSTICK_IntCmd    lpc177x_8x_systick.o
    0x0000d32c   0x0000005c   Code   RO            8    i.SYSTICK_InternalInit  lpc177x_8x_systick.o
    0x0000d388   0x00000018   Code   RO         2412    i.Save_AppConfig    appconfig.o
    0x0000d3a0   0x0000002c   Code   RO         2413    i.Save_VoidConfig   appconfig.o
    0x0000d3cc   0x00000024   Code   RO         2038    i.StringCoppy       tts.o
    0x0000d3f0   0x00000042   Code   RO         2039    i.StringEndingAppend  tts.o
    0x0000d432   0x0000006a   Code   RO         2043    i.StringToIPUint32  tts.o
    0x0000d49c   0x0000001c   Code   RO         1175    i.SysTick_Handler   cpu.o
    0x0000d4b8   0x00000016   Code   RO         1176    i.SysTick_Set       cpu.o
    0x0000d4ce   0x00000002   PAD
    0x0000d4d0   0x000000f4   Code   RO         1124    i.SystemInit        system_lpc177x_8x.o
    0x0000d5c4   0x00000030   Code   RO         2047    i.TFT_RGB           tts.o
    0x0000d5f4   0x00000014   Code   RO         2741    i.TGUI_Clear_Show   main.o
    0x0000d608   0x00000020   Code   RO         2742    i.TGUI_DefaultStyle  main.o
    0x0000d628   0x000000a0   Code   RO         2745    i.TGUI_Draw_ASCII   main.o
    0x0000d6c8   0x00000210   Code   RO         2752    i.TGUI_Draw_FormatString  main.o
    0x0000d8d8   0x0000004c   Code   RO         2756    i.TGUI_Draw_Rectangle  main.o
    0x0000d924   0x000000c0   Code   RO         2759    i.TGUI_Draw_Word    main.o
    0x0000d9e4   0x00000032   Code   RO         2765    i.TGUI_Fill_Rectangle  main.o
    0x0000da16   0x00000002   PAD
    0x0000da18   0x00000038   Code   RO         2768    i.TGUI_Get_StringPixel  main.o
    0x0000da50   0x00000054   Code   RO         2769    i.TGUI_Index_Word   main.o
    0x0000daa4   0x00000020   Code   RO         2770    i.TGUI_Set_Color    main.o
    0x0000dac4   0x0000006c   Code   RO         2771    i.TGUI_Set_Font     main.o
    0x0000db30   0x0000000c   Code   RO         2772    i.TGUI_Set_LineN    main.o
    0x0000db3c   0x00000118   Code   RO         2773    i.TGUI_Set_LocalFont  main.o
    0x0000dc54   0x00000028   Code   RO         2775    i.TGUI_Set_Region   main.o
    0x0000dc7c   0x000001bc   Code   RO         2776    i.TGui_Draw_Line    main.o
    0x0000de38   0x00000022   Code   RO         2778    i.TP_GetAdXY        main.o
    0x0000de5a   0x00000002   PAD
    0x0000de5c   0x0000007c   Code   RO         2779    i.TP_Init           main.o
    0x0000ded8   0x00000060   Code   RO         2780    i.Task0             main.o
    0x0000df38   0x00000044   Code   RO         2781    i.Task1             main.o
    0x0000df7c   0x00000064   Code   RO         2782    i.Task3             main.o
    0x0000dfe0   0x000000b8   Code   RO         2783    i.Task_GetKey       main.o
    0x0000e098   0x0000003c   Code   RO         2784    i.Task_LoadConfigs  main.o
    0x0000e0d4   0x00000010   Code   RO         2785    i.Task_LoadConfigsFromNand  main.o
    0x0000e0e4   0x00000030   Code   RO         2786    i.Task_RePaint      main.o
    0x0000e114   0x00000038   Code   RO         2787    i.Task_ReSave       main.o
    0x0000e14c   0x00000020   Code   RO         2788    i.Task_SaveConfigs  main.o
    0x0000e16c   0x00000018   Code   RO         2789    i.Task_SaveConfigsToNand  main.o
    0x0000e184   0x0000001c   Code   RO         2790    i.Task_SetMenuFont  main.o
    0x0000e1a0   0x0000002c   Code   RO         2791    i.Task_SetMsgFont   main.o
    0x0000e1cc   0x00000014   Code   RO         2792    i.Task_SetTitleFont  main.o
    0x0000e1e0   0x00000018   Code   RO         2793    i.Task_ShowAsk      main.o
    0x0000e1f8   0x0000001c   Code   RO         2794    i.Task_ShowInfor    main.o
    0x0000e214   0x00000088   Code   RO         2795    i.Task_ShowTos      main.o
    0x0000e29c   0x00000044   Code   RO         2796    i.Task_ShowYesOrNo  main.o
    0x0000e2e0   0x0000012c   Code   RO         2797    i.Task_TaskManage   main.o
    0x0000e40c   0x00000018   Code   RO         2798    i.Task_Waiting      main.o
    0x0000e424   0x00000040   Code   RO         1922    i.Tools_GetCRC16    cheakout.o
    0x0000e464   0x0000005c   Code   RO         1423    i.Tos_ComputeCPURate  tos.o
    0x0000e4c0   0x0000000c   Code   RO         2799    i.Tos_GetFontHandle  main.o
    0x0000e4cc   0x0000004e   Code   RO         2800    i.Tos_GetKeyValue   main.o
    0x0000e51a   0x00000002   PAD
    0x0000e51c   0x0000000c   Code   RO         2801    i.Tos_GetStyleHandle  main.o
    0x0000e528   0x00000038   Code   RO         1424    i.Tos_GetTaskIDByName  tos.o
    0x0000e560   0x00000098   Code   RO         1425    i.Tos_Init          tos.o
    0x0000e5f8   0x00000020   Code   RO         1426    i.Tos_ListCreate    tos.o
    0x0000e618   0x00000012   Code   RO         1427    i.Tos_RootTask      tos.o
    0x0000e62a   0x00000002   PAD
    0x0000e62c   0x00000038   Code   RO         1639    i.Tos_ScanTimer     tos_timer.o
    0x0000e664   0x00000030   Code   RO         1429    i.Tos_Start         tos.o
    0x0000e694   0x00000050   Code   RO         1430    i.Tos_SysTick       tos.o
    0x0000e6e4   0x000000d0   Code   RO         1431    i.Tos_TaskCreate    tos.o
    0x0000e7b4   0x00000064   Code   RO         1432    i.Tos_TaskCreateFindID  tos.o
    0x0000e818   0x00000060   Code   RO         1433    i.Tos_TaskCreateQmsg  tos.o
    0x0000e878   0x00000058   Code   RO         1434    i.Tos_TaskDelay     tos.o
    0x0000e8d0   0x00000090   Code   RO         1436    i.Tos_TaskDelete    tos.o
    0x0000e960   0x00000014   Code   RO         2804    i.Tos_TaskGetIO_InPut  main.o
    0x0000e974   0x0000006c   Code   RO         1438    i.Tos_TaskGetQMsg   tos.o
    0x0000e9e0   0x0000006c   Code   RO         1439    i.Tos_TaskGetQMsgDelay  tos.o
    0x0000ea4c   0x00000084   Code   RO         1441    i.Tos_TaskPutQmsg   tos.o
    0x0000ead0   0x000000c0   Code   RO         1443    i.Tos_TaskReady     tos.o
    0x0000eb90   0x00000034   Code   RO         1444    i.Tos_TaskRecover   tos.o
    0x0000ebc4   0x0000006c   Code   RO         1445    i.Tos_TaskResume    tos.o
    0x0000ec30   0x00000054   Code   RO         1446    i.Tos_TaskRun       tos.o
    0x0000ec84   0x0000006e   Code   RO         1448    i.Tos_TaskStackInit  tos.o
    0x0000ecf2   0x00000002   PAD
    0x0000ecf4   0x00000024   Code   RO         1449    i.Tos_TaskStart     tos.o
    0x0000ed18   0x0000004c   Code   RO         1450    i.Tos_TaskStop      tos.o
    0x0000ed64   0x0000007c   Code   RO         1451    i.Tos_TaskSuspend   tos.o
    0x0000ede0   0x000000a0   Code   RO         1452    i.Tos_TaskSwitch    tos.o
    0x0000ee80   0x00000012   Code   RO         1453    i.Tos_TaskTcbInit   tos.o
    0x0000ee92   0x00000002   PAD
    0x0000ee94   0x00000054   Code   RO         1454    i.Tos_TaskTimeout   tos.o
    0x0000eee8   0x00000054   Code   RO         1640    i.Tos_TimerReady    tos_timer.o
    0x0000ef3c   0x00000044   Code   RO         1292    i.UART0_IRQHandler  usart_driver.o
    0x0000ef80   0x00000012   Code   RO          931    i.UART_ConfigStructInit  lpc177x_8x_uart.o
    0x0000ef92   0x00000002   PAD
    0x0000ef94   0x000000ac   Code   RO          933    i.UART_FIFOConfig   lpc177x_8x_uart.o
    0x0000f040   0x0000000e   Code   RO          934    i.UART_FIFOConfigStructInit  lpc177x_8x_uart.o
    0x0000f04e   0x00000002   PAD
    0x0000f050   0x0000021c   Code   RO          941    i.UART_Init         lpc177x_8x_uart.o
    0x0000f26c   0x000000a4   Code   RO          942    i.UART_IntConfig    lpc177x_8x_uart.o
    0x0000f310   0x00000048   Code   RO          952    i.UART_ReceiveByte  lpc177x_8x_uart.o
    0x0000f358   0x000000e4   Code   RO          953    i.UART_Send         lpc177x_8x_uart.o
    0x0000f43c   0x00000048   Code   RO          954    i.UART_SendByte     lpc177x_8x_uart.o
    0x0000f484   0x0000008c   Code   RO          955    i.UART_TxCmd        lpc177x_8x_uart.o
    0x0000f510   0x00000068   Code   RO         1293    i.USART_Configuration  usart_driver.o
    0x0000f578   0x000000a0   Code   RO         1294    i.USART_ConfigurationAll  usart_driver.o
    0x0000f618   0x00000072   Code   RO         1295    i.USART_GPIO_Init   usart_driver.o
    0x0000f68a   0x00000028   Code   RO         1296    i.USART_GPIO_InitAll  usart_driver.o
    0x0000f6b2   0x00000028   Code   RO         1297    i.USART_GetIndex    usart_driver.o
    0x0000f6da   0x00000028   Code   RO         1298    i.USART_GetTypeDef  usart_driver.o
    0x0000f702   0x00000016   Code   RO         1301    i.USART_WriteDatas  usart_driver.o
    0x0000f718   0x00000036   Code   RO         1302    i.USART_WriteLine   usart_driver.o
    0x0000f74e   0x00000002   PAD
    0x0000f750   0x00000038   Code   RO         2805    i.WR_CMD            main.o
    0x0000f788   0x00000034   Code   RO         2628    i._InitController   lcdconf.o
    0x0000f7bc   0x00000018   Code   RO         2629    i._SetDisplayOrigin  lcdconf.o
    0x0000f7d4   0x00000024   Code   RO         5105    i.__0vsprintf       mc_w.l(printfa.o)
    0x0000f7f8   0x0000000e   Code   RO         5233    i.__scatterload_copy  mc_w.l(handlers.o)
    0x0000f806   0x00000002   Code   RO         5234    i.__scatterload_null  mc_w.l(handlers.o)
    0x0000f808   0x0000000e   Code   RO         5235    i.__scatterload_zeroinit  mc_w.l(handlers.o)
    0x0000f816   0x00000002   PAD
    0x0000f818   0x0000015c   Code   RO         5106    i._fp_digits        mc_w.l(printfa.o)
    0x0000f974   0x000006f0   Code   RO         5107    i._printf_core      mc_w.l(printfa.o)
    0x00010064   0x00000026   Code   RO         5108    i._printf_post_padding  mc_w.l(printfa.o)
    0x0001008a   0x00000030   Code   RO         5109    i._printf_pre_padding  mc_w.l(printfa.o)
    0x000100ba   0x0000000a   Code   RO         5111    i._sputc            mc_w.l(printfa.o)
    0x000100c4   0x00000024   Code   RO         2806    i.main              main.o
    0x000100e8   0x00000050   Code   RO          821    i.setSSPclock       lpc177x_8x_ssp.o
    0x00010138   0x00000030   Code   RO          956    i.uart_get_pointer  lpc177x_8x_uart.o
    0x00010168   0x000001e8   Code   RO          957    i.uart_set_divisors  lpc177x_8x_uart.o
    0x00010350   0x00000200   Data   RO         1926    .constdata          cheakout.o
    0x00010550   0x00010abc   Data   RO         2809    .constdata          main.o
    0x0002100c   0x000004e1   Data   RO         2810    .conststring        main.o
    0x000214ed   0x00000003   PAD
    0x000214f0   0x00000018   Data   RO         3636    .rodata             emWin_516_Keil4_M3_LE.lib(GUICC_M565.o)
    0x00021508   0x00000034   Data   RO         3815    .rodata             emWin_516_Keil4_M3_LE.lib(GUIDRV_Lin_16.o)
    0x0002153c   0x00000100   Data   RO         3927    .rodata             emWin_516_Keil4_M3_LE.lib(GUI__DivTbl_255_31.o)
    0x0002163c   0x00000100   Data   RO         3933    .rodata             emWin_516_Keil4_M3_LE.lib(GUI__DivTbl_255_63.o)
    0x0002173c   0x00000020   Data   RO         3939    .rodata             emWin_516_Keil4_M3_LE.lib(GUI__DivTbl_31_255.o)
    0x0002175c   0x00000040   Data   RO         3945    .rodata             emWin_516_Keil4_M3_LE.lib(GUI__DivTbl_63_255.o)
    0x0002179c   0x0000000c   Data   RO         3959    .rodata             emWin_516_Keil4_M3_LE.lib(LCD.o)
    0x000217a8   0x00000100   Data   RO         4018    .rodata             emWin_516_Keil4_M3_LE.lib(LCD_Mirror.o)
    0x000218a8   0x0000073c   Data   RO         4022    .rodata             emWin_516_Keil4_M3_LE.lib(F6x8.o)
    0x00021fe4   0x00000018   Data   RO         4129    .rodata             emWin_516_Keil4_M3_LE.lib(GUICC_0.o)
    0x00021ffc   0x00000018   Data   RO         4465    .rodata             emWin_516_Keil4_M3_LE.lib(GUICC_8888.o)
    0x00022014   0x00000020   Data   RO         5231    Region$$Table       anon$$obj.o


    Execution Region RW_IRAM1 (Base: 0x10000000, Size: 0x0000a850, Max: 0x00010000, ABSOLUTE, COMPRESSED[0x00000058])

    Base Addr    Size         Type   Attr      Idx    E Section Name        Object

    0x10000000   0x00000010   Data   RW         1125    .data               system_lpc177x_8x.o
    0x10000010   0x00000014   Data   RW         1304    .data               usart_driver.o
    0x10000024   0x0000002c   Data   RW         1456    .data               tos.o
    0x10000050   0x00000004   Data   RW         1641    .data               tos_timer.o
    0x10000054   0x00000004   Data   RW         1711    .data               tos_mema.o
    0x10000058   0x00000008   Data   RW         1758    .data               tos_device.o
    0x10000060   0x00000008   Data   RW         1830    .data               debug.o
    0x10000068   0x00000004   Data   RW         2511    .data               gui_x.o
    0x1000006c   0x00000040   Data   RW         2811    .data               main.o
    0x100000ac   0x00000014   Data   RW         3649    .data               emWin_516_Keil4_M3_LE.lib(GUI_Alloc.o)
    0x100000c0   0x0000000c   Data   RW         3697    .data               emWin_516_Keil4_M3_LE.lib(GUI_Core.o)
    0x100000cc   0x0000001c   Data   RW         3901    .data               emWin_516_Keil4_M3_LE.lib(GUI_Task.o)
    0x100000e8   0x00000004   Data   RW         3960    .data               emWin_516_Keil4_M3_LE.lib(LCD.o)
    0x100000ec   0x00000004   Data   RW         3988    .data               emWin_516_Keil4_M3_LE.lib(LCD_AA.o)
    0x100000f0   0x00000010   Data   RW         4002    .data               emWin_516_Keil4_M3_LE.lib(LCD_Color.o)
    0x10000100   0x00000004   Data   RW         4003    .data               emWin_516_Keil4_M3_LE.lib(LCD_Color.o)
    0x10000104   0x00000004   Data   RW         4004    .data               emWin_516_Keil4_M3_LE.lib(LCD_Color.o)
    0x10000108   0x00000064   Data   RW         4171    .data               emWin_516_Keil4_M3_LE.lib(GUI_OnKey.o)
    0x1000016c   0x00000008   Data   RW         4229    .data               emWin_516_Keil4_M3_LE.lib(GUI_WaitEvent.o)
    0x10000174   0x00000001   Data   RW         4326    .data               emWin_516_Keil4_M3_LE.lib(GUIDEV_StaticDevices.o)
    0x10000175   0x00000003   PAD
    0x10000178   0x0000003c   Zero   RW         1303    .bss                usart_driver.o
    0x100001b4   0x00009c40   Zero   RW         1710    .bss                tos_mema.o
    0x10009df4   0x00000074   Zero   RW         2808    .bss                main.o
    0x10009e68   0x0000003c   Zero   RW         3616    .bss                emWin_516_Keil4_M3_LE.lib(GUIAA_Lib.o)
    0x10009ea4   0x000000bc   Zero   RW         3647    .bss                emWin_516_Keil4_M3_LE.lib(GUI_Alloc.o)
    0x10009f60   0x000000e0   Zero   RW         3689    .bss                emWin_516_Keil4_M3_LE.lib(GUI_Core.o)
    0x1000a040   0x00000004   Zero   RW         3690    .bss                emWin_516_Keil4_M3_LE.lib(GUI_Core.o)
    0x1000a044   0x00000004   Zero   RW         3691    .bss                emWin_516_Keil4_M3_LE.lib(GUI_Core.o)
    0x1000a048   0x00000004   Zero   RW         3694    .bss                emWin_516_Keil4_M3_LE.lib(GUI_Core.o)
    0x1000a04c   0x00000002   Zero   RW         3695    .bss                emWin_516_Keil4_M3_LE.lib(GUI_Core.o)
    0x1000a04e   0x00000002   Zero   RW         3696    .bss                emWin_516_Keil4_M3_LE.lib(GUI_Core.o)
    0x1000a050   0x00000010   Zero   RW         3699    .bss                emWin_516_Keil4_M3_LE.lib(GUI_Core.o)
    0x1000a060   0x00000078   Zero   RW         4051    .bss                emWin_516_Keil4_M3_LE.lib(WM.o)
    0x1000a0d8   0x00000040   Zero   RW         4052    .bss                emWin_516_Keil4_M3_LE.lib(WM.o)
    0x1000a118   0x00000080   Zero   RW         4053    .bss                emWin_516_Keil4_M3_LE.lib(WM.o)
    0x1000a198   0x00000019   Zero   RW         4055    .bss                emWin_516_Keil4_M3_LE.lib(WM.o)
    0x1000a1b1   0x00000003   PAD
    0x1000a1b4   0x00000040   Zero   RW         4201    .bss                emWin_516_Keil4_M3_LE.lib(GUI_SelectLayer.o)
    0x1000a1f4   0x00000004   Zero   RW         4228    .bss                emWin_516_Keil4_M3_LE.lib(GUI_WaitEvent.o)
    0x1000a1f8   0x00000040   Zero   RW         4257    .bss                emWin_516_Keil4_M3_LE.lib(GUI__ManageCache.o)
    0x1000a238   0x00000080   Zero   RW         4437    .bss                emWin_516_Keil4_M3_LE.lib(WM_Touch.o)
    0x1000a2b8   0x00000080   Zero   RW         4438    .bss                emWin_516_Keil4_M3_LE.lib(WM_Touch.o)
    0x1000a338   0x00000080   Zero   RW         4439    .bss                emWin_516_Keil4_M3_LE.lib(WM_Touch.o)
    0x1000a3b8   0x00000004   Zero   RW         4457    .bss                emWin_516_Keil4_M3_LE.lib(WM__SendMessage.o)
    0x1000a3bc   0x00000064   Zero   RW         4547    .bss                emWin_516_Keil4_M3_LE.lib(GUI_SetAlpha.o)
    0x1000a420   0x00000014   Zero   RW         4624    .bss                emWin_516_Keil4_M3_LE.lib(GUI_Timer.o)
    0x1000a434   0x0000001c   Zero   RW         5025    .bss                emWin_516_Keil4_M3_LE.lib(GUI__Alpha.o)
    0x1000a450   0x00000400   Zero   RW         1160    STACK               startup_lpc177x_8x.o


==============================================================================

Image component sizes


      Code (inc. data)   RO Data    RW Data    ZI Data      Debug   Object Name

       194          8          0          0          0       2654   appconfig.o
        64          8        512          0          0       1141   cheakout.o
       130          6          0          0          0      10819   cpu.o
       440         28          0          8          0       2108   debug.o
        68          6          0          4          0      47623   gui_x.o
        28          6          0          0          0        391   guiconf.o
       242         22          0          0          0       3033   lcdconf.o
       112         28          0          0          0       1060   lpc177x_8x_clkpwr.o
       944         44          0          0          0       4490   lpc177x_8x_eeprom.o
         0          0          0          0          0       2340   lpc177x_8x_emc.o
       196         12          0          0          0       5356   lpc177x_8x_gpio.o
       260         18          0          0          0       2363   lpc177x_8x_pinsel.o
       270         20          0          0          0       7833   lpc177x_8x_ssp.o
       190          0          0          0          0      29433   lpc177x_8x_systick.o
      1956        200          0          0          0      15307   lpc177x_8x_uart.o
     12550       1080      69533         64        116      65300   main.o
       460         34          0          0          0       1199   sdram_k4s561632c_32m_16bit.o
        40         12        228          0       1024        940   startup_lpc177x_8x.o
       244         64          0         16          0        925   system_lpc177x_8x.o
      2506        242          0         44          0      15003   tos.o
        80         10          0          0          0        224   tos_core_a.o
       248         20          0          8          0       2332   tos_device.o
       152         14          0          4      40000       2292   tos_mema.o
       140         10          0          4          0       1943   tos_timer.o
       788         18          0          0          0       7985   tts.o
      1022         98          0         20         60      39057   usart_driver.o

    ----------------------------------------------------------------------
     23356       2008      70308        172      41200     273151   Object Totals
         0          0         32          0          0          0   (incl. Generated)
        32          0          3          0          0          0   (incl. Padding)

    ----------------------------------------------------------------------

      Code (inc. data)   RO Data    RW Data    ZI Data      Debug   Library Member Name

         0          0       1852          0          0          0   F6x8.o
       404          4          0          0          0        172   GUIAA_FillRoundedRect.o
       752         20          0          0         60        788   GUIAA_Lib.o
       240          4         24          0          0        352   GUICC_0.o
        40          0         24          0          0        240   GUICC_8888.o
         2          0          0          0          0         60   GUICC_8888_Index2Color.o
         2          0          0          0          0         60   GUICC_888_Index2Color.o
       172         16         24          0          0        280   GUICC_M565.o
        44          8          0          0          0         60   GUICC_M565_Index2Color.o
       878          8          0          0          0        852   GUIDEV.o
      2364        132          0          0          0       1220   GUIDEV_16.o
      2380        132          0          0          0       1380   GUIDEV_32.o
       262          4          0          0          0        168   GUIDEV_Banding.o
        68          4          0          0          0         68   GUIDEV_Clear.o
        60          0          0          0          0         88   GUIDEV_CreateFixed.o
        36          0          0          0          0         72   GUIDEV_GetDataPtr.o
        96          8          0          0          0        212   GUIDEV_GetPos.o
        52          4          0          0          0         72   GUIDEV_GetXSize.o
        52          4          0          0          0         72   GUIDEV_GetYSize.o
        56          4          0          0          0         72   GUIDEV_ReduceYSize.o
       108          4          0          0          0         72   GUIDEV_SetOrg.o
      1130         12          0          1          0        824   GUIDEV_StaticDevices.o
       128          4          0          0          0        220   GUIDEV_Usage.o
       436         24          0          0          0        424   GUIDEV_UsageBM.o
       132          4          0          0          0        140   GUIDEV_Write.o
       260          8          0          0          0         88   GUIDEV_WriteToActiveAlpha.o
      1624         12          0          0          0        336   GUIDEV_WriteToActiveOpaque.o
      3044        194         52          0          0       2804   GUIDRV_Lin_16.o
        46          0          0          0          0         72   GUI_ALLOC_AllocZero.o
      2584        604          0         20        188       2232   GUI_Alloc.o
        62          0          0          0          0         60   GUI_CalcColorDist.o
       380          8          0          0          0        268   GUI_CharM.o
       396         32          0         12        256        536   GUI_Core.o
       332          4          0          0          0        472   GUI_Device.o
         2          0          0          0          0         36   GUI_Error.o
        56          4          0          0          0        136   GUI_Exec.o
        60          8          0          0          0        136   GUI_GetOrg.o
        64          4          0          0          0        276   GUI_Goto.o
        92          0          0          0          0         80   GUI_MergeRect.o
        28          0          0          0          0         60   GUI_MoveRect.o
       208          4          0        100          0        476   GUI_OnKey.o
        80          8          0          0          0        416   GUI_Pen.o
        56          0          0          0          0         60   GUI_RectsIntersect.o
        26          8          0          0          0        180   GUI_SaveContext.o
        26          0          0          0          0         72   GUI_SelectLCD.o
       242         12          0          0         64        712   GUI_SelectLayer.o
      2796         72          0          0        100       2076   GUI_SetAlpha.o
        38          0          0          0          0        208   GUI_SetColor.o
        82          4          0          0          0        144   GUI_SetDefault.o
        24          0          0          0          0         68   GUI_SetDrawMode.o
        28          4          0          0          0         72   GUI_SetFont.o
        28          4          0          0          0         72   GUI_SetLineStyle.o
        60         12          0          0          0         76   GUI_SetOrg.o
        28          4          0          0          0         72   GUI_SetTextAlign.o
        28          4          0          0          0         72   GUI_SetTextMode.o
       320         12          0         28          0        484   GUI_Task.o
       100          4          0          0          0        136   GUI_Time.o
      1050         16          0          0         20       1168   GUI_Timer.o
        60         20          0          0          0        312   GUI_UC_EncodeNone.o
       132         12          0          8          4        316   GUI_WaitEvent.o
       548         20          0          0         28        448   GUI__Alpha.o
       616          0          0          0          0        152   GUI__CompactPixelIndices.o
         0          0        256          0          0          0   GUI__DivTbl_255_31.o
         0          0        256          0          0          0   GUI__DivTbl_255_63.o
         0          0         32          0          0          0   GUI__DivTbl_31_255.o
         0          0         64          0          0          0   GUI__DivTbl_63_255.o
       574          0          0          0          0        248   GUI__ExpandPixelIndices.o
        64          0          0          0          0         60   GUI__IntersectRect.o
        98          0          0          0          0         72   GUI__IntersectRects.o
       192          8          0          0         64        136   GUI__ManageCache.o
       196          4          0          0          0        152   GUI__SetPixelAlpha.o
        84          0          0          0          0         72   GUI__memset.o
        66          0          0          0          0         72   GUI__memset16.o
      1572         20         12          4          0       1472   LCD.o
       476         16          0          4          0        356   LCD_AA.o
       272         16          0         24          0        412   LCD_Color.o
       440          4          0          0          0       2404   LCD_GetEx.o
        26          0          0          0          0         72   LCD_GetNumDisplays.o
       112          4          0          0          0        144   LCD_GetP.o
        14          0          0          0          0         72   LCD_GetPixelColor.o
         0          0        256          0          0          0   LCD_Mirror.o
       662          4          0          0          0        400   LCD_ReadRect.o
        60          4          0          0          0         72   LCD_SelectLCD.o
       696          4          0          0          0       1684   LCD_Set.o
        44          4          0          0          0         76   LCD_SetClipRectEx.o
        32          4          0          0          0         72   LCD_UpdateColorIndices.o
      4956         84          0          0        337       3708   WM.o
       140          0          0          0          0         84   WM_BringToBottom.o
        48          4          0          0          0        120   WM_CriticalHandle.o
       110          8          0          0          0        292   WM_GetClientRect.o
        20          8          0          0          0         60   WM_GetDesktopWindow.o
        26          0          0          0          0         68   WM_GetFirstChild.o
        26          0          0          0          0         68   WM_GetParent.o
        88          8          0          0          0        156   WM_GetWindowRect.o
       372          0          0          0          0        464   WM_Move.o
        20          0          0          0          0         72   WM_NotifyParent.o
        64          8          0          0          0         80   WM_OnKey.o
       250          0          0          0          0         80   WM_ResizeWindow.o
        26          0          0          0          0         76   WM_SendMessageNoPara.o
        38          0          0          0          0         84   WM_SendToParent.o
        16          4          0          0          0         60   WM_SetCreateFlags.o
        74          0          0          0          0         76   WM_SetSize.o
       374          4          0          0          0        448   WM_Timer.o
         0          0          0          0        384          0   WM_Touch.o
        16          0          0          0          0         68   WM__GetFirstSibling.o
        36          8          0          0          0        180   WM__GetOrg_AA.o
        34          0          0          0          0         72   WM__GetPrevSibling.o
        64          4          0          0          4         92   WM__SendMessage.o
        44          0          0          0          0         80   WM__SendMessageNoPara.o
       216          0          0          0          0         88   WM__UpdateChildPositions.o
        92          0          0          0          0          0   __dczerorl2.o
         0          0          0          0          0          0   entry.o
         0          0          0          0          0          0   entry10a.o
         0          0          0          0          0          0   entry11a.o
         8          4          0          0          0          0   entry2.o
         4          0          0          0          0          0   entry5.o
         0          0          0          0          0          0   entry7b.o
         0          0          0          0          0          0   entry8b.o
         8          4          0          0          0          0   entry9a.o
        30          0          0          0          0          0   handlers.o
        36          8          0          0          0         68   init.o
         0          0          0          0          0          0   iusefp.o
        30          0          0          0          0         68   llshl.o
        36          0          0          0          0         68   llsshr.o
        32          0          0          0          0         68   llushr.o
        64          0          0          0          0         76   memmovea.o
        36          0          0          0          0        108   memseta.o
      2256         86          0          0          0        508   printfa.o
        44          0          0          0          0         80   uidiv.o
        98          0          0          0          0         92   uldiv.o
        40          2          0          0          0         68   cdrcmple.o
        20          0          0          0          0         68   cfrcmple.o
        56          0          0          0          0         88   d2f.o
       334          0          0          0          0        148   dadd.o
       222          0          0          0          0        100   ddiv.o
       190          0          0          0          0        176   depilogue.o
        62          0          0          0          0         80   dfixi.o
        48          0          0          0          0         68   dfixul.o
       228          0          0          0          0         96   dmul.o
        38          0          0          0          0         68   f2d.o
       176          0          0          0          0        140   fadd.o
       108          0          0          0          0        168   fepilogue.o
        50          0          0          0          0         68   ffixi.o
        40          0          0          0          0         68   ffixui.o
        18          0          0          0          0         68   fflti.o
        10          0          0          0          0         68   ffltui.o
       108          0          0          0          0         76   fmul.o

    ----------------------------------------------------------------------
     42800       1834       2852        204       1512      40728   Library Totals
        40          0          0          3          3          0   (incl. Padding)

    ----------------------------------------------------------------------

      Code (inc. data)   RO Data    RW Data    ZI Data      Debug   Library Name

     38238       1730       2852        201       1509      37976   emWin_516_Keil4_M3_LE.lib
      2774        102          0          0          0       1136   mc_w.l
      1748          2          0          0          0       1616   mf_w.l

    ----------------------------------------------------------------------
     42800       1834       2852        204       1512      40728   Library Totals

    ----------------------------------------------------------------------

==============================================================================


      Code (inc. data)   RO Data    RW Data    ZI Data      Debug   

     66156       3842      73160        376      42712     277983   Grand Totals
     66156       3842      73160         88      42712     277983   ELF Image Totals (compressed)
     66156       3842      73160         88          0          0   ROM Totals

==============================================================================

    Total RO  Size (Code + RO Data)               139316 ( 136.05kB)
    Total RW  Size (RW Data + ZI Data)             43088 (  42.08kB)
    Total ROM Size (Code + RO Data + RW Data)     139404 ( 136.14kB)

==============================================================================

